../Core/Src/main.c:73:6:HAL_UART_RxCpltCallback	5
../Core/Src/main.c:108:6:TrimEx	9
../Core/Src/main.c:126:8:Trim	9
../Core/Src/main.c:138:6:ToUpper	4
../Core/Src/main.c:148:6:ToLower	4
../Core/Src/main.c:154:6:CheckCMD	4
../Core/Src/main.c:183:5:main	1
../Core/Src/main.c:238:6:SystemClock_Config	3
../Core/Src/main.c:285:13:MX_USART1_UART_Init	2
../Core/Src/main.c:318:13:MX_USART2_UART_Init	2
../Core/Src/main.c:349:13:MX_DMA_Init	1
../Core/Src/main.c:371:13:MX_GPIO_Init	1
../Core/Src/main.c:411:6:Error_Handler	1
