15:13:28 **** Incremental Build of configuration Debug for project Test009-Bluetooth ****
make -j24 all 
arm-none-eabi-gcc "../Core/Src/main.c" -mcpu=cortex-m4 -std=gnu11 -g3 -DDEBUG -DUSE_HAL_DRIVER -DSTM32F411xE -c -I../Core/Inc -I../Drivers/STM32F4xx_HAL_Driver/Inc -I../Drivers/STM32F4xx_HAL_Driver/Inc/Legacy -I../Drivers/CMSIS/Device/ST/STM32F4xx/Include -I../Drivers/CMSIS/Include -O0 -ffunction-sections -fdata-sections -Wall -fstack-usage -fcyclomatic-complexity -MMD -MP -MF"Core/Src/main.d" -MT"Core/Src/main.o" --specs=nano.specs -mfpu=fpv4-sp-d16 -mfloat-abi=hard -mthumb -o "Core/Src/main.o"
../Core/Src/main.c: In function 'HAL_UART_RxCpltCallback':
../Core/Src/main.c:78:36: warning: pointer targets in passing argument 2 of 'HAL_UART_Transmit' differ in signedness [-Wpointer-sign]
   78 |         HAL_UART_Transmit(&huart2, &dum1, 1, 10);
      |                                    ^~~~~
      |                                    |
      |                                    char *
In file included from ../Core/Inc/stm32f4xx_hal_conf.h:411,
                 from ../Drivers/STM32F4xx_HAL_Driver/Inc/stm32f4xx_hal.h:29,
                 from ../Core/Inc/main.h:30,
                 from ../Core/Src/main.c:20:
../Drivers/STM32F4xx_HAL_Driver/Inc/stm32f4xx_hal_uart.h:745:79: note: expected 'const uint8_t *' {aka 'const unsigned char *'} but argument is of type 'char *'
  745 | HAL_StatusTypeDef HAL_UART_Transmit(UART_HandleTypeDef *huart, const uint8_t *pData, uint16_t Size, uint32_t Timeout);
      |                                                                ~~~~~~~~~~~~~~~^~~~~
../Core/Src/main.c:81:15: warning: implicit declaration of function 'CheckCMD' [-Wimplicit-function-declaration]
   81 |               CheckCMD(buf1);
      |               ^~~~~~~~
../Core/Src/main.c:84:38: warning: pointer targets in passing argument 2 of 'HAL_UART_Receive_IT' differ in signedness [-Wpointer-sign]
   84 |         HAL_UART_Receive_IT(&huart1, &dum1, 1); //when dum1 is full with size of 1, interrupt starts
      |                                      ^~~~~
      |                                      |
      |                                      char *
In file included from ../Core/Inc/stm32f4xx_hal_conf.h:411,
                 from ../Drivers/STM32F4xx_HAL_Driver/Inc/stm32f4xx_hal.h:29,
                 from ../Core/Inc/main.h:30,
                 from ../Core/Src/main.c:20:
../Drivers/STM32F4xx_HAL_Driver/Inc/stm32f4xx_hal_uart.h:748:75: note: expected 'uint8_t *' {aka 'unsigned char *'} but argument is of type 'char *'
  748 | HAL_StatusTypeDef HAL_UART_Receive_IT(UART_HandleTypeDef *huart, uint8_t *pData, uint16_t Size);
      |                                                                  ~~~~~~~~~^~~~~
../Core/Src/main.c:90:36: warning: pointer targets in passing argument 2 of 'HAL_UART_Transmit' differ in signedness [-Wpointer-sign]
   90 |         HAL_UART_Transmit(&huart2, &dum2, 1, 10);
      |                                    ^~~~~
      |                                    |
      |                                    char *
In file included from ../Core/Inc/stm32f4xx_hal_conf.h:411,
                 from ../Drivers/STM32F4xx_HAL_Driver/Inc/stm32f4xx_hal.h:29,
                 from ../Core/Inc/main.h:30,
                 from ../Core/Src/main.c:20:
../Drivers/STM32F4xx_HAL_Driver/Inc/stm32f4xx_hal_uart.h:745:79: note: expected 'const uint8_t *' {aka 'const unsigned char *'} but argument is of type 'char *'
  745 | HAL_StatusTypeDef HAL_UART_Transmit(UART_HandleTypeDef *huart, const uint8_t *pData, uint16_t Size, uint32_t Timeout);
      |                                                                ~~~~~~~~~~~~~~~^~~~~
../Core/Src/main.c:93:41: warning: pointer targets in passing argument 2 of 'HAL_UART_Transmit' differ in signedness [-Wpointer-sign]
   93 |             HAL_UART_Transmit (&huart2, "\n", 1, 10); //Terminal Echo
      |                                         ^~~~
      |                                         |
      |                                         char *
In file included from ../Core/Inc/stm32f4xx_hal_conf.h:411,
                 from ../Drivers/STM32F4xx_HAL_Driver/Inc/stm32f4xx_hal.h:29,
                 from ../Core/Inc/main.h:30,
                 from ../Core/Src/main.c:20:
../Drivers/STM32F4xx_HAL_Driver/Inc/stm32f4xx_hal_uart.h:745:79: note: expected 'const uint8_t *' {aka 'const unsigned char *'} but argument is of type 'char *'
  745 | HAL_StatusTypeDef HAL_UART_Transmit(UART_HandleTypeDef *huart, const uint8_t *pData, uint16_t Size, uint32_t Timeout);
      |                                                                ~~~~~~~~~~~~~~~^~~~~
../Core/Src/main.c:96:40: warning: pointer targets in passing argument 2 of 'HAL_UART_Transmit' differ in signedness [-Wpointer-sign]
   96 |             HAL_UART_Transmit(&huart1, buf2, t2, 10); //AT Command
      |                                        ^~~~
      |                                        |
      |                                        char *
In file included from ../Core/Inc/stm32f4xx_hal_conf.h:411,
                 from ../Drivers/STM32F4xx_HAL_Driver/Inc/stm32f4xx_hal.h:29,
                 from ../Core/Inc/main.h:30,
                 from ../Core/Src/main.c:20:
../Drivers/STM32F4xx_HAL_Driver/Inc/stm32f4xx_hal_uart.h:745:79: note: expected 'const uint8_t *' {aka 'const unsigned char *'} but argument is of type 'char *'
  745 | HAL_StatusTypeDef HAL_UART_Transmit(UART_HandleTypeDef *huart, const uint8_t *pData, uint16_t Size, uint32_t Timeout);
      |                                                                ~~~~~~~~~~~~~~~^~~~~
../Core/Src/main.c:101:38: warning: pointer targets in passing argument 2 of 'HAL_UART_Receive_IT' differ in signedness [-Wpointer-sign]
  101 |         HAL_UART_Receive_IT(&huart2, &dum2, 1);
      |                                      ^~~~~
      |                                      |
      |                                      char *
In file included from ../Core/Inc/stm32f4xx_hal_conf.h:411,
                 from ../Drivers/STM32F4xx_HAL_Driver/Inc/stm32f4xx_hal.h:29,
                 from ../Core/Inc/main.h:30,
                 from ../Core/Src/main.c:20:
../Drivers/STM32F4xx_HAL_Driver/Inc/stm32f4xx_hal_uart.h:748:75: note: expected 'uint8_t *' {aka 'unsigned char *'} but argument is of type 'char *'
  748 | HAL_StatusTypeDef HAL_UART_Receive_IT(UART_HandleTypeDef *huart, uint8_t *pData, uint16_t Size);
      |                                                                  ~~~~~~~~~^~~~~
../Core/Src/main.c: In function 'Trim':
../Core/Src/main.c:110:18: warning: implicit declaration of function 'strlen' [-Wimplicit-function-declaration]
  110 |     int h=0, t = strlen(s) - 1;
      |                  ^~~~~~
../Core/Src/main.c:21:1: note: include '<string.h>' or provide a declaration of 'strlen'
   20 | #include "main.h"
  +++ |+#include <string.h>
   21 | 
../Core/Src/main.c:110:18: warning: incompatible implicit declaration of built-in function 'strlen' [-Wbuiltin-declaration-mismatch]
  110 |     int h=0, t = strlen(s) - 1;
      |                  ^~~~~~
../Core/Src/main.c:110:18: note: include '<string.h>' or provide a declaration of 'strlen'
../Core/Src/main.c:122:5: warning: implicit declaration of function 'strncpy' [-Wimplicit-function-declaration]
  122 |     strncpy(dest, s+h, t-h+1);
      |     ^~~~~~~
../Core/Src/main.c:122:5: note: include '<string.h>' or provide a declaration of 'strncpy'
../Core/Src/main.c:122:5: warning: incompatible implicit declaration of built-in function 'strncpy' [-Wbuiltin-declaration-mismatch]
../Core/Src/main.c:122:5: note: include '<string.h>' or provide a declaration of 'strncpy'
../Core/Src/main.c: At top level:
../Core/Src/main.c:126:6: warning: conflicting types for 'CheckCMD'; have 'void(char *)'
  126 | void CheckCMD(char *str)        // ex) bb = " LED    1   "    ==>  str = "LED 1"
      |      ^~~~~~~~
../Core/Src/main.c:81:15: note: previous implicit declaration of 'CheckCMD' with type 'void(char *)'
   81 |               CheckCMD(buf1);
      |               ^~~~~~~~
../Core/Src/main.c: In function 'CheckCMD':
../Core/Src/main.c:131:8: warning: implicit declaration of function 'strncmp' [-Wimplicit-function-declaration]
  131 |     if(strncmp(str, "LED", 3) == 0)
      |        ^~~~~~~
../Core/Src/main.c:131:8: note: include '<string.h>' or provide a declaration of 'strncmp'
../Core/Src/main.c:131:28: warning: 'strncmp' argument 3 type is 'int' where 'unsigned int' is expected in a call to built-in function declared without prototype [-Wbuiltin-declaration-mismatch]
  131 |     if(strncmp(str, "LED", 3) == 0)
      |                            ^
<built-in>: note: built-in 'strncmp' declared here
../Core/Src/main.c: In function 'main':
../Core/Src/main.c:178:3: warning: implicit declaration of function 'ProgramStart' [-Wimplicit-function-declaration]
  178 |   ProgramStart("Bluetooth");
      |   ^~~~~~~~~~~~
../Core/Src/main.c:181:32: warning: pointer targets in passing argument 2 of 'HAL_UART_Receive_IT' differ in signedness [-Wpointer-sign]
  181 |   HAL_UART_Receive_IT(&huart1, &dum1, 1); //when dum1 is full with size of 1, interrupt starts
      |                                ^~~~~
      |                                |
      |                                char *
In file included from ../Core/Inc/stm32f4xx_hal_conf.h:411,
                 from ../Drivers/STM32F4xx_HAL_Driver/Inc/stm32f4xx_hal.h:29,
                 from ../Core/Inc/main.h:30,
                 from ../Core/Src/main.c:20:
../Drivers/STM32F4xx_HAL_Driver/Inc/stm32f4xx_hal_uart.h:748:75: note: expected 'uint8_t *' {aka 'unsigned char *'} but argument is of type 'char *'
  748 | HAL_StatusTypeDef HAL_UART_Receive_IT(UART_HandleTypeDef *huart, uint8_t *pData, uint16_t Size);
      |                                                                  ~~~~~~~~~^~~~~
../Core/Src/main.c:182:32: warning: pointer targets in passing argument 2 of 'HAL_UART_Receive_IT' differ in signedness [-Wpointer-sign]
  182 |   HAL_UART_Receive_IT(&huart2, &dum2, 1);
      |                                ^~~~~
      |                                |
      |                                char *
In file included from ../Core/Inc/stm32f4xx_hal_conf.h:411,
                 from ../Drivers/STM32F4xx_HAL_Driver/Inc/stm32f4xx_hal.h:29,
                 from ../Core/Inc/main.h:30,
                 from ../Core/Src/main.c:20:
../Drivers/STM32F4xx_HAL_Driver/Inc/stm32f4xx_hal_uart.h:748:75: note: expected 'uint8_t *' {aka 'unsigned char *'} but argument is of type 'char *'
  748 | HAL_StatusTypeDef HAL_UART_Receive_IT(UART_HandleTypeDef *huart, uint8_t *pData, uint16_t Size);
      |                                                                  ~~~~~~~~~^~~~~
arm-none-eabi-gcc -o "Test009-Bluetooth.elf" @"objects.list"   -mcpu=cortex-m4 -T"C:\Users\user\source\repos\STM32\Test009-Bluetooth\STM32F411RETX_FLASH.ld" --specs=nosys.specs -Wl,-Map="Test009-Bluetooth.map" -Wl,--gc-sections -static --specs=nano.specs -mfpu=fpv4-sp-d16 -mfloat-abi=hard -mthumb -Wl,--start-group -lc -lm -Wl,--end-group
Finished building target: Test009-Bluetooth.elf
 
arm-none-eabi-size  Test009-Bluetooth.elf 
arm-none-eabi-objdump -h -S Test009-Bluetooth.elf  > "Test009-Bluetooth.list"
   text	   data	    bss	    dec	    hex	filename
  20000	    112	   2456	  22568	   5828	Test009-Bluetooth.elf
Finished building: default.size.stdout
 
Finished building: Test009-Bluetooth.list
 
15:13:32 **** Incremental Build of configuration Debug for project Test009-Bluetooth ****
make -j24 all 
arm-none-eabi-size  Test009-Bluetooth.elf 
   text	   data	    bss	    dec	    hex	filename
  20000	    112	   2456	  22568	   5828	Test009-Bluetooth.elf
Finished building: default.size.stdout
 
15:14:40 **** Incremental Build of configuration Debug for project Test009-Bluetooth ****
make -j24 all 
arm-none-eabi-gcc "../Core/Src/main.c" -mcpu=cortex-m4 -std=gnu11 -g3 -DDEBUG -DUSE_HAL_DRIVER -DSTM32F411xE -c -I../Core/Inc -I../Drivers/STM32F4xx_HAL_Driver/Inc -I../Drivers/STM32F4xx_HAL_Driver/Inc/Legacy -I../Drivers/CMSIS/Device/ST/STM32F4xx/Include -I../Drivers/CMSIS/Include -O0 -ffunction-sections -fdata-sections -Wall -fstack-usage -fcyclomatic-complexity -MMD -MP -MF"Core/Src/main.d" -MT"Core/Src/main.o" --specs=nano.specs -mfpu=fpv4-sp-d16 -mfloat-abi=hard -mthumb -o "Core/Src/main.o"
../Core/Src/main.c: In function 'HAL_UART_RxCpltCallback':
../Core/Src/main.c:78:36: warning: pointer targets in passing argument 2 of 'HAL_UART_Transmit' differ in signedness [-Wpointer-sign]
   78 |         HAL_UART_Transmit(&huart2, &dum1, 1, 10);
      |                                    ^~~~~
      |                                    |
      |                                    char *
In file included from ../Core/Inc/stm32f4xx_hal_conf.h:411,
                 from ../Drivers/STM32F4xx_HAL_Driver/Inc/stm32f4xx_hal.h:29,
                 from ../Core/Inc/main.h:30,
                 from ../Core/Src/main.c:20:
../Drivers/STM32F4xx_HAL_Driver/Inc/stm32f4xx_hal_uart.h:745:79: note: expected 'const uint8_t *' {aka 'const unsigned char *'} but argument is of type 'char *'
  745 | HAL_StatusTypeDef HAL_UART_Transmit(UART_HandleTypeDef *huart, const uint8_t *pData, uint16_t Size, uint32_t Timeout);
      |                                                                ~~~~~~~~~~~~~~~^~~~~
../Core/Src/main.c:81:15: warning: implicit declaration of function 'CheckCMD' [-Wimplicit-function-declaration]
   81 |               CheckCMD(buf1);
      |               ^~~~~~~~
../Core/Src/main.c:84:38: warning: pointer targets in passing argument 2 of 'HAL_UART_Receive_IT' differ in signedness [-Wpointer-sign]
   84 |         HAL_UART_Receive_IT(&huart1, &dum1, 1); //when dum1 is full with size of 1, interrupt starts
      |                                      ^~~~~
      |                                      |
      |                                      char *
In file included from ../Core/Inc/stm32f4xx_hal_conf.h:411,
                 from ../Drivers/STM32F4xx_HAL_Driver/Inc/stm32f4xx_hal.h:29,
                 from ../Core/Inc/main.h:30,
                 from ../Core/Src/main.c:20:
../Drivers/STM32F4xx_HAL_Driver/Inc/stm32f4xx_hal_uart.h:748:75: note: expected 'uint8_t *' {aka 'unsigned char *'} but argument is of type 'char *'
  748 | HAL_StatusTypeDef HAL_UART_Receive_IT(UART_HandleTypeDef *huart, uint8_t *pData, uint16_t Size);
      |                                                                  ~~~~~~~~~^~~~~
../Core/Src/main.c:90:36: warning: pointer targets in passing argument 2 of 'HAL_UART_Transmit' differ in signedness [-Wpointer-sign]
   90 |         HAL_UART_Transmit(&huart2, &dum2, 1, 10);
      |                                    ^~~~~
      |                                    |
      |                                    char *
In file included from ../Core/Inc/stm32f4xx_hal_conf.h:411,
                 from ../Drivers/STM32F4xx_HAL_Driver/Inc/stm32f4xx_hal.h:29,
                 from ../Core/Inc/main.h:30,
                 from ../Core/Src/main.c:20:
../Drivers/STM32F4xx_HAL_Driver/Inc/stm32f4xx_hal_uart.h:745:79: note: expected 'const uint8_t *' {aka 'const unsigned char *'} but argument is of type 'char *'
  745 | HAL_StatusTypeDef HAL_UART_Transmit(UART_HandleTypeDef *huart, const uint8_t *pData, uint16_t Size, uint32_t Timeout);
      |                                                                ~~~~~~~~~~~~~~~^~~~~
../Core/Src/main.c:93:41: warning: pointer targets in passing argument 2 of 'HAL_UART_Transmit' differ in signedness [-Wpointer-sign]
   93 |             HAL_UART_Transmit (&huart2, "\n", 1, 10); //Terminal Echo
      |                                         ^~~~
      |                                         |
      |                                         char *
In file included from ../Core/Inc/stm32f4xx_hal_conf.h:411,
                 from ../Drivers/STM32F4xx_HAL_Driver/Inc/stm32f4xx_hal.h:29,
                 from ../Core/Inc/main.h:30,
                 from ../Core/Src/main.c:20:
../Drivers/STM32F4xx_HAL_Driver/Inc/stm32f4xx_hal_uart.h:745:79: note: expected 'const uint8_t *' {aka 'const unsigned char *'} but argument is of type 'char *'
  745 | HAL_StatusTypeDef HAL_UART_Transmit(UART_HandleTypeDef *huart, const uint8_t *pData, uint16_t Size, uint32_t Timeout);
      |                                                                ~~~~~~~~~~~~~~~^~~~~
../Core/Src/main.c:96:40: warning: pointer targets in passing argument 2 of 'HAL_UART_Transmit' differ in signedness [-Wpointer-sign]
   96 |             HAL_UART_Transmit(&huart1, buf2, t2, 10); //AT Command
      |                                        ^~~~
      |                                        |
      |                                        char *
In file included from ../Core/Inc/stm32f4xx_hal_conf.h:411,
                 from ../Drivers/STM32F4xx_HAL_Driver/Inc/stm32f4xx_hal.h:29,
                 from ../Core/Inc/main.h:30,
                 from ../Core/Src/main.c:20:
../Drivers/STM32F4xx_HAL_Driver/Inc/stm32f4xx_hal_uart.h:745:79: note: expected 'const uint8_t *' {aka 'const unsigned char *'} but argument is of type 'char *'
  745 | HAL_StatusTypeDef HAL_UART_Transmit(UART_HandleTypeDef *huart, const uint8_t *pData, uint16_t Size, uint32_t Timeout);
      |                                                                ~~~~~~~~~~~~~~~^~~~~
../Core/Src/main.c:101:38: warning: pointer targets in passing argument 2 of 'HAL_UART_Receive_IT' differ in signedness [-Wpointer-sign]
  101 |         HAL_UART_Receive_IT(&huart2, &dum2, 1);
      |                                      ^~~~~
      |                                      |
      |                                      char *
In file included from ../Core/Inc/stm32f4xx_hal_conf.h:411,
                 from ../Drivers/STM32F4xx_HAL_Driver/Inc/stm32f4xx_hal.h:29,
                 from ../Core/Inc/main.h:30,
                 from ../Core/Src/main.c:20:
../Drivers/STM32F4xx_HAL_Driver/Inc/stm32f4xx_hal_uart.h:748:75: note: expected 'uint8_t *' {aka 'unsigned char *'} but argument is of type 'char *'
  748 | HAL_StatusTypeDef HAL_UART_Receive_IT(UART_HandleTypeDef *huart, uint8_t *pData, uint16_t Size);
      |                                                                  ~~~~~~~~~^~~~~
../Core/Src/main.c: In function 'Trim':
../Core/Src/main.c:110:18: warning: implicit declaration of function 'strlen' [-Wimplicit-function-declaration]
  110 |     int h=0, t = strlen(s) - 1;
      |                  ^~~~~~
../Core/Src/main.c:21:1: note: include '<string.h>' or provide a declaration of 'strlen'
   20 | #include "main.h"
  +++ |+#include <string.h>
   21 | 
../Core/Src/main.c:110:18: warning: incompatible implicit declaration of built-in function 'strlen' [-Wbuiltin-declaration-mismatch]
  110 |     int h=0, t = strlen(s) - 1;
      |                  ^~~~~~
../Core/Src/main.c:110:18: note: include '<string.h>' or provide a declaration of 'strlen'
../Core/Src/main.c:122:5: warning: implicit declaration of function 'strncpy' [-Wimplicit-function-declaration]
  122 |     strncpy(dest, s+h, t-h+1);
      |     ^~~~~~~
../Core/Src/main.c:122:5: note: include '<string.h>' or provide a declaration of 'strncpy'
../Core/Src/main.c:122:5: warning: incompatible implicit declaration of built-in function 'strncpy' [-Wbuiltin-declaration-mismatch]
../Core/Src/main.c:122:5: note: include '<string.h>' or provide a declaration of 'strncpy'
../Core/Src/main.c: At top level:
../Core/Src/main.c:126:6: warning: conflicting types for 'CheckCMD'; have 'void(char *)'
  126 | void CheckCMD(char *str)        // ex) bb = " LED    1   "    ==>  str = "LED 1"
      |      ^~~~~~~~
../Core/Src/main.c:81:15: note: previous implicit declaration of 'CheckCMD' with type 'void(char *)'
   81 |               CheckCMD(buf1);
      |               ^~~~~~~~
../Core/Src/main.c: In function 'CheckCMD':
../Core/Src/main.c:131:8: warning: implicit declaration of function 'strncmp' [-Wimplicit-function-declaration]
  131 |     if(strncmp(str, "LED", 3) == 0)
      |        ^~~~~~~
../Core/Src/main.c:131:8: note: include '<string.h>' or provide a declaration of 'strncmp'
../Core/Src/main.c:131:28: warning: 'strncmp' argument 3 type is 'int' where 'unsigned int' is expected in a call to built-in function declared without prototype [-Wbuiltin-declaration-mismatch]
  131 |     if(strncmp(str, "LED", 3) == 0)
      |                            ^
<built-in>: note: built-in 'strncmp' declared here
../Core/Src/main.c: In function 'main':
../Core/Src/main.c:178:3: warning: implicit declaration of function 'ProgramStart' [-Wimplicit-function-declaration]
  178 |   ProgramStart("Bluetooth");
      |   ^~~~~~~~~~~~
../Core/Src/main.c:181:32: warning: pointer targets in passing argument 2 of 'HAL_UART_Receive_IT' differ in signedness [-Wpointer-sign]
  181 |   HAL_UART_Receive_IT(&huart1, &dum1, 1); //when dum1 is full with size of 1, interrupt starts
      |                                ^~~~~
      |                                |
      |                                char *
In file included from ../Core/Inc/stm32f4xx_hal_conf.h:411,
                 from ../Drivers/STM32F4xx_HAL_Driver/Inc/stm32f4xx_hal.h:29,
                 from ../Core/Inc/main.h:30,
                 from ../Core/Src/main.c:20:
../Drivers/STM32F4xx_HAL_Driver/Inc/stm32f4xx_hal_uart.h:748:75: note: expected 'uint8_t *' {aka 'unsigned char *'} but argument is of type 'char *'
  748 | HAL_StatusTypeDef HAL_UART_Receive_IT(UART_HandleTypeDef *huart, uint8_t *pData, uint16_t Size);
      |                                                                  ~~~~~~~~~^~~~~
../Core/Src/main.c:182:32: warning: pointer targets in passing argument 2 of 'HAL_UART_Receive_IT' differ in signedness [-Wpointer-sign]
  182 |   HAL_UART_Receive_IT(&huart2, &dum2, 1);
      |                                ^~~~~
      |                                |
      |                                char *
In file included from ../Core/Inc/stm32f4xx_hal_conf.h:411,
                 from ../Drivers/STM32F4xx_HAL_Driver/Inc/stm32f4xx_hal.h:29,
                 from ../Core/Inc/main.h:30,
                 from ../Core/Src/main.c:20:
../Drivers/STM32F4xx_HAL_Driver/Inc/stm32f4xx_hal_uart.h:748:75: note: expected 'uint8_t *' {aka 'unsigned char *'} but argument is of type 'char *'
  748 | HAL_StatusTypeDef HAL_UART_Receive_IT(UART_HandleTypeDef *huart, uint8_t *pData, uint16_t Size);
      |                                                                  ~~~~~~~~~^~~~~
arm-none-eabi-gcc -o "Test009-Bluetooth.elf" @"objects.list"   -mcpu=cortex-m4 -T"C:\Users\user\source\repos\STM32\Test009-Bluetooth\STM32F411RETX_FLASH.ld" --specs=nosys.specs -Wl,-Map="Test009-Bluetooth.map" -Wl,--gc-sections -static --specs=nano.specs -mfpu=fpv4-sp-d16 -mfloat-abi=hard -mthumb -Wl,--start-group -lc -lm -Wl,--end-group
Finished building target: Test009-Bluetooth.elf
 
arm-none-eabi-size  Test009-Bluetooth.elf 
arm-none-eabi-objdump -h -S Test009-Bluetooth.elf  > "Test009-Bluetooth.list"
   text	   data	    bss	    dec	    hex	filename
  19996	    112	   2456	  22564	   5824	Test009-Bluetooth.elf
Finished building: default.size.stdout
 
Finished building: Test009-Bluetooth.list
 
15:15:16 **** Incremental Build of configuration Debug for project Test009-Bluetooth ****
make -j24 all 
arm-none-eabi-size  Test009-Bluetooth.elf 
   text	   data	    bss	    dec	    hex	filename
  19996	    112	   2456	  22564	   5824	Test009-Bluetooth.elf
Finished building: default.size.stdout
 
15:16:01 **** Incremental Build of configuration Debug for project Test009-Bluetooth ****
make -j24 all 
arm-none-eabi-gcc "../Core/Src/main.c" -mcpu=cortex-m4 -std=gnu11 -g3 -DDEBUG -DUSE_HAL_DRIVER -DSTM32F411xE -c -I../Core/Inc -I../Drivers/STM32F4xx_HAL_Driver/Inc -I../Drivers/STM32F4xx_HAL_Driver/Inc/Legacy -I../Drivers/CMSIS/Device/ST/STM32F4xx/Include -I../Drivers/CMSIS/Include -O0 -ffunction-sections -fdata-sections -Wall -fstack-usage -fcyclomatic-complexity -MMD -MP -MF"Core/Src/main.d" -MT"Core/Src/main.o" --specs=nano.specs -mfpu=fpv4-sp-d16 -mfloat-abi=hard -mthumb -o "Core/Src/main.o"
../Core/Src/main.c: In function 'HAL_UART_RxCpltCallback':
../Core/Src/main.c:78:36: warning: pointer targets in passing argument 2 of 'HAL_UART_Transmit' differ in signedness [-Wpointer-sign]
   78 |         HAL_UART_Transmit(&huart2, &dum1, 1, 10);
      |                                    ^~~~~
      |                                    |
      |                                    char *
In file included from ../Core/Inc/stm32f4xx_hal_conf.h:411,
                 from ../Drivers/STM32F4xx_HAL_Driver/Inc/stm32f4xx_hal.h:29,
                 from ../Core/Inc/main.h:30,
                 from ../Core/Src/main.c:20:
../Drivers/STM32F4xx_HAL_Driver/Inc/stm32f4xx_hal_uart.h:745:79: note: expected 'const uint8_t *' {aka 'const unsigned char *'} but argument is of type 'char *'
  745 | HAL_StatusTypeDef HAL_UART_Transmit(UART_HandleTypeDef *huart, const uint8_t *pData, uint16_t Size, uint32_t Timeout);
      |                                                                ~~~~~~~~~~~~~~~^~~~~
../Core/Src/main.c:81:15: warning: implicit declaration of function 'CheckCMD' [-Wimplicit-function-declaration]
   81 |               CheckCMD(buf1);
      |               ^~~~~~~~
../Core/Src/main.c:84:38: warning: pointer targets in passing argument 2 of 'HAL_UART_Receive_IT' differ in signedness [-Wpointer-sign]
   84 |         HAL_UART_Receive_IT(&huart1, &dum1, 1); //when dum1 is full with size of 1, interrupt starts
      |                                      ^~~~~
      |                                      |
      |                                      char *
In file included from ../Core/Inc/stm32f4xx_hal_conf.h:411,
                 from ../Drivers/STM32F4xx_HAL_Driver/Inc/stm32f4xx_hal.h:29,
                 from ../Core/Inc/main.h:30,
                 from ../Core/Src/main.c:20:
../Drivers/STM32F4xx_HAL_Driver/Inc/stm32f4xx_hal_uart.h:748:75: note: expected 'uint8_t *' {aka 'unsigned char *'} but argument is of type 'char *'
  748 | HAL_StatusTypeDef HAL_UART_Receive_IT(UART_HandleTypeDef *huart, uint8_t *pData, uint16_t Size);
      |                                                                  ~~~~~~~~~^~~~~
../Core/Src/main.c:90:36: warning: pointer targets in passing argument 2 of 'HAL_UART_Transmit' differ in signedness [-Wpointer-sign]
   90 |         HAL_UART_Transmit(&huart2, &dum2, 1, 10);
      |                                    ^~~~~
      |                                    |
      |                                    char *
In file included from ../Core/Inc/stm32f4xx_hal_conf.h:411,
                 from ../Drivers/STM32F4xx_HAL_Driver/Inc/stm32f4xx_hal.h:29,
                 from ../Core/Inc/main.h:30,
                 from ../Core/Src/main.c:20:
../Drivers/STM32F4xx_HAL_Driver/Inc/stm32f4xx_hal_uart.h:745:79: note: expected 'const uint8_t *' {aka 'const unsigned char *'} but argument is of type 'char *'
  745 | HAL_StatusTypeDef HAL_UART_Transmit(UART_HandleTypeDef *huart, const uint8_t *pData, uint16_t Size, uint32_t Timeout);
      |                                                                ~~~~~~~~~~~~~~~^~~~~
../Core/Src/main.c:93:41: warning: pointer targets in passing argument 2 of 'HAL_UART_Transmit' differ in signedness [-Wpointer-sign]
   93 |             HAL_UART_Transmit (&huart2, "\n", 1, 10); //Terminal Echo
      |                                         ^~~~
      |                                         |
      |                                         char *
In file included from ../Core/Inc/stm32f4xx_hal_conf.h:411,
                 from ../Drivers/STM32F4xx_HAL_Driver/Inc/stm32f4xx_hal.h:29,
                 from ../Core/Inc/main.h:30,
                 from ../Core/Src/main.c:20:
../Drivers/STM32F4xx_HAL_Driver/Inc/stm32f4xx_hal_uart.h:745:79: note: expected 'const uint8_t *' {aka 'const unsigned char *'} but argument is of type 'char *'
  745 | HAL_StatusTypeDef HAL_UART_Transmit(UART_HandleTypeDef *huart, const uint8_t *pData, uint16_t Size, uint32_t Timeout);
      |                                                                ~~~~~~~~~~~~~~~^~~~~
../Core/Src/main.c:96:40: warning: pointer targets in passing argument 2 of 'HAL_UART_Transmit' differ in signedness [-Wpointer-sign]
   96 |             HAL_UART_Transmit(&huart1, buf2, t2, 10); //AT Command
      |                                        ^~~~
      |                                        |
      |                                        char *
In file included from ../Core/Inc/stm32f4xx_hal_conf.h:411,
                 from ../Drivers/STM32F4xx_HAL_Driver/Inc/stm32f4xx_hal.h:29,
                 from ../Core/Inc/main.h:30,
                 from ../Core/Src/main.c:20:
../Drivers/STM32F4xx_HAL_Driver/Inc/stm32f4xx_hal_uart.h:745:79: note: expected 'const uint8_t *' {aka 'const unsigned char *'} but argument is of type 'char *'
  745 | HAL_StatusTypeDef HAL_UART_Transmit(UART_HandleTypeDef *huart, const uint8_t *pData, uint16_t Size, uint32_t Timeout);
      |                                                                ~~~~~~~~~~~~~~~^~~~~
../Core/Src/main.c:101:38: warning: pointer targets in passing argument 2 of 'HAL_UART_Receive_IT' differ in signedness [-Wpointer-sign]
  101 |         HAL_UART_Receive_IT(&huart2, &dum2, 1);
      |                                      ^~~~~
      |                                      |
      |                                      char *
In file included from ../Core/Inc/stm32f4xx_hal_conf.h:411,
                 from ../Drivers/STM32F4xx_HAL_Driver/Inc/stm32f4xx_hal.h:29,
                 from ../Core/Inc/main.h:30,
                 from ../Core/Src/main.c:20:
../Drivers/STM32F4xx_HAL_Driver/Inc/stm32f4xx_hal_uart.h:748:75: note: expected 'uint8_t *' {aka 'unsigned char *'} but argument is of type 'char *'
  748 | HAL_StatusTypeDef HAL_UART_Receive_IT(UART_HandleTypeDef *huart, uint8_t *pData, uint16_t Size);
      |                                                                  ~~~~~~~~~^~~~~
../Core/Src/main.c: In function 'Trim':
../Core/Src/main.c:110:18: warning: implicit declaration of function 'strlen' [-Wimplicit-function-declaration]
  110 |     int h=0, t = strlen(s) - 1;
      |                  ^~~~~~
../Core/Src/main.c:21:1: note: include '<string.h>' or provide a declaration of 'strlen'
   20 | #include "main.h"
  +++ |+#include <string.h>
   21 | 
../Core/Src/main.c:110:18: warning: incompatible implicit declaration of built-in function 'strlen' [-Wbuiltin-declaration-mismatch]
  110 |     int h=0, t = strlen(s) - 1;
      |                  ^~~~~~
../Core/Src/main.c:110:18: note: include '<string.h>' or provide a declaration of 'strlen'
../Core/Src/main.c:122:5: warning: implicit declaration of function 'strncpy' [-Wimplicit-function-declaration]
  122 |     strncpy(dest, s+h, t-h+1);
      |     ^~~~~~~
../Core/Src/main.c:122:5: note: include '<string.h>' or provide a declaration of 'strncpy'
../Core/Src/main.c:122:5: warning: incompatible implicit declaration of built-in function 'strncpy' [-Wbuiltin-declaration-mismatch]
../Core/Src/main.c:122:5: note: include '<string.h>' or provide a declaration of 'strncpy'
../Core/Src/main.c: At top level:
../Core/Src/main.c:126:6: warning: conflicting types for 'CheckCMD'; have 'void(char *)'
  126 | void CheckCMD(char *str)        // ex) bb = " LED    1   "    ==>  str = "LED 1"
      |      ^~~~~~~~
../Core/Src/main.c:81:15: note: previous implicit declaration of 'CheckCMD' with type 'void(char *)'
   81 |               CheckCMD(buf1);
      |               ^~~~~~~~
../Core/Src/main.c: In function 'CheckCMD':
../Core/Src/main.c:131:8: warning: implicit declaration of function 'strncmp' [-Wimplicit-function-declaration]
  131 |     if(strncmp(str, "LED", 3) == 0)
      |        ^~~~~~~
../Core/Src/main.c:131:8: note: include '<string.h>' or provide a declaration of 'strncmp'
../Core/Src/main.c:131:28: warning: 'strncmp' argument 3 type is 'int' where 'unsigned int' is expected in a call to built-in function declared without prototype [-Wbuiltin-declaration-mismatch]
  131 |     if(strncmp(str, "LED", 3) == 0)
      |                            ^
<built-in>: note: built-in 'strncmp' declared here
../Core/Src/main.c: In function 'main':
../Core/Src/main.c:178:3: warning: implicit declaration of function 'ProgramStart' [-Wimplicit-function-declaration]
  178 |   ProgramStart("Bluetooth");
      |   ^~~~~~~~~~~~
../Core/Src/main.c:181:32: warning: pointer targets in passing argument 2 of 'HAL_UART_Receive_IT' differ in signedness [-Wpointer-sign]
  181 |   HAL_UART_Receive_IT(&huart1, &dum1, 1); //when dum1 is full with size of 1, interrupt starts
      |                                ^~~~~
      |                                |
      |                                char *
In file included from ../Core/Inc/stm32f4xx_hal_conf.h:411,
                 from ../Drivers/STM32F4xx_HAL_Driver/Inc/stm32f4xx_hal.h:29,
                 from ../Core/Inc/main.h:30,
                 from ../Core/Src/main.c:20:
../Drivers/STM32F4xx_HAL_Driver/Inc/stm32f4xx_hal_uart.h:748:75: note: expected 'uint8_t *' {aka 'unsigned char *'} but argument is of type 'char *'
  748 | HAL_StatusTypeDef HAL_UART_Receive_IT(UART_HandleTypeDef *huart, uint8_t *pData, uint16_t Size);
      |                                                                  ~~~~~~~~~^~~~~
../Core/Src/main.c:182:32: warning: pointer targets in passing argument 2 of 'HAL_UART_Receive_IT' differ in signedness [-Wpointer-sign]
  182 |   HAL_UART_Receive_IT(&huart2, &dum2, 1);
      |                                ^~~~~
      |                                |
      |                                char *
In file included from ../Core/Inc/stm32f4xx_hal_conf.h:411,
                 from ../Drivers/STM32F4xx_HAL_Driver/Inc/stm32f4xx_hal.h:29,
                 from ../Core/Inc/main.h:30,
                 from ../Core/Src/main.c:20:
../Drivers/STM32F4xx_HAL_Driver/Inc/stm32f4xx_hal_uart.h:748:75: note: expected 'uint8_t *' {aka 'unsigned char *'} but argument is of type 'char *'
  748 | HAL_StatusTypeDef HAL_UART_Receive_IT(UART_HandleTypeDef *huart, uint8_t *pData, uint16_t Size);
      |                                                                  ~~~~~~~~~^~~~~
arm-none-eabi-gcc -o "Test009-Bluetooth.elf" @"objects.list"   -mcpu=cortex-m4 -T"C:\Users\user\source\repos\STM32\Test009-Bluetooth\STM32F411RETX_FLASH.ld" --specs=nosys.specs -Wl,-Map="Test009-Bluetooth.map" -Wl,--gc-sections -static --specs=nano.specs -mfpu=fpv4-sp-d16 -mfloat-abi=hard -mthumb -Wl,--start-group -lc -lm -Wl,--end-group
Finished building target: Test009-Bluetooth.elf
 
arm-none-eabi-size  Test009-Bluetooth.elf 
arm-none-eabi-objdump -h -S Test009-Bluetooth.elf  > "Test009-Bluetooth.list"
   text	   data	    bss	    dec	    hex	filename
  20000	    112	   2456	  22568	   5828	Test009-Bluetooth.elf
Finished building: default.size.stdout
 
Finished building: Test009-Bluetooth.list
 
15:17:18 **** Incremental Build of configuration Debug for project Test009-Bluetooth ****
make -j24 all 
arm-none-eabi-gcc -o "Test009-Bluetooth.elf" @"objects.list"   -mcpu=cortex-m4 -T"C:\Users\user\source\repos\STM32\Test009-Bluetooth\STM32F411RETX_FLASH.ld" --specs=nosys.specs -Wl,-Map="Test009-Bluetooth.map" -Wl,--gc-sections -static --specs=nano.specs -mfpu=fpv4-sp-d16 -mfloat-abi=hard -mthumb -Wl,--start-group -lc -lm -Wl,--end-group
Finished building target: Test009-Bluetooth.elf
 
arm-none-eabi-size  Test009-Bluetooth.elf 
arm-none-eabi-objdump -h -S Test009-Bluetooth.elf  > "Test009-Bluetooth.list"
   text	   data	    bss	    dec	    hex	filename
  20000	    112	   2456	  22568	   5828	Test009-Bluetooth.elf
Finished building: default.size.stdout
 
Finished building: Test009-Bluetooth.list
 
15:18:22 **** Incremental Build of configuration Debug for project Test009-Bluetooth ****
make -j24 all 
arm-none-eabi-gcc "../Core/Src/main.c" -mcpu=cortex-m4 -std=gnu11 -g3 -DDEBUG -DUSE_HAL_DRIVER -DSTM32F411xE -c -I../Core/Inc -I../Drivers/STM32F4xx_HAL_Driver/Inc -I../Drivers/STM32F4xx_HAL_Driver/Inc/Legacy -I../Drivers/CMSIS/Device/ST/STM32F4xx/Include -I../Drivers/CMSIS/Include -O0 -ffunction-sections -fdata-sections -Wall -fstack-usage -fcyclomatic-complexity -MMD -MP -MF"Core/Src/main.d" -MT"Core/Src/main.o" --specs=nano.specs -mfpu=fpv4-sp-d16 -mfloat-abi=hard -mthumb -o "Core/Src/main.o"
../Core/Src/main.c: In function 'HAL_UART_RxCpltCallback':
../Core/Src/main.c:78:36: warning: pointer targets in passing argument 2 of 'HAL_UART_Transmit' differ in signedness [-Wpointer-sign]
   78 |         HAL_UART_Transmit(&huart2, &dum1, 1, 10);
      |                                    ^~~~~
      |                                    |
      |                                    char *
In file included from ../Core/Inc/stm32f4xx_hal_conf.h:411,
                 from ../Drivers/STM32F4xx_HAL_Driver/Inc/stm32f4xx_hal.h:29,
                 from ../Core/Inc/main.h:30,
                 from ../Core/Src/main.c:20:
../Drivers/STM32F4xx_HAL_Driver/Inc/stm32f4xx_hal_uart.h:745:79: note: expected 'const uint8_t *' {aka 'const unsigned char *'} but argument is of type 'char *'
  745 | HAL_StatusTypeDef HAL_UART_Transmit(UART_HandleTypeDef *huart, const uint8_t *pData, uint16_t Size, uint32_t Timeout);
      |                                                                ~~~~~~~~~~~~~~~^~~~~
../Core/Src/main.c:81:15: warning: implicit declaration of function 'CheckCMD' [-Wimplicit-function-declaration]
   81 |               CheckCMD(buf1);
      |               ^~~~~~~~
../Core/Src/main.c:84:38: warning: pointer targets in passing argument 2 of 'HAL_UART_Receive_IT' differ in signedness [-Wpointer-sign]
   84 |         HAL_UART_Receive_IT(&huart1, &dum1, 1); //when dum1 is full with size of 1, interrupt starts
      |                                      ^~~~~
      |                                      |
      |                                      char *
In file included from ../Core/Inc/stm32f4xx_hal_conf.h:411,
                 from ../Drivers/STM32F4xx_HAL_Driver/Inc/stm32f4xx_hal.h:29,
                 from ../Core/Inc/main.h:30,
                 from ../Core/Src/main.c:20:
../Drivers/STM32F4xx_HAL_Driver/Inc/stm32f4xx_hal_uart.h:748:75: note: expected 'uint8_t *' {aka 'unsigned char *'} but argument is of type 'char *'
  748 | HAL_StatusTypeDef HAL_UART_Receive_IT(UART_HandleTypeDef *huart, uint8_t *pData, uint16_t Size);
      |                                                                  ~~~~~~~~~^~~~~
../Core/Src/main.c:90:36: warning: pointer targets in passing argument 2 of 'HAL_UART_Transmit' differ in signedness [-Wpointer-sign]
   90 |         HAL_UART_Transmit(&huart2, &dum2, 1, 10);
      |                                    ^~~~~
      |                                    |
      |                                    char *
In file included from ../Core/Inc/stm32f4xx_hal_conf.h:411,
                 from ../Drivers/STM32F4xx_HAL_Driver/Inc/stm32f4xx_hal.h:29,
                 from ../Core/Inc/main.h:30,
                 from ../Core/Src/main.c:20:
../Drivers/STM32F4xx_HAL_Driver/Inc/stm32f4xx_hal_uart.h:745:79: note: expected 'const uint8_t *' {aka 'const unsigned char *'} but argument is of type 'char *'
  745 | HAL_StatusTypeDef HAL_UART_Transmit(UART_HandleTypeDef *huart, const uint8_t *pData, uint16_t Size, uint32_t Timeout);
      |                                                                ~~~~~~~~~~~~~~~^~~~~
../Core/Src/main.c:93:41: warning: pointer targets in passing argument 2 of 'HAL_UART_Transmit' differ in signedness [-Wpointer-sign]
   93 |             HAL_UART_Transmit (&huart2, "\n", 1, 10); //Terminal Echo
      |                                         ^~~~
      |                                         |
      |                                         char *
In file included from ../Core/Inc/stm32f4xx_hal_conf.h:411,
                 from ../Drivers/STM32F4xx_HAL_Driver/Inc/stm32f4xx_hal.h:29,
                 from ../Core/Inc/main.h:30,
                 from ../Core/Src/main.c:20:
../Drivers/STM32F4xx_HAL_Driver/Inc/stm32f4xx_hal_uart.h:745:79: note: expected 'const uint8_t *' {aka 'const unsigned char *'} but argument is of type 'char *'
  745 | HAL_StatusTypeDef HAL_UART_Transmit(UART_HandleTypeDef *huart, const uint8_t *pData, uint16_t Size, uint32_t Timeout);
      |                                                                ~~~~~~~~~~~~~~~^~~~~
../Core/Src/main.c:96:40: warning: pointer targets in passing argument 2 of 'HAL_UART_Transmit' differ in signedness [-Wpointer-sign]
   96 |             HAL_UART_Transmit(&huart1, buf2, t2, 10); //AT Command
      |                                        ^~~~
      |                                        |
      |                                        char *
In file included from ../Core/Inc/stm32f4xx_hal_conf.h:411,
                 from ../Drivers/STM32F4xx_HAL_Driver/Inc/stm32f4xx_hal.h:29,
                 from ../Core/Inc/main.h:30,
                 from ../Core/Src/main.c:20:
../Drivers/STM32F4xx_HAL_Driver/Inc/stm32f4xx_hal_uart.h:745:79: note: expected 'const uint8_t *' {aka 'const unsigned char *'} but argument is of type 'char *'
  745 | HAL_StatusTypeDef HAL_UART_Transmit(UART_HandleTypeDef *huart, const uint8_t *pData, uint16_t Size, uint32_t Timeout);
      |                                                                ~~~~~~~~~~~~~~~^~~~~
../Core/Src/main.c:101:38: warning: pointer targets in passing argument 2 of 'HAL_UART_Receive_IT' differ in signedness [-Wpointer-sign]
  101 |         HAL_UART_Receive_IT(&huart2, &dum2, 1);
      |                                      ^~~~~
      |                                      |
      |                                      char *
In file included from ../Core/Inc/stm32f4xx_hal_conf.h:411,
                 from ../Drivers/STM32F4xx_HAL_Driver/Inc/stm32f4xx_hal.h:29,
                 from ../Core/Inc/main.h:30,
                 from ../Core/Src/main.c:20:
../Drivers/STM32F4xx_HAL_Driver/Inc/stm32f4xx_hal_uart.h:748:75: note: expected 'uint8_t *' {aka 'unsigned char *'} but argument is of type 'char *'
  748 | HAL_StatusTypeDef HAL_UART_Receive_IT(UART_HandleTypeDef *huart, uint8_t *pData, uint16_t Size);
      |                                                                  ~~~~~~~~~^~~~~
../Core/Src/main.c: In function 'Trim':
../Core/Src/main.c:110:18: warning: implicit declaration of function 'strlen' [-Wimplicit-function-declaration]
  110 |     int h=0, t = strlen(s) - 1;
      |                  ^~~~~~
../Core/Src/main.c:21:1: note: include '<string.h>' or provide a declaration of 'strlen'
   20 | #include "main.h"
  +++ |+#include <string.h>
   21 | 
../Core/Src/main.c:110:18: warning: incompatible implicit declaration of built-in function 'strlen' [-Wbuiltin-declaration-mismatch]
  110 |     int h=0, t = strlen(s) - 1;
      |                  ^~~~~~
../Core/Src/main.c:110:18: note: include '<string.h>' or provide a declaration of 'strlen'
../Core/Src/main.c:122:5: warning: implicit declaration of function 'strncpy' [-Wimplicit-function-declaration]
  122 |     strncpy(dest, s+h, t-h+1);
      |     ^~~~~~~
../Core/Src/main.c:122:5: note: include '<string.h>' or provide a declaration of 'strncpy'
../Core/Src/main.c:122:5: warning: incompatible implicit declaration of built-in function 'strncpy' [-Wbuiltin-declaration-mismatch]
../Core/Src/main.c:122:5: note: include '<string.h>' or provide a declaration of 'strncpy'
../Core/Src/main.c: At top level:
../Core/Src/main.c:126:6: warning: conflicting types for 'CheckCMD'; have 'void(char *)'
  126 | void CheckCMD(char *str)        // ex) bb = " LED    1   "    ==>  str = "LED 1"
      |      ^~~~~~~~
../Core/Src/main.c:81:15: note: previous implicit declaration of 'CheckCMD' with type 'void(char *)'
   81 |               CheckCMD(buf1);
      |               ^~~~~~~~
../Core/Src/main.c: In function 'CheckCMD':
../Core/Src/main.c:131:8: warning: implicit declaration of function 'strncmp' [-Wimplicit-function-declaration]
  131 |     if(strncmp(str, "LED", 3) == 0)
      |        ^~~~~~~
../Core/Src/main.c:131:8: note: include '<string.h>' or provide a declaration of 'strncmp'
../Core/Src/main.c:131:28: warning: 'strncmp' argument 3 type is 'int' where 'unsigned int' is expected in a call to built-in function declared without prototype [-Wbuiltin-declaration-mismatch]
  131 |     if(strncmp(str, "LED", 3) == 0)
      |                            ^
<built-in>: note: built-in 'strncmp' declared here
../Core/Src/main.c: In function 'main':
../Core/Src/main.c:178:3: warning: implicit declaration of function 'ProgramStart' [-Wimplicit-function-declaration]
  178 |   ProgramStart("Bluetooth");
      |   ^~~~~~~~~~~~
../Core/Src/main.c:181:32: warning: pointer targets in passing argument 2 of 'HAL_UART_Receive_IT' differ in signedness [-Wpointer-sign]
  181 |   HAL_UART_Receive_IT(&huart1, &dum1, 1); //when dum1 is full with size of 1, interrupt starts
      |                                ^~~~~
      |                                |
      |                                char *
In file included from ../Core/Inc/stm32f4xx_hal_conf.h:411,
                 from ../Drivers/STM32F4xx_HAL_Driver/Inc/stm32f4xx_hal.h:29,
                 from ../Core/Inc/main.h:30,
                 from ../Core/Src/main.c:20:
../Drivers/STM32F4xx_HAL_Driver/Inc/stm32f4xx_hal_uart.h:748:75: note: expected 'uint8_t *' {aka 'unsigned char *'} but argument is of type 'char *'
  748 | HAL_StatusTypeDef HAL_UART_Receive_IT(UART_HandleTypeDef *huart, uint8_t *pData, uint16_t Size);
      |                                                                  ~~~~~~~~~^~~~~
../Core/Src/main.c:182:32: warning: pointer targets in passing argument 2 of 'HAL_UART_Receive_IT' differ in signedness [-Wpointer-sign]
  182 |   HAL_UART_Receive_IT(&huart2, &dum2, 1);
      |                                ^~~~~
      |                                |
      |                                char *
In file included from ../Core/Inc/stm32f4xx_hal_conf.h:411,
                 from ../Drivers/STM32F4xx_HAL_Driver/Inc/stm32f4xx_hal.h:29,
                 from ../Core/Inc/main.h:30,
                 from ../Core/Src/main.c:20:
../Drivers/STM32F4xx_HAL_Driver/Inc/stm32f4xx_hal_uart.h:748:75: note: expected 'uint8_t *' {aka 'unsigned char *'} but argument is of type 'char *'
  748 | HAL_StatusTypeDef HAL_UART_Receive_IT(UART_HandleTypeDef *huart, uint8_t *pData, uint16_t Size);
      |                                                                  ~~~~~~~~~^~~~~
arm-none-eabi-gcc -o "Test009-Bluetooth.elf" @"objects.list"   -mcpu=cortex-m4 -T"C:\Users\user\source\repos\STM32\Test009-Bluetooth\STM32F411RETX_FLASH.ld" --specs=nosys.specs -Wl,-Map="Test009-Bluetooth.map" -Wl,--gc-sections -static --specs=nano.specs -mfpu=fpv4-sp-d16 -mfloat-abi=hard -mthumb -Wl,--start-group -lc -lm -Wl,--end-group
Finished building target: Test009-Bluetooth.elf
 
arm-none-eabi-size  Test009-Bluetooth.elf 
arm-none-eabi-objdump -h -S Test009-Bluetooth.elf  > "Test009-Bluetooth.list"
   text	   data	    bss	    dec	    hex	filename
  19996	    112	   2456	  22564	   5824	Test009-Bluetooth.elf
Finished building: default.size.stdout
 
Finished building: Test009-Bluetooth.list
 
15:19:08 **** Incremental Build of configuration Debug for project Test009-Bluetooth ****
make -j24 all 
arm-none-eabi-gcc "../Core/Src/main.c" -mcpu=cortex-m4 -std=gnu11 -g3 -DDEBUG -DUSE_HAL_DRIVER -DSTM32F411xE -c -I../Core/Inc -I../Drivers/STM32F4xx_HAL_Driver/Inc -I../Drivers/STM32F4xx_HAL_Driver/Inc/Legacy -I../Drivers/CMSIS/Device/ST/STM32F4xx/Include -I../Drivers/CMSIS/Include -O0 -ffunction-sections -fdata-sections -Wall -fstack-usage -fcyclomatic-complexity -MMD -MP -MF"Core/Src/main.d" -MT"Core/Src/main.o" --specs=nano.specs -mfpu=fpv4-sp-d16 -mfloat-abi=hard -mthumb -o "Core/Src/main.o"
../Core/Src/main.c: In function 'HAL_UART_RxCpltCallback':
../Core/Src/main.c:78:36: warning: pointer targets in passing argument 2 of 'HAL_UART_Transmit' differ in signedness [-Wpointer-sign]
   78 |         HAL_UART_Transmit(&huart2, &dum1, 1, 10);
      |                                    ^~~~~
      |                                    |
      |                                    char *
In file included from ../Core/Inc/stm32f4xx_hal_conf.h:411,
                 from ../Drivers/STM32F4xx_HAL_Driver/Inc/stm32f4xx_hal.h:29,
                 from ../Core/Inc/main.h:30,
                 from ../Core/Src/main.c:20:
../Drivers/STM32F4xx_HAL_Driver/Inc/stm32f4xx_hal_uart.h:745:79: note: expected 'const uint8_t *' {aka 'const unsigned char *'} but argument is of type 'char *'
  745 | HAL_StatusTypeDef HAL_UART_Transmit(UART_HandleTypeDef *huart, const uint8_t *pData, uint16_t Size, uint32_t Timeout);
      |                                                                ~~~~~~~~~~~~~~~^~~~~
../Core/Src/main.c:81:15: warning: implicit declaration of function 'CheckCMD' [-Wimplicit-function-declaration]
   81 |               CheckCMD(buf1);
      |               ^~~~~~~~
../Core/Src/main.c:84:38: warning: pointer targets in passing argument 2 of 'HAL_UART_Receive_IT' differ in signedness [-Wpointer-sign]
   84 |         HAL_UART_Receive_IT(&huart1, &dum1, 1); //when dum1 is full with size of 1, interrupt starts
      |                                      ^~~~~
      |                                      |
      |                                      char *
In file included from ../Core/Inc/stm32f4xx_hal_conf.h:411,
                 from ../Drivers/STM32F4xx_HAL_Driver/Inc/stm32f4xx_hal.h:29,
                 from ../Core/Inc/main.h:30,
                 from ../Core/Src/main.c:20:
../Drivers/STM32F4xx_HAL_Driver/Inc/stm32f4xx_hal_uart.h:748:75: note: expected 'uint8_t *' {aka 'unsigned char *'} but argument is of type 'char *'
  748 | HAL_StatusTypeDef HAL_UART_Receive_IT(UART_HandleTypeDef *huart, uint8_t *pData, uint16_t Size);
      |                                                                  ~~~~~~~~~^~~~~
../Core/Src/main.c:90:36: warning: pointer targets in passing argument 2 of 'HAL_UART_Transmit' differ in signedness [-Wpointer-sign]
   90 |         HAL_UART_Transmit(&huart2, &dum2, 1, 10);
      |                                    ^~~~~
      |                                    |
      |                                    char *
In file included from ../Core/Inc/stm32f4xx_hal_conf.h:411,
                 from ../Drivers/STM32F4xx_HAL_Driver/Inc/stm32f4xx_hal.h:29,
                 from ../Core/Inc/main.h:30,
                 from ../Core/Src/main.c:20:
../Drivers/STM32F4xx_HAL_Driver/Inc/stm32f4xx_hal_uart.h:745:79: note: expected 'const uint8_t *' {aka 'const unsigned char *'} but argument is of type 'char *'
  745 | HAL_StatusTypeDef HAL_UART_Transmit(UART_HandleTypeDef *huart, const uint8_t *pData, uint16_t Size, uint32_t Timeout);
      |                                                                ~~~~~~~~~~~~~~~^~~~~
../Core/Src/main.c:93:41: warning: pointer targets in passing argument 2 of 'HAL_UART_Transmit' differ in signedness [-Wpointer-sign]
   93 |             HAL_UART_Transmit (&huart2, "\n", 1, 10); //Terminal Echo
      |                                         ^~~~
      |                                         |
      |                                         char *
In file included from ../Core/Inc/stm32f4xx_hal_conf.h:411,
                 from ../Drivers/STM32F4xx_HAL_Driver/Inc/stm32f4xx_hal.h:29,
                 from ../Core/Inc/main.h:30,
                 from ../Core/Src/main.c:20:
../Drivers/STM32F4xx_HAL_Driver/Inc/stm32f4xx_hal_uart.h:745:79: note: expected 'const uint8_t *' {aka 'const unsigned char *'} but argument is of type 'char *'
  745 | HAL_StatusTypeDef HAL_UART_Transmit(UART_HandleTypeDef *huart, const uint8_t *pData, uint16_t Size, uint32_t Timeout);
      |                                                                ~~~~~~~~~~~~~~~^~~~~
../Core/Src/main.c:96:40: warning: pointer targets in passing argument 2 of 'HAL_UART_Transmit' differ in signedness [-Wpointer-sign]
   96 |             HAL_UART_Transmit(&huart1, buf2, t2, 10); //AT Command
      |                                        ^~~~
      |                                        |
      |                                        char *
In file included from ../Core/Inc/stm32f4xx_hal_conf.h:411,
                 from ../Drivers/STM32F4xx_HAL_Driver/Inc/stm32f4xx_hal.h:29,
                 from ../Core/Inc/main.h:30,
                 from ../Core/Src/main.c:20:
../Drivers/STM32F4xx_HAL_Driver/Inc/stm32f4xx_hal_uart.h:745:79: note: expected 'const uint8_t *' {aka 'const unsigned char *'} but argument is of type 'char *'
  745 | HAL_StatusTypeDef HAL_UART_Transmit(UART_HandleTypeDef *huart, const uint8_t *pData, uint16_t Size, uint32_t Timeout);
      |                                                                ~~~~~~~~~~~~~~~^~~~~
../Core/Src/main.c:101:38: warning: pointer targets in passing argument 2 of 'HAL_UART_Receive_IT' differ in signedness [-Wpointer-sign]
  101 |         HAL_UART_Receive_IT(&huart2, &dum2, 1);
      |                                      ^~~~~
      |                                      |
      |                                      char *
In file included from ../Core/Inc/stm32f4xx_hal_conf.h:411,
                 from ../Drivers/STM32F4xx_HAL_Driver/Inc/stm32f4xx_hal.h:29,
                 from ../Core/Inc/main.h:30,
                 from ../Core/Src/main.c:20:
../Drivers/STM32F4xx_HAL_Driver/Inc/stm32f4xx_hal_uart.h:748:75: note: expected 'uint8_t *' {aka 'unsigned char *'} but argument is of type 'char *'
  748 | HAL_StatusTypeDef HAL_UART_Receive_IT(UART_HandleTypeDef *huart, uint8_t *pData, uint16_t Size);
      |                                                                  ~~~~~~~~~^~~~~
../Core/Src/main.c: In function 'Trim':
../Core/Src/main.c:110:18: warning: implicit declaration of function 'strlen' [-Wimplicit-function-declaration]
  110 |     int h=0, t = strlen(s) - 1;
      |                  ^~~~~~
../Core/Src/main.c:21:1: note: include '<string.h>' or provide a declaration of 'strlen'
   20 | #include "main.h"
  +++ |+#include <string.h>
   21 | 
../Core/Src/main.c:110:18: warning: incompatible implicit declaration of built-in function 'strlen' [-Wbuiltin-declaration-mismatch]
  110 |     int h=0, t = strlen(s) - 1;
      |                  ^~~~~~
../Core/Src/main.c:110:18: note: include '<string.h>' or provide a declaration of 'strlen'
../Core/Src/main.c:122:5: warning: implicit declaration of function 'strncpy' [-Wimplicit-function-declaration]
  122 |     strncpy(dest, s+h, t-h+1);
      |     ^~~~~~~
../Core/Src/main.c:122:5: note: include '<string.h>' or provide a declaration of 'strncpy'
../Core/Src/main.c:122:5: warning: incompatible implicit declaration of built-in function 'strncpy' [-Wbuiltin-declaration-mismatch]
../Core/Src/main.c:122:5: note: include '<string.h>' or provide a declaration of 'strncpy'
../Core/Src/main.c: At top level:
../Core/Src/main.c:126:6: warning: conflicting types for 'CheckCMD'; have 'void(char *)'
  126 | void CheckCMD(char *str)        // ex) bb = " LED    1   "    ==>  str = "LED 1"
      |      ^~~~~~~~
../Core/Src/main.c:81:15: note: previous implicit declaration of 'CheckCMD' with type 'void(char *)'
   81 |               CheckCMD(buf1);
      |               ^~~~~~~~
../Core/Src/main.c: In function 'CheckCMD':
../Core/Src/main.c:131:8: warning: implicit declaration of function 'strncmp' [-Wimplicit-function-declaration]
  131 |     if(strncmp(str, "LED", 3) == 0)
      |        ^~~~~~~
../Core/Src/main.c:131:8: note: include '<string.h>' or provide a declaration of 'strncmp'
../Core/Src/main.c:131:28: warning: 'strncmp' argument 3 type is 'int' where 'unsigned int' is expected in a call to built-in function declared without prototype [-Wbuiltin-declaration-mismatch]
  131 |     if(strncmp(str, "LED", 3) == 0)
      |                            ^
<built-in>: note: built-in 'strncmp' declared here
../Core/Src/main.c: In function 'main':
../Core/Src/main.c:178:3: warning: implicit declaration of function 'ProgramStart' [-Wimplicit-function-declaration]
  178 |   ProgramStart("Bluetooth");
      |   ^~~~~~~~~~~~
../Core/Src/main.c:181:32: warning: pointer targets in passing argument 2 of 'HAL_UART_Receive_IT' differ in signedness [-Wpointer-sign]
  181 |   HAL_UART_Receive_IT(&huart1, &dum1, 1); //when dum1 is full with size of 1, interrupt starts
      |                                ^~~~~
      |                                |
      |                                char *
In file included from ../Core/Inc/stm32f4xx_hal_conf.h:411,
                 from ../Drivers/STM32F4xx_HAL_Driver/Inc/stm32f4xx_hal.h:29,
                 from ../Core/Inc/main.h:30,
                 from ../Core/Src/main.c:20:
../Drivers/STM32F4xx_HAL_Driver/Inc/stm32f4xx_hal_uart.h:748:75: note: expected 'uint8_t *' {aka 'unsigned char *'} but argument is of type 'char *'
  748 | HAL_StatusTypeDef HAL_UART_Receive_IT(UART_HandleTypeDef *huart, uint8_t *pData, uint16_t Size);
      |                                                                  ~~~~~~~~~^~~~~
../Core/Src/main.c:182:32: warning: pointer targets in passing argument 2 of 'HAL_UART_Receive_IT' differ in signedness [-Wpointer-sign]
  182 |   HAL_UART_Receive_IT(&huart2, &dum2, 1);
      |                                ^~~~~
      |                                |
      |                                char *
In file included from ../Core/Inc/stm32f4xx_hal_conf.h:411,
                 from ../Drivers/STM32F4xx_HAL_Driver/Inc/stm32f4xx_hal.h:29,
                 from ../Core/Inc/main.h:30,
                 from ../Core/Src/main.c:20:
../Drivers/STM32F4xx_HAL_Driver/Inc/stm32f4xx_hal_uart.h:748:75: note: expected 'uint8_t *' {aka 'unsigned char *'} but argument is of type 'char *'
  748 | HAL_StatusTypeDef HAL_UART_Receive_IT(UART_HandleTypeDef *huart, uint8_t *pData, uint16_t Size);
      |                                                                  ~~~~~~~~~^~~~~
arm-none-eabi-gcc -o "Test009-Bluetooth.elf" @"objects.list"   -mcpu=cortex-m4 -T"C:\Users\user\source\repos\STM32\Test009-Bluetooth\STM32F411RETX_FLASH.ld" --specs=nosys.specs -Wl,-Map="Test009-Bluetooth.map" -Wl,--gc-sections -static --specs=nano.specs -mfpu=fpv4-sp-d16 -mfloat-abi=hard -mthumb -Wl,--start-group -lc -lm -Wl,--end-group
Finished building target: Test009-Bluetooth.elf
 
arm-none-eabi-size  Test009-Bluetooth.elf 
arm-none-eabi-objdump -h -S Test009-Bluetooth.elf  > "Test009-Bluetooth.list"
   text	   data	    bss	    dec	    hex	filename
  20000	    112	   2456	  22568	   5828	Test009-Bluetooth.elf
Finished building: default.size.stdout
 
Finished building: Test009-Bluetooth.list
 
15:36:57 **** Incremental Build of configuration Debug for project Test009-Bluetooth ****
make -j24 all 
arm-none-eabi-gcc "../Core/Src/main.c" -mcpu=cortex-m4 -std=gnu11 -g3 -DDEBUG -DUSE_HAL_DRIVER -DSTM32F411xE -c -I../Core/Inc -I../Drivers/STM32F4xx_HAL_Driver/Inc -I../Drivers/STM32F4xx_HAL_Driver/Inc/Legacy -I../Drivers/CMSIS/Device/ST/STM32F4xx/Include -I../Drivers/CMSIS/Include -O0 -ffunction-sections -fdata-sections -Wall -fstack-usage -fcyclomatic-complexity -MMD -MP -MF"Core/Src/main.d" -MT"Core/Src/main.o" --specs=nano.specs -mfpu=fpv4-sp-d16 -mfloat-abi=hard -mthumb -o "Core/Src/main.o"
../Core/Src/main.c: In function 'HAL_UART_RxCpltCallback':
../Core/Src/main.c:78:36: warning: pointer targets in passing argument 2 of 'HAL_UART_Transmit' differ in signedness [-Wpointer-sign]
   78 |         HAL_UART_Transmit(&huart2, &dum1, 1, 10);
      |                                    ^~~~~
      |                                    |
      |                                    char *
In file included from ../Core/Inc/stm32f4xx_hal_conf.h:411,
                 from ../Drivers/STM32F4xx_HAL_Driver/Inc/stm32f4xx_hal.h:29,
                 from ../Core/Inc/main.h:30,
                 from ../Core/Src/main.c:20:
../Drivers/STM32F4xx_HAL_Driver/Inc/stm32f4xx_hal_uart.h:745:79: note: expected 'const uint8_t *' {aka 'const unsigned char *'} but argument is of type 'char *'
  745 | HAL_StatusTypeDef HAL_UART_Transmit(UART_HandleTypeDef *huart, const uint8_t *pData, uint16_t Size, uint32_t Timeout);
      |                                                                ~~~~~~~~~~~~~~~^~~~~
../Core/Src/main.c:81:15: warning: implicit declaration of function 'CheckCMD' [-Wimplicit-function-declaration]
   81 |               CheckCMD(buf1);
      |               ^~~~~~~~
../Core/Src/main.c:84:38: warning: pointer targets in passing argument 2 of 'HAL_UART_Receive_IT' differ in signedness [-Wpointer-sign]
   84 |         HAL_UART_Receive_IT(&huart1, &dum1, 1); //when dum1 is full with size of 1, interrupt starts
      |                                      ^~~~~
      |                                      |
      |                                      char *
In file included from ../Core/Inc/stm32f4xx_hal_conf.h:411,
                 from ../Drivers/STM32F4xx_HAL_Driver/Inc/stm32f4xx_hal.h:29,
                 from ../Core/Inc/main.h:30,
                 from ../Core/Src/main.c:20:
../Drivers/STM32F4xx_HAL_Driver/Inc/stm32f4xx_hal_uart.h:748:75: note: expected 'uint8_t *' {aka 'unsigned char *'} but argument is of type 'char *'
  748 | HAL_StatusTypeDef HAL_UART_Receive_IT(UART_HandleTypeDef *huart, uint8_t *pData, uint16_t Size);
      |                                                                  ~~~~~~~~~^~~~~
../Core/Src/main.c:90:36: warning: pointer targets in passing argument 2 of 'HAL_UART_Transmit' differ in signedness [-Wpointer-sign]
   90 |         HAL_UART_Transmit(&huart2, &dum2, 1, 10);
      |                                    ^~~~~
      |                                    |
      |                                    char *
In file included from ../Core/Inc/stm32f4xx_hal_conf.h:411,
                 from ../Drivers/STM32F4xx_HAL_Driver/Inc/stm32f4xx_hal.h:29,
                 from ../Core/Inc/main.h:30,
                 from ../Core/Src/main.c:20:
../Drivers/STM32F4xx_HAL_Driver/Inc/stm32f4xx_hal_uart.h:745:79: note: expected 'const uint8_t *' {aka 'const unsigned char *'} but argument is of type 'char *'
  745 | HAL_StatusTypeDef HAL_UART_Transmit(UART_HandleTypeDef *huart, const uint8_t *pData, uint16_t Size, uint32_t Timeout);
      |                                                                ~~~~~~~~~~~~~~~^~~~~
../Core/Src/main.c:93:41: warning: pointer targets in passing argument 2 of 'HAL_UART_Transmit' differ in signedness [-Wpointer-sign]
   93 |             HAL_UART_Transmit (&huart2, "\n", 1, 10); //Terminal Echo
      |                                         ^~~~
      |                                         |
      |                                         char *
In file included from ../Core/Inc/stm32f4xx_hal_conf.h:411,
                 from ../Drivers/STM32F4xx_HAL_Driver/Inc/stm32f4xx_hal.h:29,
                 from ../Core/Inc/main.h:30,
                 from ../Core/Src/main.c:20:
../Drivers/STM32F4xx_HAL_Driver/Inc/stm32f4xx_hal_uart.h:745:79: note: expected 'const uint8_t *' {aka 'const unsigned char *'} but argument is of type 'char *'
  745 | HAL_StatusTypeDef HAL_UART_Transmit(UART_HandleTypeDef *huart, const uint8_t *pData, uint16_t Size, uint32_t Timeout);
      |                                                                ~~~~~~~~~~~~~~~^~~~~
../Core/Src/main.c:96:40: warning: pointer targets in passing argument 2 of 'HAL_UART_Transmit' differ in signedness [-Wpointer-sign]
   96 |             HAL_UART_Transmit(&huart1, buf2, t2, 10); //AT Command
      |                                        ^~~~
      |                                        |
      |                                        char *
In file included from ../Core/Inc/stm32f4xx_hal_conf.h:411,
                 from ../Drivers/STM32F4xx_HAL_Driver/Inc/stm32f4xx_hal.h:29,
                 from ../Core/Inc/main.h:30,
                 from ../Core/Src/main.c:20:
../Drivers/STM32F4xx_HAL_Driver/Inc/stm32f4xx_hal_uart.h:745:79: note: expected 'const uint8_t *' {aka 'const unsigned char *'} but argument is of type 'char *'
  745 | HAL_StatusTypeDef HAL_UART_Transmit(UART_HandleTypeDef *huart, const uint8_t *pData, uint16_t Size, uint32_t Timeout);
      |                                                                ~~~~~~~~~~~~~~~^~~~~
../Core/Src/main.c:101:38: warning: pointer targets in passing argument 2 of 'HAL_UART_Receive_IT' differ in signedness [-Wpointer-sign]
  101 |         HAL_UART_Receive_IT(&huart2, &dum2, 1);
      |                                      ^~~~~
      |                                      |
      |                                      char *
In file included from ../Core/Inc/stm32f4xx_hal_conf.h:411,
                 from ../Drivers/STM32F4xx_HAL_Driver/Inc/stm32f4xx_hal.h:29,
                 from ../Core/Inc/main.h:30,
                 from ../Core/Src/main.c:20:
../Drivers/STM32F4xx_HAL_Driver/Inc/stm32f4xx_hal_uart.h:748:75: note: expected 'uint8_t *' {aka 'unsigned char *'} but argument is of type 'char *'
  748 | HAL_StatusTypeDef HAL_UART_Receive_IT(UART_HandleTypeDef *huart, uint8_t *pData, uint16_t Size);
      |                                                                  ~~~~~~~~~^~~~~
../Core/Src/main.c: In function 'Trim':
../Core/Src/main.c:110:18: warning: implicit declaration of function 'strlen' [-Wimplicit-function-declaration]
  110 |     int h=0, t = strlen(s) - 1;
      |                  ^~~~~~
../Core/Src/main.c:21:1: note: include '<string.h>' or provide a declaration of 'strlen'
   20 | #include "main.h"
  +++ |+#include <string.h>
   21 | 
../Core/Src/main.c:110:18: warning: incompatible implicit declaration of built-in function 'strlen' [-Wbuiltin-declaration-mismatch]
  110 |     int h=0, t = strlen(s) - 1;
      |                  ^~~~~~
../Core/Src/main.c:110:18: note: include '<string.h>' or provide a declaration of 'strlen'
../Core/Src/main.c:122:5: warning: implicit declaration of function 'strncpy' [-Wimplicit-function-declaration]
  122 |     strncpy(dest, s+h, t-h+1);
      |     ^~~~~~~
../Core/Src/main.c:122:5: note: include '<string.h>' or provide a declaration of 'strncpy'
../Core/Src/main.c:122:5: warning: incompatible implicit declaration of built-in function 'strncpy' [-Wbuiltin-declaration-mismatch]
../Core/Src/main.c:122:5: note: include '<string.h>' or provide a declaration of 'strncpy'
../Core/Src/main.c: At top level:
../Core/Src/main.c:126:6: warning: conflicting types for 'CheckCMD'; have 'void(char *)'
  126 | void CheckCMD(char *str)        // ex) bb = " LED    1   "    ==>  str = "LED 1"
      |      ^~~~~~~~
../Core/Src/main.c:81:15: note: previous implicit declaration of 'CheckCMD' with type 'void(char *)'
   81 |               CheckCMD(buf1);
      |               ^~~~~~~~
../Core/Src/main.c: In function 'CheckCMD':
../Core/Src/main.c:128:10: error: 'str' redeclared as different kind of symbol
  128 |     char str[100];
      |          ^~~
../Core/Src/main.c:126:21: note: previous definition of 'str' with type 'char *'
  126 | void CheckCMD(char *str)        // ex) bb = " LED    1   "    ==>  str = "LED 1"
      |               ~~~~~~^~~
../Core/Src/main.c:130:15: error: 'bb' undeclared (first use in this function)
  130 |     Trim(str, bb);      //str : dest bb : src
      |               ^~
../Core/Src/main.c:130:15: note: each undeclared identifier is reported only once for each function it appears in
../Core/Src/main.c:131:8: warning: implicit declaration of function 'strncmp' [-Wimplicit-function-declaration]
  131 |     if(strncmp(str, "LED", 3) == 0)
      |        ^~~~~~~
../Core/Src/main.c:131:8: note: include '<string.h>' or provide a declaration of 'strncmp'
../Core/Src/main.c:131:28: warning: 'strncmp' argument 3 type is 'int' where 'unsigned int' is expected in a call to built-in function declared without prototype [-Wbuiltin-declaration-mismatch]
  131 |     if(strncmp(str, "LED", 3) == 0)
      |                            ^
<built-in>: note: built-in 'strncmp' declared here
../Core/Src/main.c: In function 'main':
../Core/Src/main.c:178:3: warning: implicit declaration of function 'ProgramStart' [-Wimplicit-function-declaration]
  178 |   ProgramStart("Bluetooth");
      |   ^~~~~~~~~~~~
../Core/Src/main.c:181:32: warning: pointer targets in passing argument 2 of 'HAL_UART_Receive_IT' differ in signedness [-Wpointer-sign]
  181 |   HAL_UART_Receive_IT(&huart1, &dum1, 1); //when dum1 is full with size of 1, interrupt starts
      |                                ^~~~~
      |                                |
      |                                char *
In file included from ../Core/Inc/stm32f4xx_hal_conf.h:411,
                 from ../Drivers/STM32F4xx_HAL_Driver/Inc/stm32f4xx_hal.h:29,
                 from ../Core/Inc/main.h:30,
                 from ../Core/Src/main.c:20:
../Drivers/STM32F4xx_HAL_Driver/Inc/stm32f4xx_hal_uart.h:748:75: note: expected 'uint8_t *' {aka 'unsigned char *'} but argument is of type 'char *'
  748 | HAL_StatusTypeDef HAL_UART_Receive_IT(UART_HandleTypeDef *huart, uint8_t *pData, uint16_t Size);
      |                                                                  ~~~~~~~~~^~~~~
../Core/Src/main.c:182:32: warning: pointer targets in passing argument 2 of 'HAL_UART_Receive_IT' differ in signedness [-Wpointer-sign]
  182 |   HAL_UART_Receive_IT(&huart2, &dum2, 1);
      |                                ^~~~~
      |                                |
      |                                char *
In file included from ../Core/Inc/stm32f4xx_hal_conf.h:411,
                 from ../Drivers/STM32F4xx_HAL_Driver/Inc/stm32f4xx_hal.h:29,
                 from ../Core/Inc/main.h:30,
                 from ../Core/Src/main.c:20:
../Drivers/STM32F4xx_HAL_Driver/Inc/stm32f4xx_hal_uart.h:748:75: note: expected 'uint8_t *' {aka 'unsigned char *'} but argument is of type 'char *'
  748 | HAL_StatusTypeDef HAL_UART_Receive_IT(UART_HandleTypeDef *huart, uint8_t *pData, uint16_t Size);
      |                                                                  ~~~~~~~~~^~~~~
make: *** [Core/Src/subdir.mk:37: Core/Src/main.o] Error 1
"make -j24 all" terminated with exit code 2. Build might be incomplete.
15:37:14 **** Incremental Build of configuration Debug for project Test009-Bluetooth ****
make -j24 all 
arm-none-eabi-gcc "../Core/Src/main.c" -mcpu=cortex-m4 -std=gnu11 -g3 -DDEBUG -DUSE_HAL_DRIVER -DSTM32F411xE -c -I../Core/Inc -I../Drivers/STM32F4xx_HAL_Driver/Inc -I../Drivers/STM32F4xx_HAL_Driver/Inc/Legacy -I../Drivers/CMSIS/Device/ST/STM32F4xx/Include -I../Drivers/CMSIS/Include -O0 -ffunction-sections -fdata-sections -Wall -fstack-usage -fcyclomatic-complexity -MMD -MP -MF"Core/Src/main.d" -MT"Core/Src/main.o" --specs=nano.specs -mfpu=fpv4-sp-d16 -mfloat-abi=hard -mthumb -o "Core/Src/main.o"
../Core/Src/main.c: In function 'HAL_UART_RxCpltCallback':
../Core/Src/main.c:78:36: warning: pointer targets in passing argument 2 of 'HAL_UART_Transmit' differ in signedness [-Wpointer-sign]
   78 |         HAL_UART_Transmit(&huart2, &dum1, 1, 10);
      |                                    ^~~~~
      |                                    |
      |                                    char *
In file included from ../Core/Inc/stm32f4xx_hal_conf.h:411,
                 from ../Drivers/STM32F4xx_HAL_Driver/Inc/stm32f4xx_hal.h:29,
                 from ../Core/Inc/main.h:30,
                 from ../Core/Src/main.c:20:
../Drivers/STM32F4xx_HAL_Driver/Inc/stm32f4xx_hal_uart.h:745:79: note: expected 'const uint8_t *' {aka 'const unsigned char *'} but argument is of type 'char *'
  745 | HAL_StatusTypeDef HAL_UART_Transmit(UART_HandleTypeDef *huart, const uint8_t *pData, uint16_t Size, uint32_t Timeout);
      |                                                                ~~~~~~~~~~~~~~~^~~~~
../Core/Src/main.c:81:15: warning: implicit declaration of function 'CheckCMD' [-Wimplicit-function-declaration]
   81 |               CheckCMD(buf1);
      |               ^~~~~~~~
../Core/Src/main.c:84:38: warning: pointer targets in passing argument 2 of 'HAL_UART_Receive_IT' differ in signedness [-Wpointer-sign]
   84 |         HAL_UART_Receive_IT(&huart1, &dum1, 1); //when dum1 is full with size of 1, interrupt starts
      |                                      ^~~~~
      |                                      |
      |                                      char *
In file included from ../Core/Inc/stm32f4xx_hal_conf.h:411,
                 from ../Drivers/STM32F4xx_HAL_Driver/Inc/stm32f4xx_hal.h:29,
                 from ../Core/Inc/main.h:30,
                 from ../Core/Src/main.c:20:
../Drivers/STM32F4xx_HAL_Driver/Inc/stm32f4xx_hal_uart.h:748:75: note: expected 'uint8_t *' {aka 'unsigned char *'} but argument is of type 'char *'
  748 | HAL_StatusTypeDef HAL_UART_Receive_IT(UART_HandleTypeDef *huart, uint8_t *pData, uint16_t Size);
      |                                                                  ~~~~~~~~~^~~~~
../Core/Src/main.c:90:36: warning: pointer targets in passing argument 2 of 'HAL_UART_Transmit' differ in signedness [-Wpointer-sign]
   90 |         HAL_UART_Transmit(&huart2, &dum2, 1, 10);
      |                                    ^~~~~
      |                                    |
      |                                    char *
In file included from ../Core/Inc/stm32f4xx_hal_conf.h:411,
                 from ../Drivers/STM32F4xx_HAL_Driver/Inc/stm32f4xx_hal.h:29,
                 from ../Core/Inc/main.h:30,
                 from ../Core/Src/main.c:20:
../Drivers/STM32F4xx_HAL_Driver/Inc/stm32f4xx_hal_uart.h:745:79: note: expected 'const uint8_t *' {aka 'const unsigned char *'} but argument is of type 'char *'
  745 | HAL_StatusTypeDef HAL_UART_Transmit(UART_HandleTypeDef *huart, const uint8_t *pData, uint16_t Size, uint32_t Timeout);
      |                                                                ~~~~~~~~~~~~~~~^~~~~
../Core/Src/main.c:93:41: warning: pointer targets in passing argument 2 of 'HAL_UART_Transmit' differ in signedness [-Wpointer-sign]
   93 |             HAL_UART_Transmit (&huart2, "\n", 1, 10); //Terminal Echo
      |                                         ^~~~
      |                                         |
      |                                         char *
In file included from ../Core/Inc/stm32f4xx_hal_conf.h:411,
                 from ../Drivers/STM32F4xx_HAL_Driver/Inc/stm32f4xx_hal.h:29,
                 from ../Core/Inc/main.h:30,
                 from ../Core/Src/main.c:20:
../Drivers/STM32F4xx_HAL_Driver/Inc/stm32f4xx_hal_uart.h:745:79: note: expected 'const uint8_t *' {aka 'const unsigned char *'} but argument is of type 'char *'
  745 | HAL_StatusTypeDef HAL_UART_Transmit(UART_HandleTypeDef *huart, const uint8_t *pData, uint16_t Size, uint32_t Timeout);
      |                                                                ~~~~~~~~~~~~~~~^~~~~
../Core/Src/main.c:96:40: warning: pointer targets in passing argument 2 of 'HAL_UART_Transmit' differ in signedness [-Wpointer-sign]
   96 |             HAL_UART_Transmit(&huart1, buf2, t2, 10); //AT Command
      |                                        ^~~~
      |                                        |
      |                                        char *
In file included from ../Core/Inc/stm32f4xx_hal_conf.h:411,
                 from ../Drivers/STM32F4xx_HAL_Driver/Inc/stm32f4xx_hal.h:29,
                 from ../Core/Inc/main.h:30,
                 from ../Core/Src/main.c:20:
../Drivers/STM32F4xx_HAL_Driver/Inc/stm32f4xx_hal_uart.h:745:79: note: expected 'const uint8_t *' {aka 'const unsigned char *'} but argument is of type 'char *'
  745 | HAL_StatusTypeDef HAL_UART_Transmit(UART_HandleTypeDef *huart, const uint8_t *pData, uint16_t Size, uint32_t Timeout);
      |                                                                ~~~~~~~~~~~~~~~^~~~~
../Core/Src/main.c:101:38: warning: pointer targets in passing argument 2 of 'HAL_UART_Receive_IT' differ in signedness [-Wpointer-sign]
  101 |         HAL_UART_Receive_IT(&huart2, &dum2, 1);
      |                                      ^~~~~
      |                                      |
      |                                      char *
In file included from ../Core/Inc/stm32f4xx_hal_conf.h:411,
                 from ../Drivers/STM32F4xx_HAL_Driver/Inc/stm32f4xx_hal.h:29,
                 from ../Core/Inc/main.h:30,
                 from ../Core/Src/main.c:20:
../Drivers/STM32F4xx_HAL_Driver/Inc/stm32f4xx_hal_uart.h:748:75: note: expected 'uint8_t *' {aka 'unsigned char *'} but argument is of type 'char *'
  748 | HAL_StatusTypeDef HAL_UART_Receive_IT(UART_HandleTypeDef *huart, uint8_t *pData, uint16_t Size);
      |                                                                  ~~~~~~~~~^~~~~
../Core/Src/main.c: In function 'Trim':
../Core/Src/main.c:110:18: warning: implicit declaration of function 'strlen' [-Wimplicit-function-declaration]
  110 |     int h=0, t = strlen(s) - 1;
      |                  ^~~~~~
../Core/Src/main.c:21:1: note: include '<string.h>' or provide a declaration of 'strlen'
   20 | #include "main.h"
  +++ |+#include <string.h>
   21 | 
../Core/Src/main.c:110:18: warning: incompatible implicit declaration of built-in function 'strlen' [-Wbuiltin-declaration-mismatch]
  110 |     int h=0, t = strlen(s) - 1;
      |                  ^~~~~~
../Core/Src/main.c:110:18: note: include '<string.h>' or provide a declaration of 'strlen'
../Core/Src/main.c:122:5: warning: implicit declaration of function 'strncpy' [-Wimplicit-function-declaration]
  122 |     strncpy(dest, s+h, t-h+1);
      |     ^~~~~~~
../Core/Src/main.c:122:5: note: include '<string.h>' or provide a declaration of 'strncpy'
../Core/Src/main.c:122:5: warning: incompatible implicit declaration of built-in function 'strncpy' [-Wbuiltin-declaration-mismatch]
../Core/Src/main.c:122:5: note: include '<string.h>' or provide a declaration of 'strncpy'
../Core/Src/main.c: At top level:
../Core/Src/main.c:126:6: warning: conflicting types for 'CheckCMD'; have 'void(char *)'
  126 | void CheckCMD(char *str)        // ex) bb = " LED    1   "    ==>  str = "LED 1"
      |      ^~~~~~~~
../Core/Src/main.c:81:15: note: previous implicit declaration of 'CheckCMD' with type 'void(char *)'
   81 |               CheckCMD(buf1);
      |               ^~~~~~~~
../Core/Src/main.c: In function 'CheckCMD':
../Core/Src/main.c:131:8: warning: implicit declaration of function 'strncmp' [-Wimplicit-function-declaration]
  131 |     if(strncmp(str, "LED", 3) == 0)
      |        ^~~~~~~
../Core/Src/main.c:131:8: note: include '<string.h>' or provide a declaration of 'strncmp'
../Core/Src/main.c:131:28: warning: 'strncmp' argument 3 type is 'int' where 'unsigned int' is expected in a call to built-in function declared without prototype [-Wbuiltin-declaration-mismatch]
  131 |     if(strncmp(str, "LED", 3) == 0)
      |                            ^
<built-in>: note: built-in 'strncmp' declared here
../Core/Src/main.c: In function 'main':
../Core/Src/main.c:178:3: warning: implicit declaration of function 'ProgramStart' [-Wimplicit-function-declaration]
  178 |   ProgramStart("Bluetooth");
      |   ^~~~~~~~~~~~
../Core/Src/main.c:181:32: warning: pointer targets in passing argument 2 of 'HAL_UART_Receive_IT' differ in signedness [-Wpointer-sign]
  181 |   HAL_UART_Receive_IT(&huart1, &dum1, 1); //when dum1 is full with size of 1, interrupt starts
      |                                ^~~~~
      |                                |
      |                                char *
In file included from ../Core/Inc/stm32f4xx_hal_conf.h:411,
[...]
../Core/Src/main.c: In function 'TrimEx':
../Core/Src/main.c:110:18: warning: implicit declaration of function 'strlen' [-Wimplicit-function-declaration]
  110 |     int h=0, t = strlen(s) - 1;
      |                  ^~~~~~
../Core/Src/main.c:21:1: note: include '<string.h>' or provide a declaration of 'strlen'
   20 | #include "main.h"
  +++ |+#include <string.h>
   21 | 
../Core/Src/main.c:110:18: warning: incompatible implicit declaration of built-in function 'strlen' [-Wbuiltin-declaration-mismatch]
  110 |     int h=0, t = strlen(s) - 1;
      |                  ^~~~~~
../Core/Src/main.c:110:18: note: include '<string.h>' or provide a declaration of 'strlen'
../Core/Src/main.c:122:5: warning: implicit declaration of function 'strncpy' [-Wimplicit-function-declaration]
  122 |     strncpy(dest, s+h, t-h+1);
      |     ^~~~~~~
../Core/Src/main.c:122:5: note: include '<string.h>' or provide a declaration of 'strncpy'
../Core/Src/main.c:122:5: warning: incompatible implicit declaration of built-in function 'strncpy' [-Wbuiltin-declaration-mismatch]
../Core/Src/main.c:122:5: note: include '<string.h>' or provide a declaration of 'strncpy'
../Core/Src/main.c: In function 'Trim':
../Core/Src/main.c:128:18: warning: incompatible implicit declaration of built-in function 'strlen' [-Wbuiltin-declaration-mismatch]
  128 |     int h=0, t = strlen(s) - 1;
      |                  ^~~~~~
../Core/Src/main.c:128:18: note: include '<string.h>' or provide a declaration of 'strlen'
../Core/Src/main.c:132:26: warning: implicit declaration of function 'malloc' [-Wimplicit-function-declaration]
  132 |     char *dest = (char *)malloc(t - h +1);
      |                          ^~~~~~
../Core/Src/main.c:21:1: note: include '<stdlib.h>' or provide a declaration of 'malloc'
   20 | #include "main.h"
  +++ |+#include <stdlib.h>
   21 | 
../Core/Src/main.c:132:26: warning: incompatible implicit declaration of built-in function 'malloc' [-Wbuiltin-declaration-mismatch]
  132 |     char *dest = (char *)malloc(t - h +1);
      |                          ^~~~~~
../Core/Src/main.c:132:26: note: include '<stdlib.h>' or provide a declaration of 'malloc'
../Core/Src/main.c:133:5: warning: incompatible implicit declaration of built-in function 'strncpy' [-Wbuiltin-declaration-mismatch]
  133 |     strncpy(dest, s+h, t-h+1);
      |     ^~~~~~~
../Core/Src/main.c:133:5: note: include '<string.h>' or provide a declaration of 'strncpy'
../Core/Src/main.c:134:12: warning: returning 'char *' from a function with return type 'char' makes integer from pointer without a cast [-Wint-conversion]
  134 |     return dest;
      |            ^~~~
../Core/Src/main.c: At top level:
../Core/Src/main.c:154:6: warning: conflicting types for 'CheckCMD'; have 'void(char *)'
  154 | void CheckCMD(char *bb) // ex) bb = " LED    1   "    ==>  str = "LED 1"
      |      ^~~~~~~~
../Core/Src/main.c:81:15: note: previous implicit declaration of 'CheckCMD' with type 'void(char *)'
   81 |               CheckCMD(buf1);
      |               ^~~~~~~~
../Core/Src/main.c: In function 'CheckCMD':
../Core/Src/main.c:160:17: warning: initialization of 'char *' from 'char' makes pointer from integer without a cast [-Wint-conversion]
  160 |     char *str = Trim(bb);       //str : dest bb : src
      |                 ^~~~
../Core/Src/main.c:163:8: warning: implicit declaration of function 'strncmp' [-Wimplicit-function-declaration]
  163 |     if(strncmp(str, "LED", 3) == 0)
      |        ^~~~~~~
../Core/Src/main.c:163:8: note: include '<string.h>' or provide a declaration of 'strncmp'
../Core/Src/main.c:163:28: warning: 'strncmp' argument 3 type is 'int' where 'unsigned int' is expected in a call to built-in function declared without prototype [-Wbuiltin-declaration-mismatch]
  163 |     if(strncmp(str, "LED", 3) == 0)
      |                            ^
<built-in>: note: built-in 'strncmp' declared here
../Core/Src/main.c:165:21: warning: initialization of 'char *' from 'char' makes pointer from integer without a cast [-Wint-conversion]
  165 |         char *arg = Trim(str + 3);
      |                     ^~~~
../Core/Src/main.c: In function 'main':
../Core/Src/main.c:211:3: warning: implicit declaration of function 'ProgramStart' [-Wimplicit-function-declaration]
  211 |   ProgramStart("Bluetooth");
      |   ^~~~~~~~~~~~
../Core/Src/main.c:214:32: warning: pointer targets in passing argument 2 of 'HAL_UART_Receive_IT' differ in signedness [-Wpointer-sign]
  214 |   HAL_UART_Receive_IT(&huart1, &dum1, 1); //when dum1 is full with size of 1, interrupt starts
      |                                ^~~~~
      |                                |
      |                                char *
In file included from ../Core/Inc/stm32f4xx_hal_conf.h:411,
                 from ../Drivers/STM32F4xx_HAL_Driver/Inc/stm32f4xx_hal.h:29,
                 from ../Core/Inc/main.h:30,
                 from ../Core/Src/main.c:20:
../Drivers/STM32F4xx_HAL_Driver/Inc/stm32f4xx_hal_uart.h:748:75: note: expected 'uint8_t *' {aka 'unsigned char *'} but argument is of type 'char *'
  748 | HAL_StatusTypeDef HAL_UART_Receive_IT(UART_HandleTypeDef *huart, uint8_t *pData, uint16_t Size);
      |                                                                  ~~~~~~~~~^~~~~
../Core/Src/main.c:215:32: warning: pointer targets in passing argument 2 of 'HAL_UART_Receive_IT' differ in signedness [-Wpointer-sign]
  215 |   HAL_UART_Receive_IT(&huart2, &dum2, 1);
      |                                ^~~~~
      |                                |
      |                                char *
In file included from ../Core/Inc/stm32f4xx_hal_conf.h:411,
                 from ../Drivers/STM32F4xx_HAL_Driver/Inc/stm32f4xx_hal.h:29,
                 from ../Core/Inc/main.h:30,
                 from ../Core/Src/main.c:20:
../Drivers/STM32F4xx_HAL_Driver/Inc/stm32f4xx_hal_uart.h:748:75: note: expected 'uint8_t *' {aka 'unsigned char *'} but argument is of type 'char *'
  748 | HAL_StatusTypeDef HAL_UART_Receive_IT(UART_HandleTypeDef *huart, uint8_t *pData, uint16_t Size);
      |                                                                  ~~~~~~~~~^~~~~
arm-none-eabi-gcc -o "Test009-Bluetooth.elf" @"objects.list"   -mcpu=cortex-m4 -T"C:\Users\user\source\repos\STM32\Test009-Bluetooth\STM32F411RETX_FLASH.ld" --specs=nosys.specs -Wl,-Map="Test009-Bluetooth.map" -Wl,--gc-sections -static --specs=nano.specs -mfpu=fpv4-sp-d16 -mfloat-abi=hard -mthumb -Wl,--start-group -lc -lm -Wl,--end-group
Finished building target: Test009-Bluetooth.elf
 
arm-none-eabi-size  Test009-Bluetooth.elf 
arm-none-eabi-objdump -h -S Test009-Bluetooth.elf  > "Test009-Bluetooth.list"
   text	   data	    bss	    dec	    hex	filename
  20100	    112	   2456	  22668	   588c	Test009-Bluetooth.elf
Finished building: default.size.stdout
 
Finished building: Test009-Bluetooth.list
 
16:48:08 **** Incremental Build of configuration Debug for project Test009-Bluetooth ****
make -j24 all 
arm-none-eabi-size  Test009-Bluetooth.elf 
   text	   data	    bss	    dec	    hex	filename
  20100	    112	   2456	  22668	   588c	Test009-Bluetooth.elf
Finished building: default.size.stdout
 
16:50:25 **** Incremental Build of configuration Debug for project Test009-Bluetooth ****
make -j24 all 
arm-none-eabi-gcc "../Core/Src/main.c" -mcpu=cortex-m4 -std=gnu11 -g3 -DDEBUG -DUSE_HAL_DRIVER -DSTM32F411xE -c -I../Core/Inc -I../Drivers/STM32F4xx_HAL_Driver/Inc -I../Drivers/STM32F4xx_HAL_Driver/Inc/Legacy -I../Drivers/CMSIS/Device/ST/STM32F4xx/Include -I../Drivers/CMSIS/Include -O0 -ffunction-sections -fdata-sections -Wall -fstack-usage -fcyclomatic-complexity -MMD -MP -MF"Core/Src/main.d" -MT"Core/Src/main.o" --specs=nano.specs -mfpu=fpv4-sp-d16 -mfloat-abi=hard -mthumb -o "Core/Src/main.o"
../Core/Src/main.c: In function 'HAL_UART_RxCpltCallback':
../Core/Src/main.c:78:36: warning: pointer targets in passing argument 2 of 'HAL_UART_Transmit' differ in signedness [-Wpointer-sign]
   78 |         HAL_UART_Transmit(&huart2, &dum1, 1, 10);
      |                                    ^~~~~
      |                                    |
      |                                    char *
In file included from ../Core/Inc/stm32f4xx_hal_conf.h:411,
                 from ../Drivers/STM32F4xx_HAL_Driver/Inc/stm32f4xx_hal.h:29,
                 from ../Core/Inc/main.h:30,
                 from ../Core/Src/main.c:20:
../Drivers/STM32F4xx_HAL_Driver/Inc/stm32f4xx_hal_uart.h:745:79: note: expected 'const uint8_t *' {aka 'const unsigned char *'} but argument is of type 'char *'
  745 | HAL_StatusTypeDef HAL_UART_Transmit(UART_HandleTypeDef *huart, const uint8_t *pData, uint16_t Size, uint32_t Timeout);
      |                                                                ~~~~~~~~~~~~~~~^~~~~
../Core/Src/main.c:81:15: warning: implicit declaration of function 'CheckCMD' [-Wimplicit-function-declaration]
   81 |               CheckCMD(buf1);
      |               ^~~~~~~~
../Core/Src/main.c:84:38: warning: pointer targets in passing argument 2 of 'HAL_UART_Receive_IT' differ in signedness [-Wpointer-sign]
   84 |         HAL_UART_Receive_IT(&huart1, &dum1, 1); //when dum1 is full with size of 1, interrupt starts
      |                                      ^~~~~
      |                                      |
      |                                      char *
In file included from ../Core/Inc/stm32f4xx_hal_conf.h:411,
                 from ../Drivers/STM32F4xx_HAL_Driver/Inc/stm32f4xx_hal.h:29,
                 from ../Core/Inc/main.h:30,
                 from ../Core/Src/main.c:20:
../Drivers/STM32F4xx_HAL_Driver/Inc/stm32f4xx_hal_uart.h:748:75: note: expected 'uint8_t *' {aka 'unsigned char *'} but argument is of type 'char *'
  748 | HAL_StatusTypeDef HAL_UART_Receive_IT(UART_HandleTypeDef *huart, uint8_t *pData, uint16_t Size);
      |                                                                  ~~~~~~~~~^~~~~
../Core/Src/main.c:90:36: warning: pointer targets in passing argument 2 of 'HAL_UART_Transmit' differ in signedness [-Wpointer-sign]
   90 |         HAL_UART_Transmit(&huart2, &dum2, 1, 10);
      |                                    ^~~~~
      |                                    |
      |                                    char *
In file included from ../Core/Inc/stm32f4xx_hal_conf.h:411,
                 from ../Drivers/STM32F4xx_HAL_Driver/Inc/stm32f4xx_hal.h:29,
                 from ../Core/Inc/main.h:30,
                 from ../Core/Src/main.c:20:
../Drivers/STM32F4xx_HAL_Driver/Inc/stm32f4xx_hal_uart.h:745:79: note: expected 'const uint8_t *' {aka 'const unsigned char *'} but argument is of type 'char *'
  745 | HAL_StatusTypeDef HAL_UART_Transmit(UART_HandleTypeDef *huart, const uint8_t *pData, uint16_t Size, uint32_t Timeout);
      |                                                                ~~~~~~~~~~~~~~~^~~~~
../Core/Src/main.c:93:41: warning: pointer targets in passing argument 2 of 'HAL_UART_Transmit' differ in signedness [-Wpointer-sign]
   93 |             HAL_UART_Transmit (&huart2, "\n", 1, 10); //Terminal Echo
      |                                         ^~~~
      |                                         |
      |                                         char *
In file included from ../Core/Inc/stm32f4xx_hal_conf.h:411,
                 from ../Drivers/STM32F4xx_HAL_Driver/Inc/stm32f4xx_hal.h:29,
                 from ../Core/Inc/main.h:30,
                 from ../Core/Src/main.c:20:
../Drivers/STM32F4xx_HAL_Driver/Inc/stm32f4xx_hal_uart.h:745:79: note: expected 'const uint8_t *' {aka 'const unsigned char *'} but argument is of type 'char *'
  745 | HAL_StatusTypeDef HAL_UART_Transmit(UART_HandleTypeDef *huart, const uint8_t *pData, uint16_t Size, uint32_t Timeout);
      |                                                                ~~~~~~~~~~~~~~~^~~~~
../Core/Src/main.c:96:40: warning: pointer targets in passing argument 2 of 'HAL_UART_Transmit' differ in signedness [-Wpointer-sign]
   96 |             HAL_UART_Transmit(&huart1, buf2, t2, 10); //AT Command
      |                                        ^~~~
      |                                        |
      |                                        char *
In file included from ../Core/Inc/stm32f4xx_hal_conf.h:411,
                 from ../Drivers/STM32F4xx_HAL_Driver/Inc/stm32f4xx_hal.h:29,
                 from ../Core/Inc/main.h:30,
                 from ../Core/Src/main.c:20:
../Drivers/STM32F4xx_HAL_Driver/Inc/stm32f4xx_hal_uart.h:745:79: note: expected 'const uint8_t *' {aka 'const unsigned char *'} but argument is of type 'char *'
  745 | HAL_StatusTypeDef HAL_UART_Transmit(UART_HandleTypeDef *huart, const uint8_t *pData, uint16_t Size, uint32_t Timeout);
      |                                                                ~~~~~~~~~~~~~~~^~~~~
../Core/Src/main.c:101:38: warning: pointer targets in passing argument 2 of 'HAL_UART_Receive_IT' differ in signedness [-Wpointer-sign]
  101 |         HAL_UART_Receive_IT(&huart2, &dum2, 1);
      |                                      ^~~~~
      |                                      |
      |                                      char *
In file included from ../Core/Inc/stm32f4xx_hal_conf.h:411,
                 from ../Drivers/STM32F4xx_HAL_Driver/Inc/stm32f4xx_hal.h:29,
                 from ../Core/Inc/main.h:30,
                 from ../Core/Src/main.c:20:
../Drivers/STM32F4xx_HAL_Driver/Inc/stm32f4xx_hal_uart.h:748:75: note: expected 'uint8_t *' {aka 'unsigned char *'} but argument is of type 'char *'
  748 | HAL_StatusTypeDef HAL_UART_Receive_IT(UART_HandleTypeDef *huart, uint8_t *pData, uint16_t Size);
      |                                                                  ~~~~~~~~~^~~~~
../Core/Src/main.c: In function 'TrimEx':
../Core/Src/main.c:110:18: warning: implicit declaration of function 'strlen' [-Wimplicit-function-declaration]
  110 |     int h=0, t = strlen(s) - 1;
      |                  ^~~~~~
../Core/Src/main.c:21:1: note: include '<string.h>' or provide a declaration of 'strlen'
   20 | #include "main.h"
  +++ |+#include <string.h>
   21 | 
../Core/Src/main.c:110:18: warning: incompatible implicit declaration of built-in function 'strlen' [-Wbuiltin-declaration-mismatch]
  110 |     int h=0, t = strlen(s) - 1;
      |                  ^~~~~~
../Core/Src/main.c:110:18: note: include '<string.h>' or provide a declaration of 'strlen'
../Core/Src/main.c:122:5: warning: implicit declaration of function 'strncpy' [-Wimplicit-function-declaration]
  122 |     strncpy(dest, s+h, t-h+1);
      |     ^~~~~~~
../Core/Src/main.c:122:5: note: include '<string.h>' or provide a declaration of 'strncpy'
../Core/Src/main.c:122:5: warning: incompatible implicit declaration of built-in function 'strncpy' [-Wbuiltin-declaration-mismatch]
../Core/Src/main.c:122:5: note: include '<string.h>' or provide a declaration of 'strncpy'
../Core/Src/main.c: In function 'Trim':
../Core/Src/main.c:128:18: warning: incompatible implicit declaration of built-in function 'strlen' [-Wbuiltin-declaration-mismatch]
  128 |     int h=0, t = strlen(s) - 1;
      |                  ^~~~~~
../Core/Src/main.c:128:18: note: include '<string.h>' or provide a declaration of 'strlen'
../Core/Src/main.c:132:26: warning: implicit declaration of function 'malloc' [-Wimplicit-function-declaration]
  132 |     char *dest = (char *)malloc(t - h +1);
      |                          ^~~~~~
../Core/Src/main.c:21:1: note: include '<stdlib.h>' or provide a declaration of 'malloc'
   20 | #include "main.h"
  +++ |+#include <stdlib.h>
   21 | 
../Core/Src/main.c:132:26: warning: incompatible implicit declaration of built-in function 'malloc' [-Wbuiltin-declaration-mismatch]
  132 |     char *dest = (char *)malloc(t - h +1);
      |                          ^~~~~~
../Core/Src/main.c:132:26: note: include '<stdlib.h>' or provide a declaration of 'malloc'
../Core/Src/main.c:133:5: warning: incompatible implicit declaration of built-in function 'strncpy' [-Wbuiltin-declaration-mismatch]
  133 |     strncpy(dest, s+h, t-h+1);
      |     ^~~~~~~
../Core/Src/main.c:133:5: note: include '<string.h>' or provide a declaration of 'strncpy'
../Core/Src/main.c: At top level:
../Core/Src/main.c:154:6: warning: conflicting types for 'CheckCMD'; have 'void(char *)'
  154 | void CheckCMD(char *bb) // ex) bb = " LED    1   "    ==>  str = "LED 1"
      |      ^~~~~~~~
../Core/Src/main.c:81:15: note: previous implicit declaration of 'CheckCMD' with type 'void(char *)'
   81 |               CheckCMD(buf1);
      |               ^~~~~~~~
../Core/Src/main.c: In function 'CheckCMD':
../Core/Src/main.c:163:8: warning: implicit declaration of function 'strncmp' [-Wimplicit-function-declaration]
  163 |     if(strncmp(str, "LED", 3) == 0)
      |        ^~~~~~~
../Core/Src/main.c:163:8: note: include '<string.h>' or provide a declaration of 'strncmp'
../Core/Src/main.c:163:28: warning: 'strncmp' argument 3 type is 'int' where 'unsigned int' is expected in a call to built-in function declared without prototype [-Wbuiltin-declaration-mismatch]
  163 |     if(strncmp(str, "LED", 3) == 0)
      |                            ^
<built-in>: note: built-in 'strncmp' declared here
../Core/Src/main.c: In function 'main':
../Core/Src/main.c:211:3: warning: implicit declaration of function 'ProgramStart' [-Wimplicit-function-declaration]
  211 |   ProgramStart("Bluetooth");
      |   ^~~~~~~~~~~~
../Core/Src/main.c:214:32: warning: pointer targets in passing argument 2 of 'HAL_UART_Receive_IT' differ in signedness [-Wpointer-sign]
  214 |   HAL_UART_Receive_IT(&huart1, &dum1, 1); //when dum1 is full with size of 1, interrupt starts
      |                                ^~~~~
      |                                |
      |                                char *
In file included from ../Core/Inc/stm32f4xx_hal_conf.h:411,
                 from ../Drivers/STM32F4xx_HAL_Driver/Inc/stm32f4xx_hal.h:29,
                 from ../Core/Inc/main.h:30,
                 from ../Core/Src/main.c:20:
../Drivers/STM32F4xx_HAL_Driver/Inc/stm32f4xx_hal_uart.h:748:75: note: expected 'uint8_t *' {aka 'unsigned char *'} but argument is of type 'char *'
  748 | HAL_StatusTypeDef HAL_UART_Receive_IT(UART_HandleTypeDef *huart, uint8_t *pData, uint16_t Size);
      |                                                                  ~~~~~~~~~^~~~~
../Core/Src/main.c:215:32: warning: pointer targets in passing argument 2 of 'HAL_UART_Receive_IT' differ in signedness [-Wpointer-sign]
  215 |   HAL_UART_Receive_IT(&huart2, &dum2, 1);
      |                                ^~~~~
      |                                |
      |                                char *
In file included from ../Core/Inc/stm32f4xx_hal_conf.h:411,
                 from ../Drivers/STM32F4xx_HAL_Driver/Inc/stm32f4xx_hal.h:29,
                 from ../Core/Inc/main.h:30,
                 from ../Core/Src/main.c:20:
../Drivers/STM32F4xx_HAL_Driver/Inc/stm32f4xx_hal_uart.h:748:75: note: expected 'uint8_t *' {aka 'unsigned char *'} but argument is of type 'char *'
  748 | HAL_StatusTypeDef HAL_UART_Receive_IT(UART_HandleTypeDef *huart, uint8_t *pData, uint16_t Size);
      |                                                                  ~~~~~~~~~^~~~~
arm-none-eabi-gcc -o "Test009-Bluetooth.elf" @"objects.list"   -mcpu=cortex-m4 -T"C:\Users\user\source\repos\STM32\Test009-Bluetooth\STM32F411RETX_FLASH.ld" --specs=nosys.specs -Wl,-Map="Test009-Bluetooth.map" -Wl,--gc-sections -static --specs=nano.specs -mfpu=fpv4-sp-d16 -mfloat-abi=hard -mthumb -Wl,--start-group -lc -lm -Wl,--end-group
Finished building target: Test009-Bluetooth.elf
 
arm-none-eabi-size  Test009-Bluetooth.elf 
arm-none-eabi-objdump -h -S Test009-Bluetooth.elf  > "Test009-Bluetooth.list"
   text	   data	    bss	    dec	    hex	filename
  20096	    112	   2456	  22664	   5888	Test009-Bluetooth.elf
Finished building: default.size.stdout
 
Finished building: Test009-Bluetooth.list
 
