16:12:01 **** Incremental Build of configuration Debug for project Test004-ADC-DMA ****
make -j24 all 
arm-none-eabi-gcc "C:/Users/user/source/repos/STM32/Test003-uart/Core/Src/myLib.c" -mcpu=cortex-m4 -std=gnu11 -g3 -DDEBUG -DUSE_HAL_DRIVER -DSTM32F411xE -c -I../Core/Inc -I../Drivers/STM32F4xx_HAL_Driver/Inc -I../Drivers/STM32F4xx_HAL_Driver/Inc/Legacy -I../Drivers/CMSIS/Device/ST/STM32F4xx/Include -I../Drivers/CMSIS/Include -O0 -ffunction-sections -fdata-sections -Wall -fstack-usage -fcyclomatic-complexity -MMD -MP -MF"Core/Src/myLib.d" -MT"Core/Src/myLib.o" --specs=nano.specs -mfpu=fpv4-sp-d16 -mfloat-abi=hard -mthumb -o "Core/Src/myLib.o"
C:/Users/user/source/repos/STM32/Test003-uart/Core/Src/myLib.c:8:10: fatal error: stm32f4xx_hal_i2c.h: No such file or directory
    8 | #include "stm32f4xx_hal_i2c.h"
      |          ^~~~~~~~~~~~~~~~~~~~~
compilation terminated.
make: *** [Core/Src/subdir.mk:39: Core/Src/myLib.o] Error 1
"make -j24 all" terminated with exit code 2. Build might be incomplete.
16:58:58 **** Incremental Build of configuration Debug for project Test005-LCD-1602 ****
make -j24 all 
arm-none-eabi-gcc "../Core/Src/lcd1602.c" -mcpu=cortex-m4 -std=gnu11 -g3 -DDEBUG -DUSE_HAL_DRIVER -DSTM32F411xE -c -I../Core/Inc -I../Drivers/STM32F4xx_HAL_Driver/Inc -I../Drivers/STM32F4xx_HAL_Driver/Inc/Legacy -I../Drivers/CMSIS/Device/ST/STM32F4xx/Include -I../Drivers/CMSIS/Include -O0 -ffunction-sections -fdata-sections -Wall -fstack-usage -fcyclomatic-complexity -MMD -MP -MF"Core/Src/lcd1602.d" -MT"Core/Src/lcd1602.o" --specs=nano.specs -mfpu=fpv4-sp-d16 -mfloat-abi=hard -mthumb -o "Core/Src/lcd1602.o"
arm-none-eabi-gcc "C:/Users/user/source/repos/STM32/Test003-uart/Core/Src/myLib.c" -mcpu=cortex-m4 -std=gnu11 -g3 -DDEBUG -DUSE_HAL_DRIVER -DSTM32F411xE -c -I../Core/Inc -I../Drivers/STM32F4xx_HAL_Driver/Inc -I../Drivers/STM32F4xx_HAL_Driver/Inc/Legacy -I../Drivers/CMSIS/Device/ST/STM32F4xx/Include -I../Drivers/CMSIS/Include -O0 -ffunction-sections -fdata-sections -Wall -fstack-usage -fcyclomatic-complexity -MMD -MP -MF"Core/Src/myLib.d" -MT"Core/Src/myLib.o" --specs=nano.specs -mfpu=fpv4-sp-d16 -mfloat-abi=hard -mthumb -o "Core/Src/myLib.o"
../Core/Src/lcd1602.c:9:8: error: unknown type name 'I2C_HandleTypeDef'
    9 | extern I2C_HandleTypeDef *hi2c; // = extern I2C_HandleTypeDef hi2c1; but pointer is better
      |        ^~~~~~~~~~~~~~~~~
../Core/Src/lcd1602.c: In function 'lcd_command':
../Core/Src/lcd1602.c:22:3: warning: implicit declaration of function 'HAL_I2C_Master_Transmit' [-Wimplicit-function-declaration]
   22 |   HAL_I2C_Master_Transmit(hic2, I2C_ADDR, dd, 4, 10);
      |   ^~~~~~~~~~~~~~~~~~~~~~~
../Core/Src/lcd1602.c:22:27: error: 'hic2' undeclared (first use in this function); did you mean 'hi2c'?
   22 |   HAL_I2C_Master_Transmit(hic2, I2C_ADDR, dd, 4, 10);
      |                           ^~~~
      |                           hi2c
../Core/Src/lcd1602.c:22:27: note: each undeclared identifier is reported only once for each function it appears in
make: *** [Core/Src/subdir.mk:40: Core/Src/lcd1602.o] Error 1
make: *** Waiting for unfinished jobs....
C:/Users/user/source/repos/STM32/Test003-uart/Core/Src/myLib.c: In function '__io_putchar':
C:/Users/user/source/repos/STM32/Test003-uart/Core/Src/myLib.c:16:31: warning: passing argument 2 of 'HAL_UART_Transmit' from incompatible pointer type [-Wincompatible-pointer-types]
   16 |   HAL_UART_Transmit (&huart2, &ch, 1, 10);
      |                               ^~~
      |                               |
      |                               int *
In file included from ../Core/Inc/stm32f4xx_hal_conf.h:411,
                 from ../Drivers/STM32F4xx_HAL_Driver/Inc/stm32f4xx_hal.h:29,
                 from ../Core/Inc/main.h:30,
                 from C:/Users/user/source/repos/STM32/Test003-uart/Core/Src/myLib.c:7:
../Drivers/STM32F4xx_HAL_Driver/Inc/stm32f4xx_hal_uart.h:745:79: note: expected 'const uint8_t *' {aka 'const unsigned char *'} but argument is of type 'int *'
  745 | HAL_StatusTypeDef HAL_UART_Transmit(UART_HandleTypeDef *huart, const uint8_t *pData, uint16_t Size, uint32_t Timeout);
      |                                                                ~~~~~~~~~~~~~~~^~~~~
C:/Users/user/source/repos/STM32/Test003-uart/Core/Src/myLib.c: In function 'ProgramStart':
C:/Users/user/source/repos/STM32/Test003-uart/Core/Src/myLib.c:33:3: warning: implicit declaration of function 'cls' [-Wimplicit-function-declaration]
   33 |   cls();
      |   ^~~
C:/Users/user/source/repos/STM32/Test003-uart/Core/Src/myLib.c:34:3: warning: implicit declaration of function 'Cursor' [-Wimplicit-function-declaration]
   34 |   Cursor(0, 0);
      |   ^~~~~~
C:/Users/user/source/repos/STM32/Test003-uart/Core/Src/myLib.c:35:3: warning: implicit declaration of function 'printf' [-Wimplicit-function-declaration]
   35 |   printf ("Program Name - %s\r\n", str);
      |   ^~~~~~
C:/Users/user/source/repos/STM32/Test003-uart/Core/Src/myLib.c:9:1: note: include '<stdio.h>' or provide a declaration of 'printf'
    8 | #include "C:\Users\user\STM32Cube\Repository\STM32Cube_FW_F4_V1.28.1\Drivers\STM32F4xx_HAL_Driver\Inc\stm32f4xx_hal_i2c.h"
  +++ |+#include <stdio.h>
    9 | extern UART_HandleTypeDef huart2;
C:/Users/user/source/repos/STM32/Test003-uart/Core/Src/myLib.c:35:3: warning: incompatible implicit declaration of built-in function 'printf' [-Wbuiltin-declaration-mismatch]
   35 |   printf ("Program Name - %s\r\n", str);
      |   ^~~~~~
C:/Users/user/source/repos/STM32/Test003-uart/Core/Src/myLib.c:35:3: note: include '<stdio.h>' or provide a declaration of 'printf'
C:/Users/user/source/repos/STM32/Test003-uart/Core/Src/myLib.c: At top level:
C:/Users/user/source/repos/STM32/Test003-uart/Core/Src/myLib.c:41:6: warning: conflicting types for 'cls'; have 'void()'
   41 | void cls()
      |      ^~~
C:/Users/user/source/repos/STM32/Test003-uart/Core/Src/myLib.c:33:3: note: previous implicit declaration of 'cls' with type 'void()'
   33 |   cls();
      |   ^~~
C:/Users/user/source/repos/STM32/Test003-uart/Core/Src/myLib.c: In function 'cls':
C:/Users/user/source/repos/STM32/Test003-uart/Core/Src/myLib.c:43:3: warning: incompatible implicit declaration of built-in function 'printf' [-Wbuiltin-declaration-mismatch]
   43 |   printf("\033[2J");
      |   ^~~~~~
C:/Users/user/source/repos/STM32/Test003-uart/Core/Src/myLib.c:43:3: note: include '<stdio.h>' or provide a declaration of 'printf'
C:/Users/user/source/repos/STM32/Test003-uart/Core/Src/myLib.c: At top level:
C:/Users/user/source/repos/STM32/Test003-uart/Core/Src/myLib.c:45:6: warning: conflicting types for 'Cursor'; have 'void(int,  int)'
   45 | void Cursor(int x, int y)
      |      ^~~~~~
C:/Users/user/source/repos/STM32/Test003-uart/Core/Src/myLib.c:34:3: note: previous implicit declaration of 'Cursor' with type 'void(int,  int)'
   34 |   Cursor(0, 0);
      |   ^~~~~~
C:/Users/user/source/repos/STM32/Test003-uart/Core/Src/myLib.c: In function 'Cursor':
C:/Users/user/source/repos/STM32/Test003-uart/Core/Src/myLib.c:48:3: warning: implicit declaration of function 'sprintf' [-Wimplicit-function-declaration]
   48 |   sprintf(buf,"\033[%d;%dH", y, x);
      |   ^~~~~~~
C:/Users/user/source/repos/STM32/Test003-uart/Core/Src/myLib.c:48:3: note: include '<stdio.h>' or provide a declaration of 'sprintf'
C:/Users/user/source/repos/STM32/Test003-uart/Core/Src/myLib.c:48:3: warning: incompatible implicit declaration of built-in function 'sprintf' [-Wbuiltin-declaration-mismatch]
C:/Users/user/source/repos/STM32/Test003-uart/Core/Src/myLib.c:48:3: note: include '<stdio.h>' or provide a declaration of 'sprintf'
C:/Users/user/source/repos/STM32/Test003-uart/Core/Src/myLib.c:49:3: warning: implicit declaration of function 'puts' [-Wimplicit-function-declaration]
   49 |   puts(buf);
      |   ^~~~
C:/Users/user/source/repos/STM32/Test003-uart/Core/Src/myLib.c:49:3: note: include '<stdio.h>' or provide a declaration of 'puts'
C:/Users/user/source/repos/STM32/Test003-uart/Core/Src/myLib.c: In function 'i2c_scan':
C:/Users/user/source/repos/STM32/Test003-uart/Core/Src/myLib.c:60:20: warning: 'return' with no value, in function returning non-void [-Wreturn-type]
   60 |   if(hi2c == NULL) return;
      |                    ^~~~~~
C:/Users/user/source/repos/STM32/Test003-uart/Core/Src/myLib.c:58:1: note: declared here
   58 | i2c_scan ()
      | ^~~~~~~~
C:/Users/user/source/repos/STM32/Test003-uart/Core/Src/myLib.c:65:11: warning: incompatible implicit declaration of built-in function 'printf' [-Wbuiltin-declaration-mismatch]
   65 |           printf("  %02x", addr);
      |           ^~~~~~
C:/Users/user/source/repos/STM32/Test003-uart/Core/Src/myLib.c:65:11: note: include '<stdio.h>' or provide a declaration of 'printf'
C:/Users/user/source/repos/STM32/Test003-uart/Core/Src/myLib.c:69:11: warning: incompatible implicit declaration of built-in function 'printf' [-Wbuiltin-declaration-mismatch]
   69 |           printf("  .  ");
      |           ^~~~~~
C:/Users/user/source/repos/STM32/Test003-uart/Core/Src/myLib.c:69:11: note: include '<stdio.h>' or provide a declaration of 'printf'
C:/Users/user/source/repos/STM32/Test003-uart/Core/Src/myLib.c:71:28: warning: incompatible implicit declaration of built-in function 'printf' [-Wbuiltin-declaration-mismatch]
   71 |       if((addr % 16) == 0) printf("\r\n");
      |                            ^~~~~~
C:/Users/user/source/repos/STM32/Test003-uart/Core/Src/myLib.c:71:28: note: include '<stdio.h>' or provide a declaration of 'printf'
C:/Users/user/source/repos/STM32/Test003-uart/Core/Src/myLib.c: In function 'i2c_init':
C:/Users/user/source/repos/STM32/Test003-uart/Core/Src/myLib.c:55:1: warning: control reaches end of non-void function [-Wreturn-type]
   55 | }
      | ^
"make -j24 all" terminated with exit code 2. Build might be incomplete.
16:59:54 **** Incremental Build of configuration Debug for project Test005-LCD-1602 ****
make -j24 all 
arm-none-eabi-gcc "../Core/Src/lcd1602.c" -mcpu=cortex-m4 -std=gnu11 -g3 -DDEBUG -DUSE_HAL_DRIVER -DSTM32F411xE -c -I../Core/Inc -I../Drivers/STM32F4xx_HAL_Driver/Inc -I../Drivers/STM32F4xx_HAL_Driver/Inc/Legacy -I../Drivers/CMSIS/Device/ST/STM32F4xx/Include -I../Drivers/CMSIS/Include -O0 -ffunction-sections -fdata-sections -Wall -fstack-usage -fcyclomatic-complexity -MMD -MP -MF"Core/Src/lcd1602.d" -MT"Core/Src/lcd1602.o" --specs=nano.specs -mfpu=fpv4-sp-d16 -mfloat-abi=hard -mthumb -o "Core/Src/lcd1602.o"
../Core/Src/lcd1602.c:9:8: error: unknown type name 'I2C_HandleTypeDef'
    9 | extern I2C_HandleTypeDef *hi2c; // = extern I2C_HandleTypeDef hi2c1; but pointer is better
      |        ^~~~~~~~~~~~~~~~~
../Core/Src/lcd1602.c: In function 'lcd_command':
../Core/Src/lcd1602.c:22:3: warning: implicit declaration of function 'HAL_I2C_Master_Transmit' [-Wimplicit-function-declaration]
   22 |   HAL_I2C_Master_Transmit(hi2c, I2C_ADDR, dd, 4, 10);
      |   ^~~~~~~~~~~~~~~~~~~~~~~
make: *** [Core/Src/subdir.mk:40: Core/Src/lcd1602.o] Error 1
"make -j24 all" terminated with exit code 2. Build might be incomplete.
17:00:48 **** Incremental Build of configuration Debug for project Test005-LCD-1602 ****
make -j24 all 
arm-none-eabi-gcc "../Core/Src/lcd1602.c" -mcpu=cortex-m4 -std=gnu11 -g3 -DDEBUG -DUSE_HAL_DRIVER -DSTM32F411xE -c -I../Core/Inc -I../Drivers/STM32F4xx_HAL_Driver/Inc -I../Drivers/STM32F4xx_HAL_Driver/Inc/Legacy -I../Drivers/CMSIS/Device/ST/STM32F4xx/Include -I../Drivers/CMSIS/Include -O0 -ffunction-sections -fdata-sections -Wall -fstack-usage -fcyclomatic-complexity -MMD -MP -MF"Core/Src/lcd1602.d" -MT"Core/Src/lcd1602.o" --specs=nano.specs -mfpu=fpv4-sp-d16 -mfloat-abi=hard -mthumb -o "Core/Src/lcd1602.o"
In file included from ../Drivers/STM32F4xx_HAL_Driver/Inc/stm32f4xx_hal_rcc.h:31,
                 from ../Core/Inc/stm32f4xx_hal_conf.h:275,
                 from ../Drivers/STM32F4xx_HAL_Driver/Inc/stm32f4xx_hal.h:29,
                 from ../Drivers/CMSIS/Device/ST/STM32F4xx/Include/stm32f4xx.h:287,
                 from C:\Users\user\STM32Cube\Repository\STM32Cube_FW_F4_V1.28.1\Drivers\STM32F4xx_HAL_Driver\Inc\stm32f4xx_hal_def.h:29,
                 from C:\Users\user\STM32Cube\Repository\STM32Cube_FW_F4_V1.28.1\Drivers\STM32F4xx_HAL_Driver\Inc\stm32f4xx_hal_i2c.h:28,
                 from ../Core/Src/lcd1602.c:8:
../Drivers/STM32F4xx_HAL_Driver/Inc/stm32f4xx_hal_rcc_ex.h:6806:1: error: unknown type name 'HAL_StatusTypeDef'
 6806 | HAL_StatusTypeDef HAL_RCCEx_PeriphCLKConfig(RCC_PeriphCLKInitTypeDef  *PeriphClkInit);
      | ^~~~~~~~~~~~~~~~~
../Drivers/STM32F4xx_HAL_Driver/Inc/stm32f4xx_hal_rcc_ex.h:6818:1: error: unknown type name 'HAL_StatusTypeDef'
 6818 | HAL_StatusTypeDef HAL_RCCEx_EnablePLLI2S(RCC_PLLI2SInitTypeDef  *PLLI2SInit);
      | ^~~~~~~~~~~~~~~~~
../Drivers/STM32F4xx_HAL_Driver/Inc/stm32f4xx_hal_rcc_ex.h:6819:1: error: unknown type name 'HAL_StatusTypeDef'
 6819 | HAL_StatusTypeDef HAL_RCCEx_DisablePLLI2S(void);
      | ^~~~~~~~~~~~~~~~~
In file included from ../Core/Inc/stm32f4xx_hal_conf.h:275,
                 from ../Drivers/STM32F4xx_HAL_Driver/Inc/stm32f4xx_hal.h:29,
                 from ../Drivers/CMSIS/Device/ST/STM32F4xx/Include/stm32f4xx.h:287,
                 from C:\Users\user\STM32Cube\Repository\STM32Cube_FW_F4_V1.28.1\Drivers\STM32F4xx_HAL_Driver\Inc\stm32f4xx_hal_def.h:29,
                 from C:\Users\user\STM32Cube\Repository\STM32Cube_FW_F4_V1.28.1\Drivers\STM32F4xx_HAL_Driver\Inc\stm32f4xx_hal_i2c.h:28,
                 from ../Core/Src/lcd1602.c:8:
../Drivers/STM32F4xx_HAL_Driver/Inc/stm32f4xx_hal_rcc.h:1244:1: error: unknown type name 'HAL_StatusTypeDef'
 1244 | HAL_StatusTypeDef HAL_RCC_DeInit(void);
      | ^~~~~~~~~~~~~~~~~
../Drivers/STM32F4xx_HAL_Driver/Inc/stm32f4xx_hal_rcc.h:1245:1: error: unknown type name 'HAL_StatusTypeDef'
 1245 | HAL_StatusTypeDef HAL_RCC_OscConfig(RCC_OscInitTypeDef *RCC_OscInitStruct);
      | ^~~~~~~~~~~~~~~~~
../Drivers/STM32F4xx_HAL_Driver/Inc/stm32f4xx_hal_rcc.h:1246:1: error: unknown type name 'HAL_StatusTypeDef'
 1246 | HAL_StatusTypeDef HAL_RCC_ClockConfig(RCC_ClkInitTypeDef *RCC_ClkInitStruct, uint32_t FLatency);
      | ^~~~~~~~~~~~~~~~~
In file included from ../Core/Inc/stm32f4xx_hal_conf.h:279,
                 from ../Drivers/STM32F4xx_HAL_Driver/Inc/stm32f4xx_hal.h:29,
                 from ../Drivers/CMSIS/Device/ST/STM32F4xx/Include/stm32f4xx.h:287,
                 from C:\Users\user\STM32Cube\Repository\STM32Cube_FW_F4_V1.28.1\Drivers\STM32F4xx_HAL_Driver\Inc\stm32f4xx_hal_def.h:29,
                 from C:\Users\user\STM32Cube\Repository\STM32Cube_FW_F4_V1.28.1\Drivers\STM32F4xx_HAL_Driver\Inc\stm32f4xx_hal_i2c.h:28,
                 from ../Core/Src/lcd1602.c:8:
../Drivers/STM32F4xx_HAL_Driver/Inc/stm32f4xx_hal_gpio.h:237:1: error: unknown type name 'HAL_StatusTypeDef'
  237 | HAL_StatusTypeDef HAL_GPIO_LockPin(GPIO_TypeDef* GPIOx, uint16_t GPIO_Pin);
      | ^~~~~~~~~~~~~~~~~
In file included from ../Core/Inc/stm32f4xx_hal_conf.h:283,
                 from ../Drivers/STM32F4xx_HAL_Driver/Inc/stm32f4xx_hal.h:29,
                 from ../Drivers/CMSIS/Device/ST/STM32F4xx/Include/stm32f4xx.h:287,
                 from C:\Users\user\STM32Cube\Repository\STM32Cube_FW_F4_V1.28.1\Drivers\STM32F4xx_HAL_Driver\Inc\stm32f4xx_hal_def.h:29,
                 from C:\Users\user\STM32Cube\Repository\STM32Cube_FW_F4_V1.28.1\Drivers\STM32F4xx_HAL_Driver\Inc\stm32f4xx_hal_i2c.h:28,
                 from ../Core/Src/lcd1602.c:8:
../Drivers/STM32F4xx_HAL_Driver/Inc/stm32f4xx_hal_exti.h:326:1: error: unknown type name 'HAL_StatusTypeDef'
  326 | HAL_StatusTypeDef HAL_EXTI_SetConfigLine(EXTI_HandleTypeDef *hexti, EXTI_ConfigTypeDef *pExtiConfig);
      | ^~~~~~~~~~~~~~~~~
../Drivers/STM32F4xx_HAL_Driver/Inc/stm32f4xx_hal_exti.h:327:1: error: unknown type name 'HAL_StatusTypeDef'
  327 | HAL_StatusTypeDef HAL_EXTI_GetConfigLine(EXTI_HandleTypeDef *hexti, EXTI_ConfigTypeDef *pExtiConfig);
      | ^~~~~~~~~~~~~~~~~
../Drivers/STM32F4xx_HAL_Driver/Inc/stm32f4xx_hal_exti.h:328:1: error: unknown type name 'HAL_StatusTypeDef'
  328 | HAL_StatusTypeDef HAL_EXTI_ClearConfigLine(EXTI_HandleTypeDef *hexti);
      | ^~~~~~~~~~~~~~~~~
../Drivers/STM32F4xx_HAL_Driver/Inc/stm32f4xx_hal_exti.h:329:1: error: unknown type name 'HAL_StatusTypeDef'
  329 | HAL_StatusTypeDef HAL_EXTI_RegisterCallback(EXTI_HandleTypeDef *hexti, EXTI_CallbackIDTypeDef CallbackID, void (*pPendingCbfn)(void));
      | ^~~~~~~~~~~~~~~~~
../Drivers/STM32F4xx_HAL_Driver/Inc/stm32f4xx_hal_exti.h:330:1: error: unknown type name 'HAL_StatusTypeDef'
  330 | HAL_StatusTypeDef HAL_EXTI_GetHandle(EXTI_HandleTypeDef *hexti, uint32_t ExtiLine);
      | ^~~~~~~~~~~~~~~~~
In file included from ../Core/Inc/stm32f4xx_hal_conf.h:287,
                 from ../Drivers/STM32F4xx_HAL_Driver/Inc/stm32f4xx_hal.h:29,
                 from ../Drivers/CMSIS/Device/ST/STM32F4xx/Include/stm32f4xx.h:287,
                 from C:\Users\user\STM32Cube\Repository\STM32Cube_FW_F4_V1.28.1\Drivers\STM32F4xx_HAL_Driver\Inc\stm32f4xx_hal_def.h:29,
                 from C:\Users\user\STM32Cube\Repository\STM32Cube_FW_F4_V1.28.1\Drivers\STM32F4xx_HAL_Driver\Inc\stm32f4xx_hal_i2c.h:28,
                 from ../Core/Src/lcd1602.c:8:
../Drivers/STM32F4xx_HAL_Driver/Inc/stm32f4xx_hal_dma.h:144:3: error: unknown type name 'HAL_LockTypeDef'
  144 |   HAL_LockTypeDef            Lock;                                                             /*!< DMA locking object                     */
      |   ^~~~~~~~~~~~~~~
In file included from ../Drivers/STM32F4xx_HAL_Driver/Inc/stm32f4xx_hal_dma.h:639,
                 from ../Core/Inc/stm32f4xx_hal_conf.h:287,
                 from ../Drivers/STM32F4xx_HAL_Driver/Inc/stm32f4xx_hal.h:29,
                 from ../Drivers/CMSIS/Device/ST/STM32F4xx/Include/stm32f4xx.h:287,
                 from C:\Users\user\STM32Cube\Repository\STM32Cube_FW_F4_V1.28.1\Drivers\STM32F4xx_HAL_Driver\Inc\stm32f4xx_hal_def.h:29,
                 from C:\Users\user\STM32Cube\Repository\STM32Cube_FW_F4_V1.28.1\Drivers\STM32F4xx_HAL_Driver\Inc\stm32f4xx_hal_i2c.h:28,
                 from ../Core/Src/lcd1602.c:8:
../Drivers/STM32F4xx_HAL_Driver/Inc/stm32f4xx_hal_dma_ex.h:69:1: error: unknown type name 'HAL_StatusTypeDef'; did you mean 'HAL_DMA_StateTypeDef'?
   69 | HAL_StatusTypeDef HAL_DMAEx_MultiBufferStart(DMA_HandleTypeDef *hdma, uint32_t SrcAddress, uint32_t DstAddress, uint32_t SecondMemAddress, uint32_t DataLength);
      | ^~~~~~~~~~~~~~~~~
      | HAL_DMA_StateTypeDef
In file included from ../Drivers/STM32F4xx_HAL_Driver/Inc/stm32f4xx_hal_dma.h:639,
                 from ../Core/Inc/stm32f4xx_hal_conf.h:287,
                 from ../Drivers/STM32F4xx_HAL_Driver/Inc/stm32f4xx_hal.h:29,
                 from ../Drivers/CMSIS/Device/ST/STM32F4xx/Include/stm32f4xx.h:287,
                 from C:\Users\user\STM32Cube\Repository\STM32Cube_FW_F4_V1.28.1\Drivers\STM32F4xx_HAL_Driver\Inc\stm32f4xx_hal_def.h:29,
                 from C:\Users\user\STM32Cube\Repository\STM32Cube_FW_F4_V1.28.1\Drivers\STM32F4xx_HAL_Driver\Inc\stm32f4xx_hal_i2c.h:28,
                 from ../Core/Src/lcd1602.c:8:
../Drivers/STM32F4xx_HAL_Driver/Inc/stm32f4xx_hal_dma_ex.h:70:1: error: unknown type name 'HAL_StatusTypeDef'; did you mean 'HAL_DMA_StateTypeDef'?
   70 | HAL_StatusTypeDef HAL_DMAEx_MultiBufferStart_IT(DMA_HandleTypeDef *hdma, uint32_t SrcAddress, uint32_t DstAddress, uint32_t SecondMemAddress, uint32_t DataLength);
      | ^~~~~~~~~~~~~~~~~
      | HAL_DMA_StateTypeDef
../Drivers/STM32F4xx_HAL_Driver/Inc/stm32f4xx_hal_dma_ex.h:71:1: error: unknown type name 'HAL_StatusTypeDef'; did you mean 'HAL_DMA_StateTypeDef'?
   71 | HAL_StatusTypeDef HAL_DMAEx_ChangeMemory(DMA_HandleTypeDef *hdma, uint32_t Address, HAL_DMA_MemoryTypeDef memory);
      | ^~~~~~~~~~~~~~~~~
      | HAL_DMA_StateTypeDef
In file included from ../Core/Inc/stm32f4xx_hal_conf.h:287,
                 from ../Drivers/STM32F4xx_HAL_Driver/Inc/stm32f4xx_hal.h:29,
                 from ../Drivers/CMSIS/Device/ST/STM32F4xx/Include/stm32f4xx.h:287,
                 from C:\Users\user\STM32Cube\Repository\STM32Cube_FW_F4_V1.28.1\Drivers\STM32F4xx_HAL_Driver\Inc\stm32f4xx_hal_def.h:29,
                 from C:\Users\user\STM32Cube\Repository\STM32Cube_FW_F4_V1.28.1\Drivers\STM32F4xx_HAL_Driver\Inc\stm32f4xx_hal_i2c.h:28,
                 from ../Core/Src/lcd1602.c:8:
../Drivers/STM32F4xx_HAL_Driver/Inc/stm32f4xx_hal_dma.h:652:1: error: unknown type name 'HAL_StatusTypeDef'; did you mean 'HAL_DMA_StateTypeDef'?
  652 | HAL_StatusTypeDef HAL_DMA_Init(DMA_HandleTypeDef *hdma);
      | ^~~~~~~~~~~~~~~~~
      | HAL_DMA_StateTypeDef
../Drivers/STM32F4xx_HAL_Driver/Inc/stm32f4xx_hal_dma.h:653:1: error: unknown type name 'HAL_StatusTypeDef'; did you mean 'HAL_DMA_StateTypeDef'?
  653 | HAL_StatusTypeDef HAL_DMA_DeInit(DMA_HandleTypeDef *hdma);
      | ^~~~~~~~~~~~~~~~~
      | HAL_DMA_StateTypeDef
../Drivers/STM32F4xx_HAL_Driver/Inc/stm32f4xx_hal_dma.h:662:1: error: unknown type name 'HAL_StatusTypeDef'; did you mean 'HAL_DMA_StateTypeDef'?
  662 | HAL_StatusTypeDef HAL_DMA_Start (DMA_HandleTypeDef *hdma, uint32_t SrcAddress, uint32_t DstAddress, uint32_t DataLength);
      | ^~~~~~~~~~~~~~~~~
      | HAL_DMA_StateTypeDef
../Drivers/STM32F4xx_HAL_Driver/Inc/stm32f4xx_hal_dma.h:663:1: error: unknown type name 'HAL_StatusTypeDef'; did you mean 'HAL_DMA_StateTypeDef'?
  663 | HAL_StatusTypeDef HAL_DMA_Start_IT(DMA_HandleTypeDef *hdma, uint32_t SrcAddress, uint32_t DstAddress, uint32_t DataLength);
      | ^~~~~~~~~~~~~~~~~
      | HAL_DMA_StateTypeDef
../Drivers/STM32F4xx_HAL_Driver/Inc/stm32f4xx_hal_dma.h:664:1: error: unknown type name 'HAL_StatusTypeDef'; did you mean 'HAL_DMA_StateTypeDef'?
  664 | HAL_StatusTypeDef HAL_DMA_Abort(DMA_HandleTypeDef *hdma);
      | ^~~~~~~~~~~~~~~~~
      | HAL_DMA_StateTypeDef
../Drivers/STM32F4xx_HAL_Driver/Inc/stm32f4xx_hal_dma.h:665:1: error: unknown type name 'HAL_StatusTypeDef'; did you mean 'HAL_DMA_StateTypeDef'?
  665 | HAL_StatusTypeDef HAL_DMA_Abort_IT(DMA_HandleTypeDef *hdma);
      | ^~~~~~~~~~~~~~~~~
      | HAL_DMA_StateTypeDef
../Drivers/STM32F4xx_HAL_Driver/Inc/stm32f4xx_hal_dma.h:666:1: error: unknown type name 'HAL_StatusTypeDef'; did you mean 'HAL_DMA_StateTypeDef'?
  666 | HAL_StatusTypeDef HAL_DMA_PollForTransfer(DMA_HandleTypeDef *hdma, HAL_DMA_LevelCompleteTypeDef CompleteLevel, uint32_t Timeout);
      | ^~~~~~~~~~~~~~~~~
      | HAL_DMA_StateTypeDef
In file included from ../Core/Inc/stm32f4xx_hal_conf.h:287,
                 from ../Drivers/STM32F4xx_HAL_Driver/Inc/stm32f4xx_hal.h:29,
                 from ../Drivers/CMSIS/Device/ST/STM32F4xx/Include/stm32f4xx.h:287,
                 from C:\Users\user\STM32Cube\Repository\STM32Cube_FW_F4_V1.28.1\Drivers\STM32F4xx_HAL_Driver\Inc\stm32f4xx_hal_def.h:29,
                 from C:\Users\user\STM32Cube\Repository\STM32Cube_FW_F4_V1.28.1\Drivers\STM32F4xx_HAL_Driver\Inc\stm32f4xx_hal_i2c.h:28,
                 from ../Core/Src/lcd1602.c:8:
../Drivers/STM32F4xx_HAL_Driver/Inc/stm32f4xx_hal_dma.h:668:1: error: unknown type name 'HAL_StatusTypeDef'; did you mean 'HAL_DMA_StateTypeDef'?
  668 | HAL_StatusTypeDef HAL_DMA_CleanCallbacks(DMA_HandleTypeDef *hdma);
      | ^~~~~~~~~~~~~~~~~
      | HAL_DMA_StateTypeDef
../Drivers/STM32F4xx_HAL_Driver/Inc/stm32f4xx_hal_dma.h:669:1: error: unknown type name 'HAL_StatusTypeDef'; did you mean 'HAL_DMA_StateTypeDef'?
  669 | HAL_StatusTypeDef HAL_DMA_RegisterCallback(DMA_HandleTypeDef *hdma, HAL_DMA_CallbackIDTypeDef CallbackID, void (* pCallback)(DMA_HandleTypeDef *_hdma));
      | ^~~~~~~~~~~~~~~~~
      | HAL_DMA_StateTypeDef
../Drivers/STM32F4xx_HAL_Driver/Inc/stm32f4xx_hal_dma.h:670:1: error: unknown type name 'HAL_StatusTypeDef'; did you mean 'HAL_DMA_StateTypeDef'?
  670 | HAL_StatusTypeDef HAL_DMA_UnRegisterCallback(DMA_HandleTypeDef *hdma, HAL_DMA_CallbackIDTypeDef CallbackID);
      | ^~~~~~~~~~~~~~~~~
      | HAL_DMA_StateTypeDef
In file included from ../Core/Inc/stm32f4xx_hal_conf.h:335,
                 from ../Drivers/STM32F4xx_HAL_Driver/Inc/stm32f4xx_hal.h:29,
                 from ../Drivers/CMSIS/Device/ST/STM32F4xx/Include/stm32f4xx.h:287,
                 from C:\Users\user\STM32Cube\Repository\STM32Cube_FW_F4_V1.28.1\Drivers\STM32F4xx_HAL_Driver\Inc\stm32f4xx_hal_def.h:29,
                 from C:\Users\user\STM32Cube\Repository\STM32Cube_FW_F4_V1.28.1\Drivers\STM32F4xx_HAL_Driver\Inc\stm32f4xx_hal_i2c.h:28,
                 from ../Core/Src/lcd1602.c:8:
../Drivers/STM32F4xx_HAL_Driver/Inc/stm32f4xx_hal_flash.h:70:3: error: unknown type name 'HAL_LockTypeDef'
   70 |   HAL_LockTypeDef             Lock;               /* FLASH locking object                */
      |   ^~~~~~~~~~~~~~~
In file included from ../Drivers/STM32F4xx_HAL_Driver/Inc/stm32f4xx_hal_flash.h:295,
                 from ../Core/Inc/stm32f4xx_hal_conf.h:335,
                 from ../Drivers/STM32F4xx_HAL_Driver/Inc/stm32f4xx_hal.h:29,
                 from ../Drivers/CMSIS/Device/ST/STM32F4xx/Include/stm32f4xx.h:287,
                 from C:\Users\user\STM32Cube\Repository\STM32Cube_FW_F4_V1.28.1\Drivers\STM32F4xx_HAL_Driver\Inc\stm32f4xx_hal_def.h:29,
                 from C:\Users\user\STM32Cube\Repository\STM32Cube_FW_F4_V1.28.1\Drivers\STM32F4xx_HAL_Driver\Inc\stm32f4xx_hal_i2c.h:28,
                 from ../Core/Src/lcd1602.c:8:
../Drivers/STM32F4xx_HAL_Driver/Inc/stm32f4xx_hal_flash_ex.h:725:1: error: unknown type name 'HAL_StatusTypeDef'; did you mean 'HAL_DMA_StateTypeDef'?
  725 | HAL_StatusTypeDef HAL_FLASHEx_Erase(FLASH_EraseInitTypeDef *pEraseInit, uint32_t *SectorError);
      | ^~~~~~~~~~~~~~~~~
      | HAL_DMA_StateTypeDef
../Drivers/STM32F4xx_HAL_Driver/Inc/stm32f4xx_hal_flash_ex.h:726:1: error: unknown type name 'HAL_StatusTypeDef'; did you mean 'HAL_DMA_StateTypeDef'?
  726 | HAL_StatusTypeDef HAL_FLASHEx_Erase_IT(FLASH_EraseInitTypeDef *pEraseInit);
      | ^~~~~~~~~~~~~~~~~
      | HAL_DMA_StateTypeDef
../Drivers/STM32F4xx_HAL_Driver/Inc/stm32f4xx_hal_flash_ex.h:727:1: error: unknown type name 'HAL_StatusTypeDef'; did you mean 'HAL_DMA_StateTypeDef'?
  727 | HAL_StatusTypeDef HAL_FLASHEx_OBProgram(FLASH_OBProgramInitTypeDef *pOBInit);
      | ^~~~~~~~~~~~~~~~~
      | HAL_DMA_StateTypeDef
../Drivers/STM32F4xx_HAL_Driver/Inc/stm32f4xx_hal_flash_ex.h:735:1: error: unknown type name 'HAL_StatusTypeDef'; did you mean 'HAL_DMA_StateTypeDef'?
  735 | HAL_StatusTypeDef HAL_FLASHEx_AdvOBProgram(FLASH_AdvOBProgramInitTypeDef *pAdvOBInit);
      | ^~~~~~~~~~~~~~~~~
      | HAL_DMA_StateTypeDef
../Drivers/STM32F4xx_HAL_Driver/Inc/stm32f4xx_hal_flash_ex.h:737:1: error: unknown type name 'HAL_StatusTypeDef'; did you mean 'HAL_DMA_StateTypeDef'?
  737 | HAL_StatusTypeDef HAL_FLASHEx_OB_SelectPCROP(void);
      | ^~~~~~~~~~~~~~~~~
      | HAL_DMA_StateTypeDef
../Drivers/STM32F4xx_HAL_Driver/Inc/stm32f4xx_hal_flash_ex.h:738:1: error: unknown type name 'HAL_StatusTypeDef'; did you mean 'HAL_DMA_StateTypeDef'?
  738 | HAL_StatusTypeDef HAL_FLASHEx_OB_DeSelectPCROP(void);
      | ^~~~~~~~~~~~~~~~~
      | HAL_DMA_StateTypeDef
In file included from ../Drivers/STM32F4xx_HAL_Driver/Inc/stm32f4xx_hal_flash.h:296,
                 from ../Core/Inc/stm32f4xx_hal_conf.h:335,
                 from ../Drivers/STM32F4xx_HAL_Driver/Inc/stm32f4xx_hal.h:29,
                 from ../Drivers/CMSIS/Device/ST/STM32F4xx/Include/stm32f4xx.h:287,
                 from C:\Users\user\STM32Cube\Repository\STM32Cube_FW_F4_V1.28.1\Drivers\STM32F4xx_HAL_Driver\Inc\stm32f4xx_hal_def.h:29,
                 from C:\Users\user\STM32Cube\Repository\STM32Cube_FW_F4_V1.28.1\Drivers\STM32F4xx_HAL_Driver\Inc\stm32f4xx_hal_i2c.h:28,
                 from ../Core/Src/lcd1602.c:8:
../Drivers/STM32F4xx_HAL_Driver/Inc/stm32f4xx_hal_flash_ramfunc.h:49:1: error: unknown type name '__RAM_FUNC'
   49 | __RAM_FUNC HAL_StatusTypeDef HAL_FLASHEx_StopFlashInterfaceClk(void);
      | ^~~~~~~~~~
../Drivers/STM32F4xx_HAL_Driver/Inc/stm32f4xx_hal_flash_ramfunc.h:49:30: error: expected '=', ',', ';', 'asm' or '__attribute__' before 'HAL_FLASHEx_StopFlashInterfaceClk'
   49 | __RAM_FUNC HAL_StatusTypeDef HAL_FLASHEx_StopFlashInterfaceClk(void);
      |                              ^~~~~~~~~~~~~~~~~~~~~~~~~~~~~~~~~
../Drivers/STM32F4xx_HAL_Driver/Inc/stm32f4xx_hal_flash_ramfunc.h:50:1: error: unknown type name '__RAM_FUNC'
   50 | __RAM_FUNC HAL_StatusTypeDef HAL_FLASHEx_StartFlashInterfaceClk(void);
      | ^~~~~~~~~~
../Drivers/STM32F4xx_HAL_Driver/Inc/stm32f4xx_hal_flash_ramfunc.h:50:30: error: expected '=', ',', ';', 'asm' or '__attribute__' before 'HAL_FLASHEx_StartFlashInterfaceClk'
   50 | __RAM_FUNC HAL_StatusTypeDef HAL_FLASHEx_StartFlashInterfaceClk(void);
      |                              ^~~~~~~~~~~~~~~~~~~~~~~~~~~~~~~~~~
../Drivers/STM32F4xx_HAL_Driver/Inc/stm32f4xx_hal_flash_ramfunc.h:51:1: error: unknown type name '__RAM_FUNC'
   51 | __RAM_FUNC HAL_StatusTypeDef HAL_FLASHEx_EnableFlashSleepMode(void);
      | ^~~~~~~~~~
../Drivers/STM32F4xx_HAL_Driver/Inc/stm32f4xx_hal_flash_ramfunc.h:51:30: error: expected '=', ',', ';', 'asm' or '__attribute__' before 'HAL_FLASHEx_EnableFlashSleepMode'
   51 | __RAM_FUNC HAL_StatusTypeDef HAL_FLASHEx_EnableFlashSleepMode(void);
      |                              ^~~~~~~~~~~~~~~~~~~~~~~~~~~~~~~~
../Drivers/STM32F4xx_HAL_Driver/Inc/stm32f4xx_hal_flash_ramfunc.h:52:1: error: unknown type name '__RAM_FUNC'
   52 | __RAM_FUNC HAL_StatusTypeDef HAL_FLASHEx_DisableFlashSleepMode(void);
      | ^~~~~~~~~~
../Drivers/STM32F4xx_HAL_Driver/Inc/stm32f4xx_hal_flash_ramfunc.h:52:30: error: expected '=', ',', ';', 'asm' or '__attribute__' before 'HAL_FLASHEx_DisableFlashSleepMode'
   52 | __RAM_FUNC HAL_StatusTypeDef HAL_FLASHEx_DisableFlashSleepMode(void);
      |                              ^~~~~~~~~~~~~~~~~~~~~~~~~~~~~~~~~
In file included from ../Core/Inc/stm32f4xx_hal_conf.h:335,
                 from ../Drivers/STM32F4xx_HAL_Driver/Inc/stm32f4xx_hal.h:29,
                 from ../Drivers/CMSIS/Device/ST/STM32F4xx/Include/stm32f4xx.h:287,
                 from C:\Users\user\STM32Cube\Repository\STM32Cube_FW_F4_V1.28.1\Drivers\STM32F4xx_HAL_Driver\Inc\stm32f4xx_hal_def.h:29,
                 from C:\Users\user\STM32Cube\Repository\STM32Cube_FW_F4_V1.28.1\Drivers\STM32F4xx_HAL_Driver\Inc\stm32f4xx_hal_i2c.h:28,
                 from ../Core/Src/lcd1602.c:8:
../Drivers/STM32F4xx_HAL_Driver/Inc/stm32f4xx_hal_flash.h:306:1: error: unknown type name 'HAL_StatusTypeDef'; did you mean 'HAL_DMA_StateTypeDef'?
  306 | HAL_StatusTypeDef HAL_FLASH_Program(uint32_t TypeProgram, uint32_t Address, uint64_t Data);
      | ^~~~~~~~~~~~~~~~~
      | HAL_DMA_StateTypeDef
../Drivers/STM32F4xx_HAL_Driver/Inc/stm32f4xx_hal_flash.h:307:1: error: unknown type name 'HAL_StatusTypeDef'; did you mean 'HAL_DMA_StateTypeDef'?
  307 | HAL_StatusTypeDef HAL_FLASH_Program_IT(uint32_t TypeProgram, uint32_t Address, uint64_t Data);
      | ^~~~~~~~~~~~~~~~~
      | HAL_DMA_StateTypeDef
../Drivers/STM32F4xx_HAL_Driver/Inc/stm32f4xx_hal_flash.h:321:1: error: unknown type name 'HAL_StatusTypeDef'; did you mean 'HAL_DMA_StateTypeDef'?
  321 | HAL_StatusTypeDef HAL_FLASH_Unlock(void);
      | ^~~~~~~~~~~~~~~~~
      | HAL_DMA_StateTypeDef
../Drivers/STM32F4xx_HAL_Driver/Inc/stm32f4xx_hal_flash.h:322:1: error: unknown type name 'HAL_StatusTypeDef'; did you mean 'HAL_DMA_StateTypeDef'?
  322 | HAL_StatusTypeDef HAL_FLASH_Lock(void);
      | ^~~~~~~~~~~~~~~~~
      | HAL_DMA_StateTypeDef
../Drivers/STM32F4xx_HAL_Driver/Inc/stm32f4xx_hal_flash.h:323:1: error: unknown type name 'HAL_StatusTypeDef'; did you mean 'HAL_DMA_StateTypeDef'?
  323 | HAL_StatusTypeDef HAL_FLASH_OB_Unlock(void);
      | ^~~~~~~~~~~~~~~~~
      | HAL_DMA_StateTypeDef
../Drivers/STM32F4xx_HAL_Driver/Inc/stm32f4xx_hal_flash.h:324:1: error: unknown type name 'HAL_StatusTypeDef'; did you mean 'HAL_DMA_StateTypeDef'?
  324 | HAL_StatusTypeDef HAL_FLASH_OB_Lock(void);
      | ^~~~~~~~~~~~~~~~~
      | HAL_DMA_StateTypeDef
../Drivers/STM32F4xx_HAL_Driver/Inc/stm32f4xx_hal_flash.h:326:1: error: unknown type name 'HAL_StatusTypeDef'; did you mean 'HAL_DMA_StateTypeDef'?
  326 | HAL_StatusTypeDef HAL_FLASH_OB_Launch(void);
      | ^~~~~~~~~~~~~~~~~
      | HAL_DMA_StateTypeDef
../Drivers/STM32F4xx_HAL_Driver/Inc/stm32f4xx_hal_flash.h:336:1: error: unknown type name 'HAL_StatusTypeDef'; did you mean 'HAL_DMA_StateTypeDef'?
  336 | HAL_StatusTypeDef FLASH_WaitForLastOperation(uint32_t Timeout);
      | ^~~~~~~~~~~~~~~~~
      | HAL_DMA_StateTypeDef
In file included from ../Drivers/STM32F4xx_HAL_Driver/Inc/stm32f4xx_hal_pwr.h:275,
                 from ../Core/Inc/stm32f4xx_hal_conf.h:383,
                 from ../Drivers/STM32F4xx_HAL_Driver/Inc/stm32f4xx_hal.h:29,
                 from ../Drivers/CMSIS/Device/ST/STM32F4xx/Include/stm32f4xx.h:287,
                 from C:\Users\user\STM32Cube\Repository\STM32Cube_FW_F4_V1.28.1\Drivers\STM32F4xx_HAL_Driver\Inc\stm32f4xx_hal_def.h:29,
                 from C:\Users\user\STM32Cube\Repository\STM32Cube_FW_F4_V1.28.1\Drivers\STM32F4xx_HAL_Driver\Inc\stm32f4xx_hal_i2c.h:28,
                 from ../Core/Src/lcd1602.c:8:
../Drivers/STM32F4xx_HAL_Driver/Inc/stm32f4xx_hal_pwr_ex.h:205:1: error: unknown type name 'HAL_StatusTypeDef'; did you mean 'HAL_DMA_StateTypeDef'?
  205 | HAL_StatusTypeDef HAL_PWREx_EnableBkUpReg(void);
      | ^~~~~~~~~~~~~~~~~
      | HAL_DMA_StateTypeDef
../Drivers/STM32F4xx_HAL_Driver/Inc/stm32f4xx_hal_pwr_ex.h:206:1: error: unknown type name 'HAL_StatusTypeDef'; did you mean 'HAL_DMA_StateTypeDef'?
  206 | HAL_StatusTypeDef HAL_PWREx_DisableBkUpReg(void);
      | ^~~~~~~~~~~~~~~~~
      | HAL_DMA_StateTypeDef
../Drivers/STM32F4xx_HAL_Driver/Inc/stm32f4xx_hal_pwr_ex.h:208:1: error: unknown type name 'HAL_StatusTypeDef'; did you mean 'HAL_DMA_StateTypeDef'?
  208 | HAL_StatusTypeDef HAL_PWREx_ControlVoltageScaling(uint32_t VoltageScaling);
      | ^~~~~~~~~~~~~~~~~
      | HAL_DMA_StateTypeDef
In file included from ../Core/Inc/stm32f4xx_hal_conf.h:411,
                 from ../Drivers/STM32F4xx_HAL_Driver/Inc/stm32f4xx_hal.h:29,
                 from ../Drivers/CMSIS/Device/ST/STM32F4xx/Include/stm32f4xx.h:287,
                 from C:\Users\user\STM32Cube\Repository\STM32Cube_FW_F4_V1.28.1\Drivers\STM32F4xx_HAL_Driver\Inc\stm32f4xx_hal_def.h:29,
                 from C:\Users\user\STM32Cube\Repository\STM32Cube_FW_F4_V1.28.1\Drivers\STM32F4xx_HAL_Driver\Inc\stm32f4xx_hal_i2c.h:28,
                 from ../Core/Src/lcd1602.c:8:
../Drivers/STM32F4xx_HAL_Driver/Inc/stm32f4xx_hal_uart.h:186:3: error: unknown type name 'HAL_LockTypeDef'
  186 |   HAL_LockTypeDef               Lock;             /*!< Locking object                     */
      |   ^~~~~~~~~~~~~~~
../Drivers/STM32F4xx_HAL_Driver/Inc/stm32f4xx_hal_uart.h:718:1: error: unknown type name 'HAL_StatusTypeDef'; did you mean 'HAL_DMA_StateTypeDef'?
  718 | HAL_StatusTypeDef HAL_UART_Init(UART_HandleTypeDef *huart);
      | ^~~~~~~~~~~~~~~~~
      | HAL_DMA_StateTypeDef
../Drivers/STM32F4xx_HAL_Driver/Inc/stm32f4xx_hal_uart.h:719:1: error: unknown type name 'HAL_StatusTypeDef'; did you mean 'HAL_DMA_StateTypeDef'?
  719 | HAL_StatusTypeDef HAL_HalfDuplex_Init(UART_HandleTypeDef *huart);
      | ^~~~~~~~~~~~~~~~~
      | HAL_DMA_StateTypeDef
../Drivers/STM32F4xx_HAL_Driver/Inc/stm32f4xx_hal_uart.h:720:1: error: unknown type name 'HAL_StatusTypeDef'; did you mean 'HAL_DMA_StateTypeDef'?
  720 | HAL_StatusTypeDef HAL_LIN_Init(UART_HandleTypeDef *huart, uint32_t BreakDetectLength);
      | ^~~~~~~~~~~~~~~~~
      | HAL_DMA_StateTypeDef
../Drivers/STM32F4xx_HAL_Driver/Inc/stm32f4xx_hal_uart.h:721:1: error: unknown type name 'HAL_StatusTypeDef'; did you mean 'HAL_DMA_StateTypeDef'?
  721 | HAL_StatusTypeDef HAL_MultiProcessor_Init(UART_HandleTypeDef *huart, uint8_t Address, uint32_t WakeUpMethod);
      | ^~~~~~~~~~~~~~~~~
      | HAL_DMA_StateTypeDef
../Drivers/STM32F4xx_HAL_Driver/Inc/stm32f4xx_hal_uart.h:722:1: error: unknown type name 'HAL_StatusTypeDef'; did you mean 'HAL_DMA_StateTypeDef'?
  722 | HAL_StatusTypeDef HAL_UART_DeInit(UART_HandleTypeDef *huart);
      | ^~~~~~~~~~~~~~~~~
      | HAL_DMA_StateTypeDef
../Drivers/STM32F4xx_HAL_Driver/Inc/stm32f4xx_hal_uart.h:745:1: error: unknown type name 'HAL_StatusTypeDef'; did you mean 'HAL_DMA_StateTypeDef'?
  745 | HAL_StatusTypeDef HAL_UART_Transmit(UART_HandleTypeDef *huart, const uint8_t *pData, uint16_t Size, uint32_t Timeout);
      | ^~~~~~~~~~~~~~~~~
      | HAL_DMA_StateTypeDef
../Drivers/STM32F4xx_HAL_Driver/Inc/stm32f4xx_hal_uart.h:746:1: error: unknown type name 'HAL_StatusTypeDef'; did you mean 'HAL_DMA_StateTypeDef'?
  746 | HAL_StatusTypeDef HAL_UART_Receive(UART_HandleTypeDef *huart, uint8_t *pData, uint16_t Size, uint32_t Timeout);
      | ^~~~~~~~~~~~~~~~~
      | HAL_DMA_StateTypeDef
../Drivers/STM32F4xx_HAL_Driver/Inc/stm32f4xx_hal_uart.h:747:1: error: unknown type name 'HAL_StatusTypeDef'; did you mean 'HAL_DMA_StateTypeDef'?
  747 | HAL_StatusTypeDef HAL_UART_Transmit_IT(UART_HandleTypeDef *huart, const uint8_t *pData, uint16_t Size);
      | ^~~~~~~~~~~~~~~~~
      | HAL_DMA_StateTypeDef
../Drivers/STM32F4xx_HAL_Driver/Inc/stm32f4xx_hal_uart.h:748:1: error: unknown type name 'HAL_StatusTypeDef'; did you mean 'HAL_DMA_StateTypeDef'?
  748 | HAL_StatusTypeDef HAL_UART_Receive_IT(UART_HandleTypeDef *huart, uint8_t *pData, uint16_t Size);
      | ^~~~~~~~~~~~~~~~~
      | HAL_DMA_StateTypeDef
../Drivers/STM32F4xx_HAL_Driver/Inc/stm32f4xx_hal_uart.h:749:1: error: unknown type name 'HAL_StatusTypeDef'; did you mean 'HAL_DMA_StateTypeDef'?
  749 | HAL_StatusTypeDef HAL_UART_Transmit_DMA(UART_HandleTypeDef *huart, const uint8_t *pData, uint16_t Size);
      | ^~~~~~~~~~~~~~~~~
      | HAL_DMA_StateTypeDef
../Drivers/STM32F4xx_HAL_Driver/Inc/stm32f4xx_hal_uart.h:750:1: error: unknown type name 'HAL_StatusTypeDef'; did you mean 'HAL_DMA_StateTypeDef'?
  750 | HAL_StatusTypeDef HAL_UART_Receive_DMA(UART_HandleTypeDef *huart, uint8_t *pData, uint16_t Size);
      | ^~~~~~~~~~~~~~~~~
      | HAL_DMA_StateTypeDef
../Drivers/STM32F4xx_HAL_Driver/Inc/stm32f4xx_hal_uart.h:751:1: error: unknown type name 'HAL_StatusTypeDef'; did you mean 'HAL_DMA_StateTypeDef'?
  751 | HAL_StatusTypeDef HAL_UART_DMAPause(UART_HandleTypeDef *huart);
      | ^~~~~~~~~~~~~~~~~
      | HAL_DMA_StateTypeDef
../Drivers/STM32F4xx_HAL_Driver/Inc/stm32f4xx_hal_uart.h:752:1: error: unknown type name 'HAL_StatusTypeDef'; did you mean 'HAL_DMA_StateTypeDef'?
  752 | HAL_StatusTypeDef HAL_UART_DMAResume(UART_HandleTypeDef *huart);
      | ^~~~~~~~~~~~~~~~~
      | HAL_DMA_StateTypeDef
../Drivers/STM32F4xx_HAL_Driver/Inc/stm32f4xx_hal_uart.h:753:1: error: unknown type name 'HAL_StatusTypeDef'; did you mean 'HAL_DMA_StateTypeDef'?
  753 | HAL_StatusTypeDef HAL_UART_DMAStop(UART_HandleTypeDef *huart);
      | ^~~~~~~~~~~~~~~~~
      | HAL_DMA_StateTypeDef
../Drivers/STM32F4xx_HAL_Driver/Inc/stm32f4xx_hal_uart.h:755:1: error: unknown type name 'HAL_StatusTypeDef'; did you mean 'HAL_DMA_StateTypeDef'?
  755 | HAL_StatusTypeDef HAL_UARTEx_ReceiveToIdle(UART_HandleTypeDef *huart, uint8_t *pData, uint16_t Size, uint16_t *RxLen,
      | ^~~~~~~~~~~~~~~~~
      | HAL_DMA_StateTypeDef
../Drivers/STM32F4xx_HAL_Driver/Inc/stm32f4xx_hal_uart.h:757:1: error: unknown type name 'HAL_StatusTypeDef'; did you mean 'HAL_DMA_StateTypeDef'?
  757 | HAL_StatusTypeDef HAL_UARTEx_ReceiveToIdle_IT(UART_HandleTypeDef *huart, uint8_t *pData, uint16_t Size);
      | ^~~~~~~~~~~~~~~~~
      | HAL_DMA_StateTypeDef
../Drivers/STM32F4xx_HAL_Driver/Inc/stm32f4xx_hal_uart.h:758:1: error: unknown type name 'HAL_StatusTypeDef'; did you mean 'HAL_DMA_StateTypeDef'?
  758 | HAL_StatusTypeDef HAL_UARTEx_ReceiveToIdle_DMA(UART_HandleTypeDef *huart, uint8_t *pData, uint16_t Size);
      | ^~~~~~~~~~~~~~~~~
      | HAL_DMA_StateTypeDef
../Drivers/STM32F4xx_HAL_Driver/Inc/stm32f4xx_hal_uart.h:763:1: error: unknown type name 'HAL_StatusTypeDef'; did you mean 'HAL_DMA_StateTypeDef'?
  763 | HAL_StatusTypeDef HAL_UART_Abort(UART_HandleTypeDef *huart);
      | ^~~~~~~~~~~~~~~~~
      | HAL_DMA_StateTypeDef
../Drivers/STM32F4xx_HAL_Driver/Inc/stm32f4xx_hal_uart.h:764:1: error: unknown type name 'HAL_StatusTypeDef'; did you mean 'HAL_DMA_StateTypeDef'?
  764 | HAL_StatusTypeDef HAL_UART_AbortTransmit(UART_HandleTypeDef *huart);
      | ^~~~~~~~~~~~~~~~~
      | HAL_DMA_StateTypeDef
../Drivers/STM32F4xx_HAL_Driver/Inc/stm32f4xx_hal_uart.h:765:1: error: unknown type name 'HAL_StatusTypeDef'; did you mean 'HAL_DMA_StateTypeDef'?
  765 | HAL_StatusTypeDef HAL_UART_AbortReceive(UART_HandleTypeDef *huart);
      | ^~~~~~~~~~~~~~~~~
      | HAL_DMA_StateTypeDef
../Drivers/STM32F4xx_HAL_Driver/Inc/stm32f4xx_hal_uart.h:766:1: error: unknown type name 'HAL_StatusTypeDef'; did you mean 'HAL_DMA_StateTypeDef'?
  766 | HAL_StatusTypeDef HAL_UART_Abort_IT(UART_HandleTypeDef *huart);
      | ^~~~~~~~~~~~~~~~~
      | HAL_DMA_StateTypeDef
../Drivers/STM32F4xx_HAL_Driver/Inc/stm32f4xx_hal_uart.h:767:1: error: unknown type name 'HAL_StatusTypeDef'; did you mean 'HAL_DMA_StateTypeDef'?
  767 | HAL_StatusTypeDef HAL_UART_AbortTransmit_IT(UART_HandleTypeDef *huart);
      | ^~~~~~~~~~~~~~~~~
      | HAL_DMA_StateTypeDef
../Drivers/STM32F4xx_HAL_Driver/Inc/stm32f4xx_hal_uart.h:768:1: error: unknown type name 'HAL_StatusTypeDef'; did you mean 'HAL_DMA_StateTypeDef'?
  768 | HAL_StatusTypeDef HAL_UART_AbortReceive_IT(UART_HandleTypeDef *huart);
      | ^~~~~~~~~~~~~~~~~
      | HAL_DMA_StateTypeDef
../Drivers/STM32F4xx_HAL_Driver/Inc/stm32f4xx_hal_uart.h:790:1: error: unknown type name 'HAL_StatusTypeDef'; did you mean 'HAL_DMA_StateTypeDef'?
  790 | HAL_StatusTypeDef HAL_LIN_SendBreak(UART_HandleTypeDef *huart);
      | ^~~~~~~~~~~~~~~~~
      | HAL_DMA_StateTypeDef
../Drivers/STM32F4xx_HAL_Driver/Inc/stm32f4xx_hal_uart.h:791:1: error: unknown type name 'HAL_StatusTypeDef'; did you mean 'HAL_DMA_StateTypeDef'?
  791 | HAL_StatusTypeDef HAL_MultiProcessor_EnterMuteMode(UART_HandleTypeDef *huart);
      | ^~~~~~~~~~~~~~~~~
      | HAL_DMA_StateTypeDef
../Drivers/STM32F4xx_HAL_Driver/Inc/stm32f4xx_hal_uart.h:792:1: error: unknown type name 'HAL_StatusTypeDef'; did you mean 'HAL_DMA_StateTypeDef'?
  792 | HAL_StatusTypeDef HAL_MultiProcessor_ExitMuteMode(UART_HandleTypeDef *huart);
      | ^~~~~~~~~~~~~~~~~
      | HAL_DMA_StateTypeDef
../Drivers/STM32F4xx_HAL_Driver/Inc/stm32f4xx_hal_uart.h:793:1: error: unknown type name 'HAL_StatusTypeDef'; did you mean 'HAL_DMA_StateTypeDef'?
  793 | HAL_StatusTypeDef HAL_HalfDuplex_EnableTransmitter(UART_HandleTypeDef *huart);
      | ^~~~~~~~~~~~~~~~~
      | HAL_DMA_StateTypeDef
../Drivers/STM32F4xx_HAL_Driver/Inc/stm32f4xx_hal_uart.h:794:1: error: unknown type name 'HAL_StatusTypeDef'; did you mean 'HAL_DMA_StateTypeDef'?
  794 | HAL_StatusTypeDef HAL_HalfDuplex_EnableReceiver(UART_HandleTypeDef *huart);
      | ^~~~~~~~~~~~~~~~~
      | HAL_DMA_StateTypeDef
../Drivers/STM32F4xx_HAL_Driver/Inc/stm32f4xx_hal_uart.h:889:1: error: unknown type name 'HAL_StatusTypeDef'; did you mean 'HAL_DMA_StateTypeDef'?
  889 | HAL_StatusTypeDef UART_Start_Receive_IT(UART_HandleTypeDef *huart, uint8_t *pData, uint16_t Size);
      | ^~~~~~~~~~~~~~~~~
      | HAL_DMA_StateTypeDef
../Drivers/STM32F4xx_HAL_Driver/Inc/stm32f4xx_hal_uart.h:890:1: error: unknown type name 'HAL_StatusTypeDef'; did you mean 'HAL_DMA_StateTypeDef'?
  890 | HAL_StatusTypeDef UART_Start_Receive_DMA(UART_HandleTypeDef *huart, uint8_t *pData, uint16_t Size);
      | ^~~~~~~~~~~~~~~~~
      | HAL_DMA_StateTypeDef
In file included from ../Drivers/CMSIS/Device/ST/STM32F4xx/Include/stm32f4xx.h:287,
                 from C:\Users\user\STM32Cube\Repository\STM32Cube_FW_F4_V1.28.1\Drivers\STM32F4xx_HAL_Driver\Inc\stm32f4xx_hal_def.h:29,
                 from C:\Users\user\STM32Cube\Repository\STM32Cube_FW_F4_V1.28.1\Drivers\STM32F4xx_HAL_Driver\Inc\stm32f4xx_hal_i2c.h:28,
                 from ../Core/Src/lcd1602.c:8:
../Drivers/STM32F4xx_HAL_Driver/Inc/stm32f4xx_hal.h:219:1: error: unknown type name 'HAL_StatusTypeDef'; did you mean 'HAL_DMA_StateTypeDef'?
  219 | HAL_StatusTypeDef HAL_Init(void);
      | ^~~~~~~~~~~~~~~~~
      | HAL_DMA_StateTypeDef
../Drivers/STM32F4xx_HAL_Driver/Inc/stm32f4xx_hal.h:220:1: error: unknown type name 'HAL_StatusTypeDef'; did you mean 'HAL_DMA_StateTypeDef'?
  220 | HAL_StatusTypeDef HAL_DeInit(void);
      | ^~~~~~~~~~~~~~~~~
      | HAL_DMA_StateTypeDef
../Drivers/STM32F4xx_HAL_Driver/Inc/stm32f4xx_hal.h:223:1: error: unknown type name 'HAL_StatusTypeDef'; did you mean 'HAL_DMA_StateTypeDef'?
  223 | HAL_StatusTypeDef HAL_InitTick (uint32_t TickPriority);
      | ^~~~~~~~~~~~~~~~~
      | HAL_DMA_StateTypeDef
../Drivers/STM32F4xx_HAL_Driver/Inc/stm32f4xx_hal.h:236:1: error: unknown type name 'HAL_StatusTypeDef'; did you mean 'HAL_DMA_StateTypeDef'?
  236 | HAL_StatusTypeDef HAL_SetTickFreq(HAL_TickFreqTypeDef Freq);
      | ^~~~~~~~~~~~~~~~~
      | HAL_DMA_StateTypeDef
../Core/Src/lcd1602.c: In function 'lcd_command':
../Core/Src/lcd1602.c:23:43: warning: pointer targets in passing argument 3 of 'HAL_I2C_Master_Transmit' differ in signedness [-Wpointer-sign]
   23 |   HAL_I2C_Master_Transmit(hi2c, I2C_ADDR, dd, 4, 10);
      |                                           ^~
      |                                           |
      |                                           char *
In file included from ../Core/Src/lcd1602.c:8:
C:\Users\user\STM32Cube\Repository\STM32Cube_FW_F4_V1.28.1\Drivers\STM32F4xx_HAL_Driver\Inc\stm32f4xx_hal_i2c.h:566:98: note: expected 'uint8_t *' {aka 'unsigned char *'} but argument is of type 'char *'
  566 | HAL_StatusTypeDef HAL_I2C_Master_Transmit(I2C_HandleTypeDef *hi2c, uint16_t DevAddress, uint8_t *pData, uint16_t Size, uint32_t Timeout);
      |                                                                                         ~~~~~~~~~^~~~~
make: *** [Core/Src/subdir.mk:40: Core/Src/lcd1602.o] Error 1
"make -j24 all" terminated with exit code 2. Build might be incomplete.
17:01:10 **** Incremental Build of configuration Debug for project Test005-LCD-1602 ****
make -j24 all 
arm-none-eabi-gcc "../Core/Src/lcd1602.c" -mcpu=cortex-m4 -std=gnu11 -g3 -DDEBUG -DUSE_HAL_DRIVER -DSTM32F411xE -c -I../Core/Inc -I../Drivers/STM32F4xx_HAL_Driver/Inc -I../Drivers/STM32F4xx_HAL_Driver/Inc/Legacy -I../Drivers/CMSIS/Device/ST/STM32F4xx/Include -I../Drivers/CMSIS/Include -O0 -ffunction-sections -fdata-sections -Wall -fstack-usage -fcyclomatic-complexity -MMD -MP -MF"Core/Src/lcd1602.d" -MT"Core/Src/lcd1602.o" --specs=nano.specs -mfpu=fpv4-sp-d16 -mfloat-abi=hard -mthumb -o "Core/Src/lcd1602.o"
../Core/Src/lcd1602.c:9:8: error: unknown type name 'I2C_HandleTypeDef'
    9 | extern I2C_HandleTypeDef *hi2c; // = extern I2C_HandleTypeDef hi2c1; but pointer is better
      |        ^~~~~~~~~~~~~~~~~
../Core/Src/lcd1602.c: In function 'lcd_command':
../Core/Src/lcd1602.c:22:3: warning: implicit declaration of function 'HAL_I2C_Master_Transmit' [-Wimplicit-function-declaration]
   22 |   HAL_I2C_Master_Transmit(hi2c, I2C_ADDR, dd, 4, 10);
      |   ^~~~~~~~~~~~~~~~~~~~~~~
make: *** [Core/Src/subdir.mk:40: Core/Src/lcd1602.o] Error 1
"make -j24 all" terminated with exit code 2. Build might be incomplete.
09:51:21 **** Incremental Build of configuration Debug for project Test005-LCD-1602 ****
make -j24 all 
arm-none-eabi-gcc "../Core/Src/lcd1602.c" -mcpu=cortex-m4 -std=gnu11 -g3 -DDEBUG -DUSE_HAL_DRIVER -DSTM32F411xE -c -I../Core/Inc -I../Drivers/STM32F4xx_HAL_Driver/Inc -I../Drivers/STM32F4xx_HAL_Driver/Inc/Legacy -I../Drivers/CMSIS/Device/ST/STM32F4xx/Include -I../Drivers/CMSIS/Include -O0 -ffunction-sections -fdata-sections -Wall -fstack-usage -fcyclomatic-complexity -MMD -MP -MF"Core/Src/lcd1602.d" -MT"Core/Src/lcd1602.o" --specs=nano.specs -mfpu=fpv4-sp-d16 -mfloat-abi=hard -mthumb -o "Core/Src/lcd1602.o"
arm-none-eabi-gcc "C:/Users/user/source/repos/STM32/Test003-uart/Core/Src/myLib.c" -mcpu=cortex-m4 -std=gnu11 -g3 -DDEBUG -DUSE_HAL_DRIVER -DSTM32F411xE -c -I../Core/Inc -I../Drivers/STM32F4xx_HAL_Driver/Inc -I../Drivers/STM32F4xx_HAL_Driver/Inc/Legacy -I../Drivers/CMSIS/Device/ST/STM32F4xx/Include -I../Drivers/CMSIS/Include -O0 -ffunction-sections -fdata-sections -Wall -fstack-usage -fcyclomatic-complexity -MMD -MP -MF"Core/Src/myLib.d" -MT"Core/Src/myLib.o" --specs=nano.specs -mfpu=fpv4-sp-d16 -mfloat-abi=hard -mthumb -o "Core/Src/myLib.o"
../Core/Src/lcd1602.c: In function 'i2c_scan':
../Core/Src/lcd1602.c:20:20: warning: 'return' with no value, in function returning non-void [-Wreturn-type]
   20 |   if(hi2c == NULL) return;
      |                    ^~~~~~
../Core/Src/lcd1602.c:18:5: note: declared here
   18 | int i2c_scan ()
      |     ^~~~~~~~
../Core/Src/lcd1602.c:25:11: warning: implicit declaration of function 'printf' [-Wimplicit-function-declaration]
   25 |           printf("  %02x", addr);
      |           ^~~~~~
C:/Users/user/source/repos/STM32/Test003-uart/Core/Src/myLib.c: In function '__io_putchar':
../Core/Src/lcd1602.c:9:1: note: include '<stdio.h>' or provide a declaration of 'printf'
    8 | #include "main.h"
  +++ |+#include <stdio.h>
    9 | //extern I2C_HandleTypeDef *hi2c; // = extern I2C_HandleTypeDef hi2c1; but pointer is better
C:/Users/user/source/repos/STM32/Test003-uart/Core/Src/myLib.c:15:31: warning: passing argument 2 of 'HAL_UART_Transmit' from incompatible pointer type [-Wincompatible-pointer-types]
   15 |   HAL_UART_Transmit (&huart2, &ch, 1, 10);
      |                               ^~~
      |                               |
      |                               int *
../Core/Src/lcd1602.c:25:11: warning: incompatible implicit declaration of built-in function 'printf' [-Wbuiltin-declaration-mismatch]
   25 |           printf("  %02x", addr);
      |           ^~~~~~
In file included from ../Core/Inc/stm32f4xx_hal_conf.h:411,
                 from ../Drivers/STM32F4xx_HAL_Driver/Inc/stm32f4xx_hal.h:29,
                 from ../Core/Inc/main.h:30,
                 from C:/Users/user/source/repos/STM32/Test003-uart/Core/Src/myLib.c:7:
../Drivers/STM32F4xx_HAL_Driver/Inc/stm32f4xx_hal_uart.h:745:79: note: expected 'const uint8_t *' {aka 'const unsigned char *'} but argument is of type 'int *'
  745 | HAL_StatusTypeDef HAL_UART_Transmit(UART_HandleTypeDef *huart, const uint8_t *pData, uint16_t Size, uint32_t Timeout);
      |                                                                ~~~~~~~~~~~~~~~^~~~~
../Core/Src/lcd1602.c:25:11: note: include '<stdio.h>' or provide a declaration of 'printf'
C:/Users/user/source/repos/STM32/Test003-uart/Core/Src/myLib.c: In function 'ProgramStart':
C:/Users/user/source/repos/STM32/Test003-uart/Core/Src/myLib.c:32:3: warning: implicit declaration of function 'cls' [-Wimplicit-function-declaration]
   32 |   cls();
      |   ^~~
../Core/Src/lcd1602.c:29:11: warning: incompatible implicit declaration of built-in function 'printf' [-Wbuiltin-declaration-mismatch]
   29 |           printf("  .  ");
      |           ^~~~~~
../Core/Src/lcd1602.c:29:11: note: include '<stdio.h>' or provide a declaration of 'printf'
../Core/Src/lcd1602.c:31:28: warning: incompatible implicit declaration of built-in function 'printf' [-Wbuiltin-declaration-mismatch]
   31 |       if((addr % 16) == 0) printf("\r\n");
      |                            ^~~~~~
../Core/Src/lcd1602.c:31:28: note: include '<stdio.h>' or provide a declaration of 'printf'
../Core/Src/lcd1602.c: In function 'lcd_command':
../Core/Src/lcd1602.c:45:43: warning: pointer targets in passing argument 3 of 'HAL_I2C_Master_Transmit' differ in signedness [-Wpointer-sign]
   45 |   HAL_I2C_Master_Transmit(hi2c, I2C_ADDR, dd, 4, 10);
      |                                           ^~
      |                                           |
      |                                           char *
C:/Users/user/source/repos/STM32/Test003-uart/Core/Src/myLib.c:33:3: warning: implicit declaration of function 'Cursor' [-Wimplicit-function-declaration]
   33 |   Cursor(0, 0);
      |   ^~~~~~
C:/Users/user/source/repos/STM32/Test003-uart/Core/Src/myLib.c:34:3: warning: implicit declaration of function 'printf' [-Wimplicit-function-declaration]
   34 |   printf ("Program Name - %s\r\n", str);
      |   ^~~~~~
C:/Users/user/source/repos/STM32/Test003-uart/Core/Src/myLib.c:9:1: note: include '<stdio.h>' or provide a declaration of 'printf'
    8 | #include "C:\Users\user\STM32Cube\Repository\STM32Cube_FW_F4_V1.28.1\Drivers\STM32F4xx_HAL_Driver\Inc\stm32f4xx_hal_i2c.h"
  +++ |+#include <stdio.h>
    9 | extern UART_HandleTypeDef huart2;
C:/Users/user/source/repos/STM32/Test003-uart/Core/Src/myLib.c:34:3: warning: incompatible implicit declaration of built-in function 'printf' [-Wbuiltin-declaration-mismatch]
   34 |   printf ("Program Name - %s\r\n", str);
      |   ^~~~~~
C:/Users/user/source/repos/STM32/Test003-uart/Core/Src/myLib.c:34:3: note: include '<stdio.h>' or provide a declaration of 'printf'
In file included from ../Core/Inc/stm32f4xx_hal_conf.h:363,
                 from ../Drivers/STM32F4xx_HAL_Driver/Inc/stm32f4xx_hal.h:29,
                 from ../Core/Inc/main.h:30,
                 from ../Core/Src/lcd1602.c:8:
../Drivers/STM32F4xx_HAL_Driver/Inc/stm32f4xx_hal_i2c.h:566:98: note: expected 'uint8_t *' {aka 'unsigned char *'} but argument is of type 'char *'
  566 | HAL_StatusTypeDef HAL_I2C_Master_Transmit(I2C_HandleTypeDef *hi2c, uint16_t DevAddress, uint8_t *pData, uint16_t Size, uint32_t Timeout);
      |                                                                                         ~~~~~~~~~^~~~~
C:/Users/user/source/repos/STM32/Test003-uart/Core/Src/myLib.c: At top level:
C:/Users/user/source/repos/STM32/Test003-uart/Core/Src/myLib.c:40:6: warning: conflicting types for 'cls'; have 'void()'
   40 | void cls()
      |      ^~~
C:/Users/user/source/repos/STM32/Test003-uart/Core/Src/myLib.c:32:3: note: previous implicit declaration of 'cls' with type 'void()'
   32 |   cls();
      |   ^~~
C:/Users/user/source/repos/STM32/Test003-uart/Core/Src/myLib.c: In function 'cls':
C:/Users/user/source/repos/STM32/Test003-uart/Core/Src/myLib.c:42:3: warning: incompatible implicit declaration of built-in function 'printf' [-Wbuiltin-declaration-mismatch]
   42 |   printf("\033[2J");
      |   ^~~~~~
C:/Users/user/source/repos/STM32/Test003-uart/Core/Src/myLib.c:42:3: note: include '<stdio.h>' or provide a declaration of 'printf'
C:/Users/user/source/repos/STM32/Test003-uart/Core/Src/myLib.c: At top level:
C:/Users/user/source/repos/STM32/Test003-uart/Core/Src/myLib.c:44:6: warning: conflicting types for 'Cursor'; have 'void(int,  int)'
   44 | void Cursor(int x, int y)
      |      ^~~~~~
C:/Users/user/source/repos/STM32/Test003-uart/Core/Src/myLib.c:33:3: note: previous implicit declaration of 'Cursor' with type 'void(int,  int)'
   33 |   Cursor(0, 0);
      |   ^~~~~~
../Core/Src/lcd1602.c: In function 'i2c_init':
../Core/Src/lcd1602.c:16:1: warning: control reaches end of non-void function [-Wreturn-type]
   16 | }
      | ^
C:/Users/user/source/repos/STM32/Test003-uart/Core/Src/myLib.c: In function 'Cursor':
C:/Users/user/source/repos/STM32/Test003-uart/Core/Src/myLib.c:47:3: warning: implicit declaration of function 'sprintf' [-Wimplicit-function-declaration]
   47 |   sprintf(buf,"\033[%d;%dH", y, x);
      |   ^~~~~~~
C:/Users/user/source/repos/STM32/Test003-uart/Core/Src/myLib.c:47:3: note: include '<stdio.h>' or provide a declaration of 'sprintf'
C:/Users/user/source/repos/STM32/Test003-uart/Core/Src/myLib.c:47:3: warning: incompatible implicit declaration of built-in function 'sprintf' [-Wbuiltin-declaration-mismatch]
C:/Users/user/source/repos/STM32/Test003-uart/Core/Src/myLib.c:47:3: note: include '<stdio.h>' or provide a declaration of 'sprintf'
C:/Users/user/source/repos/STM32/Test003-uart/Core/Src/myLib.c:48:3: warning: implicit declaration of function 'puts' [-Wimplicit-function-declaration]
   48 |   puts(buf);
      |   ^~~~
C:/Users/user/source/repos/STM32/Test003-uart/Core/Src/myLib.c:48:3: note: include '<stdio.h>' or provide a declaration of 'puts'
arm-none-eabi-gcc -o "Test005-LCD-1602.elf" @"objects.list"   -mcpu=cortex-m4 -T"C:\Users\user\source\repos\STM32\Test005-LCD-1602\STM32F411RETX_FLASH.ld" --specs=nosys.specs -Wl,-Map="Test005-LCD-1602.map" -Wl,--gc-sections -static --specs=nano.specs -mfpu=fpv4-sp-d16 -mfloat-abi=hard -mthumb -Wl,--start-group -lc -lm -Wl,--end-group
Finished building target: Test005-LCD-1602.elf
 
arm-none-eabi-size  Test005-LCD-1602.elf 
arm-none-eabi-objdump -h -S Test005-LCD-1602.elf  > "Test005-LCD-1602.list"
   text	   data	    bss	    dec	    hex	filename
  15828	    112	   2064	  18004	   4654	Test005-LCD-1602.elf
Finished building: default.size.stdout
 
Finished building: Test005-LCD-1602.list
 
09:51:34 **** Incremental Build of configuration Debug for project Test005-LCD-1602 ****
make -j24 all 
arm-none-eabi-size  Test005-LCD-1602.elf 
   text	   data	    bss	    dec	    hex	filename
  15828	    112	   2064	  18004	   4654	Test005-LCD-1602.elf
Finished building: default.size.stdout
 
10:34:21 **** Incremental Build of configuration Debug for project Test005-LCD-1602 ****
make -j24 all 
arm-none-eabi-gcc "../Core/Src/lcd1602.c" -mcpu=cortex-m4 -std=gnu11 -g3 -DDEBUG -DUSE_HAL_DRIVER -DSTM32F411xE -c -I../Core/Inc -I../Drivers/STM32F4xx_HAL_Driver/Inc -I../Drivers/STM32F4xx_HAL_Driver/Inc/Legacy -I../Drivers/CMSIS/Device/ST/STM32F4xx/Include -I../Drivers/CMSIS/Include -O0 -ffunction-sections -fdata-sections -Wall -fstack-usage -fcyclomatic-complexity -MMD -MP -MF"Core/Src/lcd1602.d" -MT"Core/Src/lcd1602.o" --specs=nano.specs -mfpu=fpv4-sp-d16 -mfloat-abi=hard -mthumb -o "Core/Src/lcd1602.o"
arm-none-eabi-gcc "../Core/Src/main.c" -mcpu=cortex-m4 -std=gnu11 -g3 -DDEBUG -DUSE_HAL_DRIVER -DSTM32F411xE -c -I../Core/Inc -I../Drivers/STM32F4xx_HAL_Driver/Inc -I../Drivers/STM32F4xx_HAL_Driver/Inc/Legacy -I../Drivers/CMSIS/Device/ST/STM32F4xx/Include -I../Drivers/CMSIS/Include -O0 -ffunction-sections -fdata-sections -Wall -fstack-usage -fcyclomatic-complexity -MMD -MP -MF"Core/Src/main.d" -MT"Core/Src/main.o" --specs=nano.specs -mfpu=fpv4-sp-d16 -mfloat-abi=hard -mthumb -o "Core/Src/main.o"
../Core/Src/lcd1602.c: In function 'i2c_scan':
../Core/Src/lcd1602.c:20:20: warning: 'return' with no value, in function returning non-void [-Wreturn-type]
   20 |   if(hi2c == NULL) return;
      |                    ^~~~~~
../Core/Src/lcd1602.c:18:5: note: declared here
   18 | int i2c_scan ()
      |     ^~~~~~~~
../Core/Src/lcd1602.c:25:11: warning: implicit declaration of function 'printf' [-Wimplicit-function-declaration]
   25 |           printf("  %02x", addr);
      |           ^~~~~~
../Core/Src/lcd1602.c:9:1: note: include '<stdio.h>' or provide a declaration of 'printf'
    8 | #include "main.h"
  +++ |+#include <stdio.h>
    9 | //extern I2C_HandleTypeDef *hi2c; // = extern I2C_HandleTypeDef hi2c1; but pointer is better
../Core/Src/lcd1602.c:25:11: warning: incompatible implicit declaration of built-in function 'printf' [-Wbuiltin-declaration-mismatch]
   25 |           printf("  %02x", addr);
      |           ^~~~~~
../Core/Src/lcd1602.c:25:11: note: include '<stdio.h>' or provide a declaration of 'printf'
../Core/Src/lcd1602.c:29:11: warning: incompatible implicit declaration of built-in function 'printf' [-Wbuiltin-declaration-mismatch]
   29 |           printf("  .  ");
      |           ^~~~~~
../Core/Src/lcd1602.c:29:11: note: include '<stdio.h>' or provide a declaration of 'printf'
../Core/Src/lcd1602.c:31:28: warning: incompatible implicit declaration of built-in function 'printf' [-Wbuiltin-declaration-mismatch]
   31 |       if((addr % 16) == 0) printf("\r\n");
      |                            ^~~~~~
../Core/Src/lcd1602.c:31:28: note: include '<stdio.h>' or provide a declaration of 'printf'
../Core/Src/lcd1602.c: In function 'lcd_command':
../Core/Src/lcd1602.c:48:43: warning: pointer targets in passing argument 3 of 'HAL_I2C_Master_Transmit' differ in signedness [-Wpointer-sign]
   48 |   HAL_I2C_Master_Transmit(hi2c, I2C_ADDR, dd, 4, 10);
      |                                           ^~
      |                                           |
      |                                           char *
In file included from ../Core/Inc/stm32f4xx_hal_conf.h:363,
                 from ../Drivers/STM32F4xx_HAL_Driver/Inc/stm32f4xx_hal.h:29,
                 from ../Core/Inc/main.h:30,
                 from ../Core/Src/lcd1602.c:8:
../Drivers/STM32F4xx_HAL_Driver/Inc/stm32f4xx_hal_i2c.h:566:98: note: expected 'uint8_t *' {aka 'unsigned char *'} but argument is of type 'char *'
  566 | HAL_StatusTypeDef HAL_I2C_Master_Transmit(I2C_HandleTypeDef *hi2c, uint16_t DevAddress, uint8_t *pData, uint16_t Size, uint32_t Timeout);
      |                                                                                         ~~~~~~~~~^~~~~
../Core/Src/lcd1602.c: In function 'lcd_data':
../Core/Src/lcd1602.c:63:45: warning: pointer targets in passing argument 3 of 'HAL_I2C_Master_Transmit' differ in signedness [-Wpointer-sign]
   63 |     HAL_I2C_Master_Transmit(hi2c, I2C_ADDR, dd, 4, 10);
      |                                             ^~
      |                                             |
      |                                             char *
In file included from ../Core/Inc/stm32f4xx_hal_conf.h:363,
                 from ../Drivers/STM32F4xx_HAL_Driver/Inc/stm32f4xx_hal.h:29,
                 from ../Core/Inc/main.h:30,
                 from ../Core/Src/lcd1602.c:8:
../Drivers/STM32F4xx_HAL_Driver/Inc/stm32f4xx_hal_i2c.h:566:98: note: expected 'uint8_t *' {aka 'unsigned char *'} but argument is of type 'char *'
  566 | HAL_StatusTypeDef HAL_I2C_Master_Transmit(I2C_HandleTypeDef *hi2c, uint16_t DevAddress, uint8_t *pData, uint16_t Size, uint32_t Timeout);
      |                                                                                         ~~~~~~~~~^~~~~
../Core/Src/lcd1602.c: In function 'i2c_init':
../Core/Src/lcd1602.c:16:1: warning: control reaches end of non-void function [-Wreturn-type]
   16 | }
      | ^
../Core/Src/main.c: In function 'main':
../Core/Src/main.c:97:3: warning: implicit declaration of function 'ProgramStart' [-Wimplicit-function-declaration]
   97 |   ProgramStart("LCD (1602)");
      |   ^~~~~~~~~~~~
../Core/Src/main.c:98:3: warning: implicit declaration of function 'i2c_init' [-Wimplicit-function-declaration]
   98 |   i2c_init(&hi2c1);
      |   ^~~~~~~~
../Core/Src/main.c:99:3: warning: implicit declaration of function 'i2c_scan' [-Wimplicit-function-declaration]
   99 |   i2c_scan ();
      |   ^~~~~~~~
../Core/Src/main.c:101:3: warning: implicit declaration of function 'lcd_test' [-Wimplicit-function-declaration]
  101 |   lcd_test();
      |   ^~~~~~~~
arm-none-eabi-gcc -o "Test005-LCD-1602.elf" @"objects.list"   -mcpu=cortex-m4 -T"C:\Users\user\source\repos\STM32\Test005-LCD-1602\STM32F411RETX_FLASH.ld" --specs=nosys.specs -Wl,-Map="Test005-LCD-1602.map" -Wl,--gc-sections -static --specs=nano.specs -mfpu=fpv4-sp-d16 -mfloat-abi=hard -mthumb -Wl,--start-group -lc -lm -Wl,--end-group
Finished building target: Test005-LCD-1602.elf
 
arm-none-eabi-size  Test005-LCD-1602.elf 
arm-none-eabi-objdump -h -S Test005-LCD-1602.elf  > "Test005-LCD-1602.list"
   text	   data	    bss	    dec	    hex	filename
  17448	    112	   2064	  19624	   4ca8	Test005-LCD-1602.elf
Finished building: default.size.stdout
 
Finished building: Test005-LCD-1602.list
 
10:37:33 **** Incremental Build of configuration Debug for project Test005-LCD-1602 ****
make -j24 all 
arm-none-eabi-gcc "../Core/Src/main.c" -mcpu=cortex-m4 -std=gnu11 -g3 -DDEBUG -DUSE_HAL_DRIVER -DSTM32F411xE -c -I../Core/Inc -I../Drivers/STM32F4xx_HAL_Driver/Inc -I../Drivers/STM32F4xx_HAL_Driver/Inc/Legacy -I../Drivers/CMSIS/Device/ST/STM32F4xx/Include -I../Drivers/CMSIS/Include -O0 -ffunction-sections -fdata-sections -Wall -fstack-usage -fcyclomatic-complexity -MMD -MP -MF"Core/Src/main.d" -MT"Core/Src/main.o" --specs=nano.specs -mfpu=fpv4-sp-d16 -mfloat-abi=hard -mthumb -o "Core/Src/main.o"
../Core/Src/main.c: In function 'main':
../Core/Src/main.c:97:3: warning: implicit declaration of function 'ProgramStart' [-Wimplicit-function-declaration]
   97 |   ProgramStart("LCD (1602)");
      |   ^~~~~~~~~~~~
../Core/Src/main.c:98:3: warning: implicit declaration of function 'i2c_init' [-Wimplicit-function-declaration]
   98 |   i2c_init(&hi2c1);
      |   ^~~~~~~~
../Core/Src/main.c:99:3: warning: implicit declaration of function 'i2c_scan' [-Wimplicit-function-declaration]
   99 |   i2c_scan ();
      |   ^~~~~~~~
../Core/Src/main.c:100:3: warning: implicit declaration of function 'lcd_init' [-Wimplicit-function-declaration]
  100 |   lcd_init();
      |   ^~~~~~~~
../Core/Src/main.c:102:3: warning: implicit declaration of function 'lcd_test' [-Wimplicit-function-declaration]
  102 |   lcd_test();
      |   ^~~~~~~~
arm-none-eabi-gcc -o "Test005-LCD-1602.elf" @"objects.list"   -mcpu=cortex-m4 -T"C:\Users\user\source\repos\STM32\Test005-LCD-1602\STM32F411RETX_FLASH.ld" --specs=nosys.specs -Wl,-Map="Test005-LCD-1602.map" -Wl,--gc-sections -static --specs=nano.specs -mfpu=fpv4-sp-d16 -mfloat-abi=hard -mthumb -Wl,--start-group -lc -lm -Wl,--end-group
Finished building target: Test005-LCD-1602.elf
 
arm-none-eabi-size  Test005-LCD-1602.elf 
arm-none-eabi-objdump -h -S Test005-LCD-1602.elf  > "Test005-LCD-1602.list"
   text	   data	    bss	    dec	    hex	filename
  17588	    112	   2064	  19764	   4d34	Test005-LCD-1602.elf
Finished building: default.size.stdout
 
Finished building: Test005-LCD-1602.list
 
10:38:10 **** Incremental Build of configuration Debug for project Test005-LCD-1602 ****
make -j24 all 
arm-none-eabi-gcc "../Core/Src/main.c" -mcpu=cortex-m4 -std=gnu11 -g3 -DDEBUG -DUSE_HAL_DRIVER -DSTM32F411xE -c -I../Core/Inc -I../Drivers/STM32F4xx_HAL_Driver/Inc -I../Drivers/STM32F4xx_HAL_Driver/Inc/Legacy -I../Drivers/CMSIS/Device/ST/STM32F4xx/Include -I../Drivers/CMSIS/Include -O0 -ffunction-sections -fdata-sections -Wall -fstack-usage -fcyclomatic-complexity -MMD -MP -MF"Core/Src/main.d" -MT"Core/Src/main.o" --specs=nano.specs -mfpu=fpv4-sp-d16 -mfloat-abi=hard -mthumb -o "Core/Src/main.o"
../Core/Src/main.c: In function 'main':
../Core/Src/main.c:97:3: warning: implicit declaration of function 'ProgramStart' [-Wimplicit-function-declaration]
   97 |   ProgramStart("LCD (1602)");
      |   ^~~~~~~~~~~~
../Core/Src/main.c:98:3: warning: implicit declaration of function 'i2c_init' [-Wimplicit-function-declaration]
   98 |   i2c_init(&hi2c1);
      |   ^~~~~~~~
../Core/Src/main.c:99:3: warning: implicit declaration of function 'i2c_scan' [-Wimplicit-function-declaration]
   99 |   i2c_scan ();
      |   ^~~~~~~~
../Core/Src/main.c:100:3: warning: implicit declaration of function 'lcd_init' [-Wimplicit-function-declaration]
  100 |   lcd_init(&hi2cl);
      |   ^~~~~~~~
../Core/Src/main.c:100:13: error: 'hi2cl' undeclared (first use in this function); did you mean 'hi2c1'?
  100 |   lcd_init(&hi2cl);
      |             ^~~~~
      |             hi2c1
../Core/Src/main.c:100:13: note: each undeclared identifier is reported only once for each function it appears in
../Core/Src/main.c:102:3: warning: implicit declaration of function 'lcd_test' [-Wimplicit-function-declaration]
  102 |   lcd_test();
      |   ^~~~~~~~
make: *** [Core/Src/subdir.mk:40: Core/Src/main.o] Error 1
"make -j24 all" terminated with exit code 2. Build might be incomplete.
10:38:22 **** Incremental Build of configuration Debug for project Test005-LCD-1602 ****
make -j24 all 
arm-none-eabi-gcc "../Core/Src/main.c" -mcpu=cortex-m4 -std=gnu11 -g3 -DDEBUG -DUSE_HAL_DRIVER -DSTM32F411xE -c -I../Core/Inc -I../Drivers/STM32F4xx_HAL_Driver/Inc -I../Drivers/STM32F4xx_HAL_Driver/Inc/Legacy -I../Drivers/CMSIS/Device/ST/STM32F4xx/Include -I../Drivers/CMSIS/Include -O0 -ffunction-sections -fdata-sections -Wall -fstack-usage -fcyclomatic-complexity -MMD -MP -MF"Core/Src/main.d" -MT"Core/Src/main.o" --specs=nano.specs -mfpu=fpv4-sp-d16 -mfloat-abi=hard -mthumb -o "Core/Src/main.o"
../Core/Src/main.c: In function 'main':
../Core/Src/main.c:97:3: warning: implicit declaration of function 'ProgramStart' [-Wimplicit-function-declaration]
   97 |   ProgramStart("LCD (1602)");
      |   ^~~~~~~~~~~~
../Core/Src/main.c:98:3: warning: implicit declaration of function 'i2c_init' [-Wimplicit-function-declaration]
   98 |   i2c_init(&hi2c1);
      |   ^~~~~~~~
../Core/Src/main.c:99:3: warning: implicit declaration of function 'i2c_scan' [-Wimplicit-function-declaration]
   99 |   i2c_scan ();
      |   ^~~~~~~~
../Core/Src/main.c:100:3: warning: implicit declaration of function 'lcd_init' [-Wimplicit-function-declaration]
  100 |   lcd_init(&hi2c1);
      |   ^~~~~~~~
../Core/Src/main.c:102:3: warning: implicit declaration of function 'lcd_test' [-Wimplicit-function-declaration]
  102 |   lcd_test();
      |   ^~~~~~~~
arm-none-eabi-gcc -o "Test005-LCD-1602.elf" @"objects.list"   -mcpu=cortex-m4 -T"C:\Users\user\source\repos\STM32\Test005-LCD-1602\STM32F411RETX_FLASH.ld" --specs=nosys.specs -Wl,-Map="Test005-LCD-1602.map" -Wl,--gc-sections -static --specs=nano.specs -mfpu=fpv4-sp-d16 -mfloat-abi=hard -mthumb -Wl,--start-group -lc -lm -Wl,--end-group
Finished building target: Test005-LCD-1602.elf
 
arm-none-eabi-size  Test005-LCD-1602.elf 
arm-none-eabi-objdump -h -S Test005-LCD-1602.elf  > "Test005-LCD-1602.list"
   text	   data	    bss	    dec	    hex	filename
  17588	    112	   2064	  19764	   4d34	Test005-LCD-1602.elf
Finished building: default.size.stdout
 
Finished building: Test005-LCD-1602.list
 
10:40:12 **** Incremental Build of configuration Debug for project Test005-LCD-1602 ****
make -j24 all 
arm-none-eabi-gcc "../Core/Src/main.c" -mcpu=cortex-m4 -std=gnu11 -g3 -DDEBUG -DUSE_HAL_DRIVER -DSTM32F411xE -c -I../Core/Inc -I../Drivers/STM32F4xx_HAL_Driver/Inc -I../Drivers/STM32F4xx_HAL_Driver/Inc/Legacy -I../Drivers/CMSIS/Device/ST/STM32F4xx/Include -I../Drivers/CMSIS/Include -O0 -ffunction-sections -fdata-sections -Wall -fstack-usage -fcyclomatic-complexity -MMD -MP -MF"Core/Src/main.d" -MT"Core/Src/main.o" --specs=nano.specs -mfpu=fpv4-sp-d16 -mfloat-abi=hard -mthumb -o "Core/Src/main.o"
../Core/Src/main.c: In function 'main':
../Core/Src/main.c:97:3: warning: implicit declaration of function 'ProgramStart' [-Wimplicit-function-declaration]
   97 |   ProgramStart("LCD (1602)");
      |   ^~~~~~~~~~~~
../Core/Src/main.c:98:3: warning: implicit declaration of function 'i2c_init' [-Wimplicit-function-declaration]
   98 |   i2c_init(&hi2c1);
      |   ^~~~~~~~
../Core/Src/main.c:99:3: warning: implicit declaration of function 'i2c_scan' [-Wimplicit-function-declaration]
   99 |   i2c_scan ();
      |   ^~~~~~~~
../Core/Src/main.c:100:3: warning: implicit declaration of function 'lcd_init' [-Wimplicit-function-declaration]
  100 |   lcd_init();  HAL_Delay(10);
      |   ^~~~~~~~
../Core/Src/main.c:102:3: warning: implicit declaration of function 'lcd_test' [-Wimplicit-function-declaration]
  102 |   lcd_test();
      |   ^~~~~~~~
arm-none-eabi-gcc -o "Test005-LCD-1602.elf" @"objects.list"   -mcpu=cortex-m4 -T"C:\Users\user\source\repos\STM32\Test005-LCD-1602\STM32F411RETX_FLASH.ld" --specs=nosys.specs -Wl,-Map="Test005-LCD-1602.map" -Wl,--gc-sections -static --specs=nano.specs -mfpu=fpv4-sp-d16 -mfloat-abi=hard -mthumb -Wl,--start-group -lc -lm -Wl,--end-group
Finished building target: Test005-LCD-1602.elf
 
arm-none-eabi-size  Test005-LCD-1602.elf 
arm-none-eabi-objdump -h -S Test005-LCD-1602.elf  > "Test005-LCD-1602.list"
   text	   data	    bss	    dec	    hex	filename
  17664	    112	   2064	  19840	   4d80	Test005-LCD-1602.elf
Finished building: default.size.stdout
 
Finished building: Test005-LCD-1602.list
 
10:41:36 **** Incremental Build of configuration Debug for project Test005-LCD-1602 ****
make -j24 all 
arm-none-eabi-gcc "../Core/Src/lcd1602.c" -mcpu=cortex-m4 -std=gnu11 -g3 -DDEBUG -DUSE_HAL_DRIVER -DSTM32F411xE -c -I../Core/Inc -I../Drivers/STM32F4xx_HAL_Driver/Inc -I../Drivers/STM32F4xx_HAL_Driver/Inc/Legacy -I../Drivers/CMSIS/Device/ST/STM32F4xx/Include -I../Drivers/CMSIS/Include -O0 -ffunction-sections -fdata-sections -Wall -fstack-usage -fcyclomatic-complexity -MMD -MP -MF"Core/Src/lcd1602.d" -MT"Core/Src/lcd1602.o" --specs=nano.specs -mfpu=fpv4-sp-d16 -mfloat-abi=hard -mthumb -o "Core/Src/lcd1602.o"
../Core/Src/lcd1602.c: In function 'i2c_scan':
../Core/Src/lcd1602.c:20:20: warning: 'return' with no value, in function returning non-void [-Wreturn-type]
   20 |   if(hi2c == NULL) return;
      |                    ^~~~~~
../Core/Src/lcd1602.c:18:5: note: declared here
   18 | int i2c_scan ()
      |     ^~~~~~~~
../Core/Src/lcd1602.c:25:11: warning: implicit declaration of function 'printf' [-Wimplicit-function-declaration]
   25 |           printf("  %02x", addr);
      |           ^~~~~~
../Core/Src/lcd1602.c:9:1: note: include '<stdio.h>' or provide a declaration of 'printf'
    8 | #include "main.h"
  +++ |+#include <stdio.h>
    9 | //extern I2C_HandleTypeDef *hi2c; // = extern I2C_HandleTypeDef hi2c1; but pointer is better
../Core/Src/lcd1602.c:25:11: warning: incompatible implicit declaration of built-in function 'printf' [-Wbuiltin-declaration-mismatch]
   25 |           printf("  %02x", addr);
      |           ^~~~~~
../Core/Src/lcd1602.c:25:11: note: include '<stdio.h>' or provide a declaration of 'printf'
../Core/Src/lcd1602.c:29:11: warning: incompatible implicit declaration of built-in function 'printf' [-Wbuiltin-declaration-mismatch]
   29 |           printf("  .  ");
      |           ^~~~~~
../Core/Src/lcd1602.c:29:11: note: include '<stdio.h>' or provide a declaration of 'printf'
../Core/Src/lcd1602.c:31:28: warning: incompatible implicit declaration of built-in function 'printf' [-Wbuiltin-declaration-mismatch]
   31 |       if((addr % 16) == 0) printf("\r\n");
      |                            ^~~~~~
../Core/Src/lcd1602.c:31:28: note: include '<stdio.h>' or provide a declaration of 'printf'
../Core/Src/lcd1602.c: In function 'lcd_command':
../Core/Src/lcd1602.c:48:43: warning: pointer targets in passing argument 3 of 'HAL_I2C_Master_Transmit' differ in signedness [-Wpointer-sign]
   48 |   HAL_I2C_Master_Transmit(hi2c, I2C_ADDR, dd, 4, 10);
      |                                           ^~
      |                                           |
      |                                           char *
In file included from ../Core/Inc/stm32f4xx_hal_conf.h:363,
                 from ../Drivers/STM32F4xx_HAL_Driver/Inc/stm32f4xx_hal.h:29,
                 from ../Core/Inc/main.h:30,
                 from ../Core/Src/lcd1602.c:8:
../Drivers/STM32F4xx_HAL_Driver/Inc/stm32f4xx_hal_i2c.h:566:98: note: expected 'uint8_t *' {aka 'unsigned char *'} but argument is of type 'char *'
  566 | HAL_StatusTypeDef HAL_I2C_Master_Transmit(I2C_HandleTypeDef *hi2c, uint16_t DevAddress, uint8_t *pData, uint16_t Size, uint32_t Timeout);
      |                                                                                         ~~~~~~~~~^~~~~
../Core/Src/lcd1602.c: In function 'lcd_data':
../Core/Src/lcd1602.c:63:45: warning: pointer targets in passing argument 3 of 'HAL_I2C_Master_Transmit' differ in signedness [-Wpointer-sign]
   63 |     HAL_I2C_Master_Transmit(hi2c, I2C_ADDR, dd, 4, 10);
      |                                             ^~
      |                                             |
      |                                             char *
In file included from ../Core/Inc/stm32f4xx_hal_conf.h:363,
                 from ../Drivers/STM32F4xx_HAL_Driver/Inc/stm32f4xx_hal.h:29,
                 from ../Core/Inc/main.h:30,
                 from ../Core/Src/lcd1602.c:8:
../Drivers/STM32F4xx_HAL_Driver/Inc/stm32f4xx_hal_i2c.h:566:98: note: expected 'uint8_t *' {aka 'unsigned char *'} but argument is of type 'char *'
  566 | HAL_StatusTypeDef HAL_I2C_Master_Transmit(I2C_HandleTypeDef *hi2c, uint16_t DevAddress, uint8_t *pData, uint16_t Size, uint32_t Timeout);
      |                                                                                         ~~~~~~~~~^~~~~
../Core/Src/lcd1602.c: In function 'i2c_init':
../Core/Src/lcd1602.c:16:1: warning: control reaches end of non-void function [-Wreturn-type]
   16 | }
      | ^
arm-none-eabi-gcc -o "Test005-LCD-1602.elf" @"objects.list"   -mcpu=cortex-m4 -T"C:\Users\user\source\repos\STM32\Test005-LCD-1602\STM32F411RETX_FLASH.ld" --specs=nosys.specs -Wl,-Map="Test005-LCD-1602.map" -Wl,--gc-sections -static --specs=nano.specs -mfpu=fpv4-sp-d16 -mfloat-abi=hard -mthumb -Wl,--start-group -lc -lm -Wl,--end-group
Finished building target: Test005-LCD-1602.elf
 
arm-none-eabi-size  Test005-LCD-1602.elf 
arm-none-eabi-objdump -h -S Test005-LCD-1602.elf  > "Test005-LCD-1602.list"
   text	   data	    bss	    dec	    hex	filename
  17664	    112	   2064	  19840	   4d80	Test005-LCD-1602.elf
Finished building: default.size.stdout
 
Finished building: Test005-LCD-1602.list
 
11:44:08 **** Incremental Build of configuration Debug for project Test005-LCD-1602 ****
make -j24 all 
arm-none-eabi-gcc "../Core/Src/lcd1602.c" -mcpu=cortex-m4 -std=gnu11 -g3 -DDEBUG -DUSE_HAL_DRIVER -DSTM32F411xE -c -I../Core/Inc -I../Drivers/STM32F4xx_HAL_Driver/Inc -I../Drivers/STM32F4xx_HAL_Driver/Inc/Legacy -I../Drivers/CMSIS/Device/ST/STM32F4xx/Include -I../Drivers/CMSIS/Include -O0 -ffunction-sections -fdata-sections -Wall -fstack-usage -fcyclomatic-complexity -MMD -MP -MF"Core/Src/lcd1602.d" -MT"Core/Src/lcd1602.o" --specs=nano.specs -mfpu=fpv4-sp-d16 -mfloat-abi=hard -mthumb -o "Core/Src/lcd1602.o"
arm-none-eabi-gcc "../Core/Src/main.c" -mcpu=cortex-m4 -std=gnu11 -g3 -DDEBUG -DUSE_HAL_DRIVER -DSTM32F411xE -c -I../Core/Inc -I../Drivers/STM32F4xx_HAL_Driver/Inc -I../Drivers/STM32F4xx_HAL_Driver/Inc/Legacy -I../Drivers/CMSIS/Device/ST/STM32F4xx/Include -I../Drivers/CMSIS/Include -O0 -ffunction-sections -fdata-sections -Wall -fstack-usage -fcyclomatic-complexity -MMD -MP -MF"Core/Src/main.d" -MT"Core/Src/main.o" --specs=nano.specs -mfpu=fpv4-sp-d16 -mfloat-abi=hard -mthumb -o "Core/Src/main.o"
../Core/Src/lcd1602.c: In function 'i2c_scan':
../Core/Src/lcd1602.c:20:20: warning: 'return' with no value, in function returning non-void [-Wreturn-type]
   20 |   if(hi2c == NULL) return;
      |                    ^~~~~~
../Core/Src/lcd1602.c:18:5: note: declared here
   18 | int i2c_scan ()
      |     ^~~~~~~~
../Core/Src/lcd1602.c:25:11: warning: implicit declaration of function 'printf' [-Wimplicit-function-declaration]
   25 |           printf("  %02x", addr);
      |           ^~~~~~
../Core/Src/lcd1602.c:9:1: note: include '<stdio.h>' or provide a declaration of 'printf'
    8 | #include "main.h"
  +++ |+#include <stdio.h>
    9 | //extern I2C_HandleTypeDef *hi2c; // = extern I2C_HandleTypeDef hi2c1; but pointer is better
../Core/Src/lcd1602.c:25:11: warning: incompatible implicit declaration of built-in function 'printf' [-Wbuiltin-declaration-mismatch]
   25 |           printf("  %02x", addr);
      |           ^~~~~~
../Core/Src/lcd1602.c:25:11: note: include '<stdio.h>' or provide a declaration of 'printf'
../Core/Src/lcd1602.c:29:11: warning: incompatible implicit declaration of built-in function 'printf' [-Wbuiltin-declaration-mismatch]
   29 |           printf("  .  ");
      |           ^~~~~~
../Core/Src/lcd1602.c:29:11: note: include '<stdio.h>' or provide a declaration of 'printf'
../Core/Src/lcd1602.c:31:28: warning: incompatible implicit declaration of built-in function 'printf' [-Wbuiltin-declaration-mismatch]
   31 |       if((addr % 16) == 0) printf("\r\n");
      |                            ^~~~~~
../Core/Src/lcd1602.c:31:28: note: include '<stdio.h>' or provide a declaration of 'printf'
../Core/Src/lcd1602.c: In function 'lcd_command':
[...]
../Core/Src/main.c:133:22: error: expected ';' before '}' token
  133 |       HAL_Delay(100);
      |                      ^
      |                      ;
  134 |   }
      |   ~                   
make: *** [Core/Src/subdir.mk:42: Core/Src/main.o] Error 1
"make -j24 all" terminated with exit code 2. Build might be incomplete.
14:28:22 **** Incremental Build of configuration Debug for project Test005-LCD-Mission ****
make -j24 all 
arm-none-eabi-gcc "../Core/Src/main.c" -mcpu=cortex-m4 -std=gnu11 -g3 -DDEBUG -DUSE_HAL_DRIVER -DSTM32F411xE -c -I../Core/Inc -I../Drivers/STM32F4xx_HAL_Driver/Inc -I../Drivers/STM32F4xx_HAL_Driver/Inc/Legacy -I../Drivers/CMSIS/Device/ST/STM32F4xx/Include -I../Drivers/CMSIS/Include -O0 -ffunction-sections -fdata-sections -Wall -fstack-usage -fcyclomatic-complexity -MMD -MP -MF"Core/Src/main.d" -MT"Core/Src/main.o" --specs=nano.specs -mfpu=fpv4-sp-d16 -mfloat-abi=hard -mthumb -o "Core/Src/main.o"
../Core/Src/main.c: In function 'main':
../Core/Src/main.c:109:29: warning: passing argument 2 of 'HAL_ADC_Start_DMA' from incompatible pointer type [-Wincompatible-pointer-types]
  109 |   HAL_ADC_Start_DMA(&hadc1, val, 2);
      |                             ^~~
      |                             |
      |                             short unsigned int *
In file included from ../Core/Inc/stm32f4xx_hal_conf.h:295,
                 from ../Drivers/STM32F4xx_HAL_Driver/Inc/stm32f4xx_hal.h:29,
                 from ../Core/Inc/main.h:30,
                 from ../Core/Src/main.c:20:
../Drivers/STM32F4xx_HAL_Driver/Inc/stm32f4xx_hal_adc.h:594:72: note: expected 'uint32_t *' {aka 'long unsigned int *'} but argument is of type 'short unsigned int *'
  594 | HAL_StatusTypeDef HAL_ADC_Start_DMA(ADC_HandleTypeDef *hadc, uint32_t *pData, uint32_t Length);
      |                                                              ~~~~~~~~~~^~~~~
../Core/Src/main.c:111:3: warning: implicit declaration of function 'ProgramStart' [-Wimplicit-function-declaration]
  111 |   ProgramStart("X, Y to LCD");
      |   ^~~~~~~~~~~~
../Core/Src/main.c:112:3: warning: implicit declaration of function 'i2c_init' [-Wimplicit-function-declaration]
  112 |   i2c_init(&hi2c1);
      |   ^~~~~~~~
../Core/Src/main.c:113:3: warning: implicit declaration of function 'i2c_scan' [-Wimplicit-function-declaration]
  113 |   i2c_scan ();
      |   ^~~~~~~~
../Core/Src/main.c:114:3: warning: implicit declaration of function 'lcd_init' [-Wimplicit-function-declaration]
  114 |   lcd_init();  HAL_Delay(10);
      |   ^~~~~~~~
../Core/Src/main.c:128:7: warning: implicit declaration of function 'sprintf' [-Wimplicit-function-declaration]
  128 |       sprintf(buffer, "x : %04d", val[0]);
      |       ^~~~~~~
../Core/Src/main.c:21:1: note: include '<stdio.h>' or provide a declaration of 'sprintf'
   20 | #include "main.h"
  +++ |+#include <stdio.h>
   21 | 
../Core/Src/main.c:128:7: warning: incompatible implicit declaration of built-in function 'sprintf' [-Wbuiltin-declaration-mismatch]
  128 |       sprintf(buffer, "x : %04d", val[0]);
      |       ^~~~~~~
../Core/Src/main.c:128:7: note: include '<stdio.h>' or provide a declaration of 'sprintf'
../Core/Src/main.c:129:7: warning: implicit declaration of function 'lcd_printEx' [-Wimplicit-function-declaration]
  129 |       lcd_printEx(buffer, 0);
      |       ^~~~~~~~~~~
arm-none-eabi-gcc -o "Test005-LCD-Mission.elf" @"objects.list"   -mcpu=cortex-m4 -T"C:\Users\user\source\repos\STM32\Test005-LCD-Mission\STM32F411RETX_FLASH.ld" --specs=nosys.specs -Wl,-Map="Test005-LCD-Mission.map" -Wl,--gc-sections -static --specs=nano.specs -mfpu=fpv4-sp-d16 -mfloat-abi=hard -mthumb -Wl,--start-group -lc -lm -Wl,--end-group
Finished building target: Test005-LCD-Mission.elf
 
arm-none-eabi-size  Test005-LCD-Mission.elf 
arm-none-eabi-objdump -h -S Test005-LCD-Mission.elf  > "Test005-LCD-Mission.list"
   text	   data	    bss	    dec	    hex	filename
  24060	    112	   2328	  26500	   6784	Test005-LCD-Mission.elf
Finished building: default.size.stdout
 
Finished building: Test005-LCD-Mission.list
 
14:30:08 **** Incremental Build of configuration Debug for project Test005-LCD-Mission ****
make -j24 all 
arm-none-eabi-gcc "../Core/Src/main.c" -mcpu=cortex-m4 -std=gnu11 -g3 -DDEBUG -DUSE_HAL_DRIVER -DSTM32F411xE -c -I../Core/Inc -I../Drivers/STM32F4xx_HAL_Driver/Inc -I../Drivers/STM32F4xx_HAL_Driver/Inc/Legacy -I../Drivers/CMSIS/Device/ST/STM32F4xx/Include -I../Drivers/CMSIS/Include -O0 -ffunction-sections -fdata-sections -Wall -fstack-usage -fcyclomatic-complexity -MMD -MP -MF"Core/Src/main.d" -MT"Core/Src/main.o" --specs=nano.specs -mfpu=fpv4-sp-d16 -mfloat-abi=hard -mthumb -o "Core/Src/main.o"
../Core/Src/main.c: In function 'main':
../Core/Src/main.c:109:29: warning: passing argument 2 of 'HAL_ADC_Start_DMA' from incompatible pointer type [-Wincompatible-pointer-types]
  109 |   HAL_ADC_Start_DMA(&hadc1, val, 2);
      |                             ^~~
      |                             |
      |                             short unsigned int *
In file included from ../Core/Inc/stm32f4xx_hal_conf.h:295,
                 from ../Drivers/STM32F4xx_HAL_Driver/Inc/stm32f4xx_hal.h:29,
                 from ../Core/Inc/main.h:30,
                 from ../Core/Src/main.c:20:
../Drivers/STM32F4xx_HAL_Driver/Inc/stm32f4xx_hal_adc.h:594:72: note: expected 'uint32_t *' {aka 'long unsigned int *'} but argument is of type 'short unsigned int *'
  594 | HAL_StatusTypeDef HAL_ADC_Start_DMA(ADC_HandleTypeDef *hadc, uint32_t *pData, uint32_t Length);
      |                                                              ~~~~~~~~~~^~~~~
../Core/Src/main.c:111:3: warning: implicit declaration of function 'ProgramStart' [-Wimplicit-function-declaration]
  111 |   ProgramStart("X, Y to LCD");
      |   ^~~~~~~~~~~~
../Core/Src/main.c:112:3: warning: implicit declaration of function 'i2c_init' [-Wimplicit-function-declaration]
  112 |   i2c_init(&hi2c1);
      |   ^~~~~~~~
../Core/Src/main.c:113:3: warning: implicit declaration of function 'i2c_scan' [-Wimplicit-function-declaration]
  113 |   i2c_scan ();
      |   ^~~~~~~~
../Core/Src/main.c:114:3: warning: implicit declaration of function 'lcd_init' [-Wimplicit-function-declaration]
  114 |   lcd_init();  HAL_Delay(10);
      |   ^~~~~~~~
../Core/Src/main.c:128:7: warning: implicit declaration of function 'sprintf' [-Wimplicit-function-declaration]
  128 |       sprintf(buffer, "x : %4d", val[0]);
      |       ^~~~~~~
../Core/Src/main.c:21:1: note: include '<stdio.h>' or provide a declaration of 'sprintf'
   20 | #include "main.h"
  +++ |+#include <stdio.h>
   21 | 
../Core/Src/main.c:128:7: warning: incompatible implicit declaration of built-in function 'sprintf' [-Wbuiltin-declaration-mismatch]
  128 |       sprintf(buffer, "x : %4d", val[0]);
      |       ^~~~~~~
../Core/Src/main.c:128:7: note: include '<stdio.h>' or provide a declaration of 'sprintf'
../Core/Src/main.c:129:7: warning: implicit declaration of function 'lcd_printEx' [-Wimplicit-function-declaration]
  129 |       lcd_printEx(buffer, 0);
      |       ^~~~~~~~~~~
arm-none-eabi-gcc -o "Test005-LCD-Mission.elf" @"objects.list"   -mcpu=cortex-m4 -T"C:\Users\user\source\repos\STM32\Test005-LCD-Mission\STM32F411RETX_FLASH.ld" --specs=nosys.specs -Wl,-Map="Test005-LCD-Mission.map" -Wl,--gc-sections -static --specs=nano.specs -mfpu=fpv4-sp-d16 -mfloat-abi=hard -mthumb -Wl,--start-group -lc -lm -Wl,--end-group
Finished building target: Test005-LCD-Mission.elf
 
arm-none-eabi-size  Test005-LCD-Mission.elf 
arm-none-eabi-objdump -h -S Test005-LCD-Mission.elf  > "Test005-LCD-Mission.list"
   text	   data	    bss	    dec	    hex	filename
  24056	    112	   2328	  26496	   6780	Test005-LCD-Mission.elf
Finished building: default.size.stdout
 
Finished building: Test005-LCD-Mission.list
 
14:30:49 **** Incremental Build of configuration Debug for project Test005-LCD-Mission ****
make -j24 all 
arm-none-eabi-gcc "../Core/Src/main.c" -mcpu=cortex-m4 -std=gnu11 -g3 -DDEBUG -DUSE_HAL_DRIVER -DSTM32F411xE -c -I../Core/Inc -I../Drivers/STM32F4xx_HAL_Driver/Inc -I../Drivers/STM32F4xx_HAL_Driver/Inc/Legacy -I../Drivers/CMSIS/Device/ST/STM32F4xx/Include -I../Drivers/CMSIS/Include -O0 -ffunction-sections -fdata-sections -Wall -fstack-usage -fcyclomatic-complexity -MMD -MP -MF"Core/Src/main.d" -MT"Core/Src/main.o" --specs=nano.specs -mfpu=fpv4-sp-d16 -mfloat-abi=hard -mthumb -o "Core/Src/main.o"
../Core/Src/main.c: In function 'main':
../Core/Src/main.c:109:29: warning: passing argument 2 of 'HAL_ADC_Start_DMA' from incompatible pointer type [-Wincompatible-pointer-types]
  109 |   HAL_ADC_Start_DMA(&hadc1, val, 2);
      |                             ^~~
      |                             |
      |                             short unsigned int *
In file included from ../Core/Inc/stm32f4xx_hal_conf.h:295,
                 from ../Drivers/STM32F4xx_HAL_Driver/Inc/stm32f4xx_hal.h:29,
                 from ../Core/Inc/main.h:30,
                 from ../Core/Src/main.c:20:
../Drivers/STM32F4xx_HAL_Driver/Inc/stm32f4xx_hal_adc.h:594:72: note: expected 'uint32_t *' {aka 'long unsigned int *'} but argument is of type 'short unsigned int *'
  594 | HAL_StatusTypeDef HAL_ADC_Start_DMA(ADC_HandleTypeDef *hadc, uint32_t *pData, uint32_t Length);
      |                                                              ~~~~~~~~~~^~~~~
../Core/Src/main.c:111:3: warning: implicit declaration of function 'ProgramStart' [-Wimplicit-function-declaration]
  111 |   ProgramStart("X, Y to LCD");
      |   ^~~~~~~~~~~~
../Core/Src/main.c:112:3: warning: implicit declaration of function 'i2c_init' [-Wimplicit-function-declaration]
  112 |   i2c_init(&hi2c1);
      |   ^~~~~~~~
../Core/Src/main.c:113:3: warning: implicit declaration of function 'i2c_scan' [-Wimplicit-function-declaration]
  113 |   i2c_scan ();
      |   ^~~~~~~~
../Core/Src/main.c:114:3: warning: implicit declaration of function 'lcd_init' [-Wimplicit-function-declaration]
  114 |   lcd_init();  HAL_Delay(10);
      |   ^~~~~~~~
../Core/Src/main.c:128:7: warning: implicit declaration of function 'sprintf' [-Wimplicit-function-declaration]
  128 |       sprintf(buffer, "x : %4d", val[0]);
      |       ^~~~~~~
../Core/Src/main.c:21:1: note: include '<stdio.h>' or provide a declaration of 'sprintf'
   20 | #include "main.h"
  +++ |+#include <stdio.h>
   21 | 
../Core/Src/main.c:128:7: warning: incompatible implicit declaration of built-in function 'sprintf' [-Wbuiltin-declaration-mismatch]
  128 |       sprintf(buffer, "x : %4d", val[0]);
      |       ^~~~~~~
../Core/Src/main.c:128:7: note: include '<stdio.h>' or provide a declaration of 'sprintf'
../Core/Src/main.c:129:7: warning: implicit declaration of function 'lcd_printEx' [-Wimplicit-function-declaration]
  129 |       lcd_printEx(buffer, 0);
      |       ^~~~~~~~~~~
arm-none-eabi-gcc -o "Test005-LCD-Mission.elf" @"objects.list"   -mcpu=cortex-m4 -T"C:\Users\user\source\repos\STM32\Test005-LCD-Mission\STM32F411RETX_FLASH.ld" --specs=nosys.specs -Wl,-Map="Test005-LCD-Mission.map" -Wl,--gc-sections -static --specs=nano.specs -mfpu=fpv4-sp-d16 -mfloat-abi=hard -mthumb -Wl,--start-group -lc -lm -Wl,--end-group
Finished building target: Test005-LCD-Mission.elf
 
arm-none-eabi-size  Test005-LCD-Mission.elf 
arm-none-eabi-objdump -h -S Test005-LCD-Mission.elf  > "Test005-LCD-Mission.list"
   text	   data	    bss	    dec	    hex	filename
  24052	    112	   2328	  26492	   677c	Test005-LCD-Mission.elf
Finished building: default.size.stdout
 
Finished building: Test005-LCD-Mission.list
 
16:45:22 **** Incremental Build of configuration Debug for project Test005-LCD-Mission ****
make -j24 all 
arm-none-eabi-gcc "../Core/Src/main.c" -mcpu=cortex-m4 -std=gnu11 -g3 -DDEBUG -DUSE_HAL_DRIVER -DSTM32F411xE -c -I../Core/Inc -I../Drivers/STM32F4xx_HAL_Driver/Inc -I../Drivers/STM32F4xx_HAL_Driver/Inc/Legacy -I../Drivers/CMSIS/Device/ST/STM32F4xx/Include -I../Drivers/CMSIS/Include -O0 -ffunction-sections -fdata-sections -Wall -fstack-usage -fcyclomatic-complexity -MMD -MP -MF"Core/Src/main.d" -MT"Core/Src/main.o" --specs=nano.specs -mfpu=fpv4-sp-d16 -mfloat-abi=hard -mthumb -o "Core/Src/main.o"
../Core/Src/main.c: In function 'main':
../Core/Src/main.c:109:29: warning: passing argument 2 of 'HAL_ADC_Start_DMA' from incompatible pointer type [-Wincompatible-pointer-types]
  109 |   HAL_ADC_Start_DMA(&hadc1, val, 2);
      |                             ^~~
      |                             |
      |                             short unsigned int *
In file included from ../Core/Inc/stm32f4xx_hal_conf.h:295,
                 from ../Drivers/STM32F4xx_HAL_Driver/Inc/stm32f4xx_hal.h:29,
                 from ../Core/Inc/main.h:30,
                 from ../Core/Src/main.c:20:
../Drivers/STM32F4xx_HAL_Driver/Inc/stm32f4xx_hal_adc.h:594:72: note: expected 'uint32_t *' {aka 'long unsigned int *'} but argument is of type 'short unsigned int *'
  594 | HAL_StatusTypeDef HAL_ADC_Start_DMA(ADC_HandleTypeDef *hadc, uint32_t *pData, uint32_t Length);
      |                                                              ~~~~~~~~~~^~~~~
../Core/Src/main.c:111:3: warning: implicit declaration of function 'ProgramStart' [-Wimplicit-function-declaration]
  111 |   ProgramStart("X, Y to LCD");
      |   ^~~~~~~~~~~~
../Core/Src/main.c:112:3: warning: implicit declaration of function 'i2c_init' [-Wimplicit-function-declaration]
  112 |   i2c_init(&hi2c1);
      |   ^~~~~~~~
../Core/Src/main.c:113:3: warning: implicit declaration of function 'i2c_scan' [-Wimplicit-function-declaration]
  113 |   i2c_scan ();
      |   ^~~~~~~~
../Core/Src/main.c:114:3: warning: implicit declaration of function 'lcd_init' [-Wimplicit-function-declaration]
  114 |   lcd_init();  HAL_Delay(10);
      |   ^~~~~~~~
../Core/Src/main.c:128:7: warning: implicit declaration of function 'sprintf' [-Wimplicit-function-declaration]
  128 |       sprintf(buffer, "Temp : %-6.1f", tm);
      |       ^~~~~~~
../Core/Src/main.c:21:1: note: include '<stdio.h>' or provide a declaration of 'sprintf'
   20 | #include "main.h"
  +++ |+#include <stdio.h>
   21 | 
../Core/Src/main.c:128:7: warning: incompatible implicit declaration of built-in function 'sprintf' [-Wbuiltin-declaration-mismatch]
  128 |       sprintf(buffer, "Temp : %-6.1f", tm);
      |       ^~~~~~~
../Core/Src/main.c:128:7: note: include '<stdio.h>' or provide a declaration of 'sprintf'
../Core/Src/main.c:129:7: warning: implicit declaration of function 'lcd_printEx' [-Wimplicit-function-declaration]
  129 |       lcd_printEx(buffer, 0);
      |       ^~~~~~~~~~~
arm-none-eabi-gcc -o "Test005-LCD-Mission.elf" @"objects.list"   -mcpu=cortex-m4 -T"C:\Users\user\source\repos\STM32\Test005-LCD-Mission\STM32F411RETX_FLASH.ld" --specs=nosys.specs -Wl,-Map="Test005-LCD-Mission.map" -Wl,--gc-sections -static --specs=nano.specs -mfpu=fpv4-sp-d16 -mfloat-abi=hard -mthumb -Wl,--start-group -lc -lm -Wl,--end-group
Finished building target: Test005-LCD-Mission.elf
 
arm-none-eabi-size  Test005-LCD-Mission.elf 
arm-none-eabi-objdump -h -S Test005-LCD-Mission.elf  > "Test005-LCD-Mission.list"
   text	   data	    bss	    dec	    hex	filename
  25624	    112	   2328	  28064	   6da0	Test005-LCD-Mission.elf
Finished building: default.size.stdout
 
Finished building: Test005-LCD-Mission.list
 
16:48:46 **** Incremental Build of configuration Debug for project Test005-LCD-Mission ****
make -j24 all 
arm-none-eabi-gcc -o "Test005-LCD-Mission.elf" @"objects.list"   -mcpu=cortex-m4 -T"C:\Users\user\source\repos\STM32\Test005-LCD-Mission\STM32F411RETX_FLASH.ld" --specs=nosys.specs -Wl,-Map="Test005-LCD-Mission.map" -Wl,--gc-sections -static --specs=nano.specs -mfpu=fpv4-sp-d16 -mfloat-abi=hard -mthumb -u _printf_float -u _scanf_float -Wl,--start-group -lc -lm -Wl,--end-group
Finished building target: Test005-LCD-Mission.elf
 
arm-none-eabi-size  Test005-LCD-Mission.elf 
arm-none-eabi-objdump -h -S Test005-LCD-Mission.elf  > "Test005-LCD-Mission.list"
   text	   data	    bss	    dec	    hex	filename
  41664	    476	   2324	  44464	   adb0	Test005-LCD-Mission.elf
Finished building: default.size.stdout
 
Finished building: Test005-LCD-Mission.list
 
16:49:59 **** Incremental Build of configuration Debug for project Test005-LCD-Mission ****
make -j24 all 
arm-none-eabi-gcc "../Core/Src/main.c" -mcpu=cortex-m4 -std=gnu11 -g3 -DDEBUG -DUSE_HAL_DRIVER -DSTM32F411xE -c -I../Core/Inc -I../Drivers/STM32F4xx_HAL_Driver/Inc -I../Drivers/STM32F4xx_HAL_Driver/Inc/Legacy -I../Drivers/CMSIS/Device/ST/STM32F4xx/Include -I../Drivers/CMSIS/Include -O0 -ffunction-sections -fdata-sections -Wall -fstack-usage -fcyclomatic-complexity -MMD -MP -MF"Core/Src/main.d" -MT"Core/Src/main.o" --specs=nano.specs -mfpu=fpv4-sp-d16 -mfloat-abi=hard -mthumb -o "Core/Src/main.o"
../Core/Src/main.c: In function 'main':
../Core/Src/main.c:109:29: warning: passing argument 2 of 'HAL_ADC_Start_DMA' from incompatible pointer type [-Wincompatible-pointer-types]
  109 |   HAL_ADC_Start_DMA(&hadc1, val, 2);
      |                             ^~~
      |                             |
      |                             short unsigned int *
In file included from ../Core/Inc/stm32f4xx_hal_conf.h:295,
                 from ../Drivers/STM32F4xx_HAL_Driver/Inc/stm32f4xx_hal.h:29,
                 from ../Core/Inc/main.h:30,
                 from ../Core/Src/main.c:20:
../Drivers/STM32F4xx_HAL_Driver/Inc/stm32f4xx_hal_adc.h:594:72: note: expected 'uint32_t *' {aka 'long unsigned int *'} but argument is of type 'short unsigned int *'
  594 | HAL_StatusTypeDef HAL_ADC_Start_DMA(ADC_HandleTypeDef *hadc, uint32_t *pData, uint32_t Length);
      |                                                              ~~~~~~~~~~^~~~~
../Core/Src/main.c:111:3: warning: implicit declaration of function 'ProgramStart' [-Wimplicit-function-declaration]
  111 |   ProgramStart("X, Y to LCD");
      |   ^~~~~~~~~~~~
../Core/Src/main.c:112:3: warning: implicit declaration of function 'i2c_init' [-Wimplicit-function-declaration]
  112 |   i2c_init(&hi2c1);
      |   ^~~~~~~~
../Core/Src/main.c:113:3: warning: implicit declaration of function 'i2c_scan' [-Wimplicit-function-declaration]
  113 |   i2c_scan ();
      |   ^~~~~~~~
../Core/Src/main.c:114:3: warning: implicit declaration of function 'lcd_init' [-Wimplicit-function-declaration]
  114 |   lcd_init();  HAL_Delay(10);
      |   ^~~~~~~~
../Core/Src/main.c:128:7: warning: implicit declaration of function 'sprintf' [-Wimplicit-function-declaration]
  128 |       sprintf(buffer, "Temp : %-6.1f", tm);
      |       ^~~~~~~
../Core/Src/main.c:21:1: note: include '<stdio.h>' or provide a declaration of 'sprintf'
   20 | #include "main.h"
  +++ |+#include <stdio.h>
   21 | 
../Core/Src/main.c:128:7: warning: incompatible implicit declaration of built-in function 'sprintf' [-Wbuiltin-declaration-mismatch]
  128 |       sprintf(buffer, "Temp : %-6.1f", tm);
      |       ^~~~~~~
../Core/Src/main.c:128:7: note: include '<stdio.h>' or provide a declaration of 'sprintf'
../Core/Src/main.c:129:7: warning: implicit declaration of function 'lcd_printEx' [-Wimplicit-function-declaration]
  129 |       lcd_printEx(buffer, 0);
      |       ^~~~~~~~~~~
arm-none-eabi-gcc -o "Test005-LCD-Mission.elf" @"objects.list"   -mcpu=cortex-m4 -T"C:\Users\user\source\repos\STM32\Test005-LCD-Mission\STM32F411RETX_FLASH.ld" --specs=nosys.specs -Wl,-Map="Test005-LCD-Mission.map" -Wl,--gc-sections -static --specs=nano.specs -mfpu=fpv4-sp-d16 -mfloat-abi=hard -mthumb -u _printf_float -u _scanf_float -Wl,--start-group -lc -lm -Wl,--end-group
Finished building target: Test005-LCD-Mission.elf
 
arm-none-eabi-size  Test005-LCD-Mission.elf 
arm-none-eabi-objdump -h -S Test005-LCD-Mission.elf  > "Test005-LCD-Mission.list"
   text	   data	    bss	    dec	    hex	filename
  41672	    476	   2324	  44472	   adb8	Test005-LCD-Mission.elf
Finished building: default.size.stdout
 
Finished building: Test005-LCD-Mission.list
 
