12:33:34 **** Incremental Build of configuration Debug for project Test006-uSonic ****
make -j24 all 
arm-none-eabi-gcc "../Core/Src/main.c" -mcpu=cortex-m4 -std=gnu11 -g3 -DDEBUG -DUSE_HAL_DRIVER -DSTM32F411xE -c -I../Core/Inc -I../Drivers/STM32F4xx_HAL_Driver/Inc -I../Drivers/STM32F4xx_HAL_Driver/Inc/Legacy -I../Drivers/CMSIS/Device/ST/STM32F4xx/Include -I../Drivers/CMSIS/Include -O0 -ffunction-sections -fdata-sections -Wall -fstack-usage -fcyclomatic-complexity -MMD -MP -MF"Core/Src/main.d" -MT"Core/Src/main.o" --specs=nano.specs -mfpu=fpv4-sp-d16 -mfloat-abi=hard -mthumb -o "Core/Src/main.o"
../Core/Src/main.c: In function 'main':
../Core/Src/main.c:92:3: warning: implicit declaration of function 'Programstart' [-Wimplicit-function-declaration]
   92 |   Programstart("Ultra Sonic SR-04(SRF-05)");
      |   ^~~~~~~~~~~~
../Core/Src/main.c:101:7: warning: implicit declaration of function 'delayMicro' [-Wimplicit-function-declaration]
  101 |       delayMicro();
      |       ^~~~~~~~~~
arm-none-eabi-gcc -o "Test006-uSonic.elf" @"objects.list"   -mcpu=cortex-m4 -T"C:\Users\user\source\repos\STM32\Test006-uSonic\STM32F411RETX_FLASH.ld" --specs=nosys.specs -Wl,-Map="Test006-uSonic.map" -Wl,--gc-sections -static --specs=nano.specs -mfpu=fpv4-sp-d16 -mfloat-abi=hard -mthumb -Wl,--start-group -lc -lm -Wl,--end-group
C:/ST/STM32CubeIDE_1.14.1/STM32CubeIDE/plugins/com.st.stm32cube.ide.mcu.externaltools.gnu-tools-for-stm32.11.3.rel1.win32_1.1.100.202309141235/tools/bin/../lib/gcc/arm-none-eabi/11.3.1/../../../../arm-none-eabi/bin/ld.exe: ./Core/Src/main.o: in function `main':
C:/Users/user/source/repos/STM32/Test006-uSonic/Debug/../Core/Src/main.c:92: undefined reference to `Programstart'
C:/ST/STM32CubeIDE_1.14.1/STM32CubeIDE/plugins/com.st.stm32cube.ide.mcu.externaltools.gnu-tools-for-stm32.11.3.rel1.win32_1.1.100.202309141235/tools/bin/../lib/gcc/arm-none-eabi/11.3.1/../../../../arm-none-eabi/bin/ld.exe: C:/Users/user/source/repos/STM32/Test006-uSonic/Debug/../Core/Src/main.c:101: undefined reference to `delayMicro'
collect2.exe: error: ld returned 1 exit status
make: *** [makefile:64: Test006-uSonic.elf] Error 1
"make -j24 all" terminated with exit code 2. Build might be incomplete.
12:34:02 **** Incremental Build of configuration Debug for project Test006-uSonic ****
make -j24 all 
arm-none-eabi-gcc "../Core/Src/main.c" -mcpu=cortex-m4 -std=gnu11 -g3 -DDEBUG -DUSE_HAL_DRIVER -DSTM32F411xE -c -I../Core/Inc -I../Drivers/STM32F4xx_HAL_Driver/Inc -I../Drivers/STM32F4xx_HAL_Driver/Inc/Legacy -I../Drivers/CMSIS/Device/ST/STM32F4xx/Include -I../Drivers/CMSIS/Include -O0 -ffunction-sections -fdata-sections -Wall -fstack-usage -fcyclomatic-complexity -MMD -MP -MF"Core/Src/main.d" -MT"Core/Src/main.o" --specs=nano.specs -mfpu=fpv4-sp-d16 -mfloat-abi=hard -mthumb -o "Core/Src/main.o"
../Core/Src/main.c: In function 'main':
../Core/Src/main.c:92:3: warning: implicit declaration of function 'Programstart' [-Wimplicit-function-declaration]
   92 |   Programstart("Ultra Sonic SR-04(SRF-05)");
      |   ^~~~~~~~~~~~
arm-none-eabi-gcc -o "Test006-uSonic.elf" @"objects.list"   -mcpu=cortex-m4 -T"C:\Users\user\source\repos\STM32\Test006-uSonic\STM32F411RETX_FLASH.ld" --specs=nosys.specs -Wl,-Map="Test006-uSonic.map" -Wl,--gc-sections -static --specs=nano.specs -mfpu=fpv4-sp-d16 -mfloat-abi=hard -mthumb -Wl,--start-group -lc -lm -Wl,--end-group
C:/ST/STM32CubeIDE_1.14.1/STM32CubeIDE/plugins/com.st.stm32cube.ide.mcu.externaltools.gnu-tools-for-stm32.11.3.rel1.win32_1.1.100.202309141235/tools/bin/../lib/gcc/arm-none-eabi/11.3.1/../../../../arm-none-eabi/bin/ld.exe: ./Core/Src/main.o: in function `main':
C:/Users/user/source/repos/STM32/Test006-uSonic/Debug/../Core/Src/main.c:92: undefined reference to `Programstart'
collect2.exe: error: ld returned 1 exit status
make: *** [makefile:64: Test006-uSonic.elf] Error 1
"make -j24 all" terminated with exit code 2. Build might be incomplete.
12:36:27 **** Incremental Build of configuration Debug for project Test006-uSonic ****
make -j24 all 
arm-none-eabi-gcc "../Core/Src/main.c" -mcpu=cortex-m4 -std=gnu11 -g3 -DDEBUG -DUSE_HAL_DRIVER -DSTM32F411xE -c -I../Core/Inc -I../Drivers/STM32F4xx_HAL_Driver/Inc -I../Drivers/STM32F4xx_HAL_Driver/Inc/Legacy -I../Drivers/CMSIS/Device/ST/STM32F4xx/Include -I../Drivers/CMSIS/Include -O0 -ffunction-sections -fdata-sections -Wall -fstack-usage -fcyclomatic-complexity -MMD -MP -MF"Core/Src/main.d" -MT"Core/Src/main.o" --specs=nano.specs -mfpu=fpv4-sp-d16 -mfloat-abi=hard -mthumb -o "Core/Src/main.o"
../Core/Src/main.c: In function 'main':
../Core/Src/main.c:92:3: warning: implicit declaration of function 'ProgramStart' [-Wimplicit-function-declaration]
   92 |   ProgramStart("Ultra Sonic SR-04(SRF-05)");
      |   ^~~~~~~~~~~~
arm-none-eabi-gcc -o "Test006-uSonic.elf" @"objects.list"   -mcpu=cortex-m4 -T"C:\Users\user\source\repos\STM32\Test006-uSonic\STM32F411RETX_FLASH.ld" --specs=nosys.specs -Wl,-Map="Test006-uSonic.map" -Wl,--gc-sections -static --specs=nano.specs -mfpu=fpv4-sp-d16 -mfloat-abi=hard -mthumb -Wl,--start-group -lc -lm -Wl,--end-group
Finished building target: Test006-uSonic.elf
 
arm-none-eabi-size  Test006-uSonic.elf 
arm-none-eabi-objdump -h -S Test006-uSonic.elf  > "Test006-uSonic.list"
   text	   data	    bss	    dec	    hex	filename
  13972	    112	   1976	  16060	   3ebc	Test006-uSonic.elf
Finished building: default.size.stdout
 
Finished building: Test006-uSonic.list
 
14:43:46 **** Incremental Build of configuration Debug for project Test006-uSonic ****
make -j24 all 
arm-none-eabi-gcc "../Drivers/STM32F4xx_HAL_Driver/Src/stm32f4xx_hal.c" -mcpu=cortex-m4 -std=gnu11 -g3 -DDEBUG -DUSE_HAL_DRIVER -DSTM32F411xE -c -I../Core/Inc -I../Drivers/STM32F4xx_HAL_Driver/Inc -I../Drivers/STM32F4xx_HAL_Driver/Inc/Legacy -I../Drivers/CMSIS/Device/ST/STM32F4xx/Include -I../Drivers/CMSIS/Include -O0 -ffunction-sections -fdata-sections -Wall -fstack-usage -fcyclomatic-complexity -MMD -MP -MF"Drivers/STM32F4xx_HAL_Driver/Src/stm32f4xx_hal.d" -MT"Drivers/STM32F4xx_HAL_Driver/Src/stm32f4xx_hal.o" --specs=nano.specs -mfpu=fpv4-sp-d16 -mfloat-abi=hard -mthumb -o "Drivers/STM32F4xx_HAL_Driver/Src/stm32f4xx_hal.o"
arm-none-eabi-gcc "../Drivers/STM32F4xx_HAL_Driver/Src/stm32f4xx_hal_cortex.c" -mcpu=cortex-m4 -std=gnu11 -g3 -DDEBUG -DUSE_HAL_DRIVER -DSTM32F411xE -c -I../Core/Inc -I../Drivers/STM32F4xx_HAL_Driver/Inc -I../Drivers/STM32F4xx_HAL_Driver/Inc/Legacy -I../Drivers/CMSIS/Device/ST/STM32F4xx/Include -I../Drivers/CMSIS/Include -O0 -ffunction-sections -fdata-sections -Wall -fstack-usage -fcyclomatic-complexity -MMD -MP -MF"Drivers/STM32F4xx_HAL_Driver/Src/stm32f4xx_hal_cortex.d" -MT"Drivers/STM32F4xx_HAL_Driver/Src/stm32f4xx_hal_cortex.o" --specs=nano.specs -mfpu=fpv4-sp-d16 -mfloat-abi=hard -mthumb -o "Drivers/STM32F4xx_HAL_Driver/Src/stm32f4xx_hal_cortex.o"
arm-none-eabi-gcc "../Drivers/STM32F4xx_HAL_Driver/Src/stm32f4xx_hal_dma.c" -mcpu=cortex-m4 -std=gnu11 -g3 -DDEBUG -DUSE_HAL_DRIVER -DSTM32F411xE -c -I../Core/Inc -I../Drivers/STM32F4xx_HAL_Driver/Inc -I../Drivers/STM32F4xx_HAL_Driver/Inc/Legacy -I../Drivers/CMSIS/Device/ST/STM32F4xx/Include -I../Drivers/CMSIS/Include -O0 -ffunction-sections -fdata-sections -Wall -fstack-usage -fcyclomatic-complexity -MMD -MP -MF"Drivers/STM32F4xx_HAL_Driver/Src/stm32f4xx_hal_dma.d" -MT"Drivers/STM32F4xx_HAL_Driver/Src/stm32f4xx_hal_dma.o" --specs=nano.specs -mfpu=fpv4-sp-d16 -mfloat-abi=hard -mthumb -o "Drivers/STM32F4xx_HAL_Driver/Src/stm32f4xx_hal_dma.o"
arm-none-eabi-gcc "../Drivers/STM32F4xx_HAL_Driver/Src/stm32f4xx_hal_dma_ex.c" -mcpu=cortex-m4 -std=gnu11 -g3 -DDEBUG -DUSE_HAL_DRIVER -DSTM32F411xE -c -I../Core/Inc -I../Drivers/STM32F4xx_HAL_Driver/Inc -I../Drivers/STM32F4xx_HAL_Driver/Inc/Legacy -I../Drivers/CMSIS/Device/ST/STM32F4xx/Include -I../Drivers/CMSIS/Include -O0 -ffunction-sections -fdata-sections -Wall -fstack-usage -fcyclomatic-complexity -MMD -MP -MF"Drivers/STM32F4xx_HAL_Driver/Src/stm32f4xx_hal_dma_ex.d" -MT"Drivers/STM32F4xx_HAL_Driver/Src/stm32f4xx_hal_dma_ex.o" --specs=nano.specs -mfpu=fpv4-sp-d16 -mfloat-abi=hard -mthumb -o "Drivers/STM32F4xx_HAL_Driver/Src/stm32f4xx_hal_dma_ex.o"
arm-none-eabi-gcc "../Drivers/STM32F4xx_HAL_Driver/Src/stm32f4xx_hal_exti.c" -mcpu=cortex-m4 -std=gnu11 -g3 -DDEBUG -DUSE_HAL_DRIVER -DSTM32F411xE -c -I../Core/Inc -I../Drivers/STM32F4xx_HAL_Driver/Inc -I../Drivers/STM32F4xx_HAL_Driver/Inc/Legacy -I../Drivers/CMSIS/Device/ST/STM32F4xx/Include -I../Drivers/CMSIS/Include -O0 -ffunction-sections -fdata-sections -Wall -fstack-usage -fcyclomatic-complexity -MMD -MP -MF"Drivers/STM32F4xx_HAL_Driver/Src/stm32f4xx_hal_exti.d" -MT"Drivers/STM32F4xx_HAL_Driver/Src/stm32f4xx_hal_exti.o" --specs=nano.specs -mfpu=fpv4-sp-d16 -mfloat-abi=hard -mthumb -o "Drivers/STM32F4xx_HAL_Driver/Src/stm32f4xx_hal_exti.o"
arm-none-eabi-gcc "../Drivers/STM32F4xx_HAL_Driver/Src/stm32f4xx_hal_flash.c" -mcpu=cortex-m4 -std=gnu11 -g3 -DDEBUG -DUSE_HAL_DRIVER -DSTM32F411xE -c -I../Core/Inc -I../Drivers/STM32F4xx_HAL_Driver/Inc -I../Drivers/STM32F4xx_HAL_Driver/Inc/Legacy -I../Drivers/CMSIS/Device/ST/STM32F4xx/Include -I../Drivers/CMSIS/Include -O0 -ffunction-sections -fdata-sections -Wall -fstack-usage -fcyclomatic-complexity -MMD -MP -MF"Drivers/STM32F4xx_HAL_Driver/Src/stm32f4xx_hal_flash.d" -MT"Drivers/STM32F4xx_HAL_Driver/Src/stm32f4xx_hal_flash.o" --specs=nano.specs -mfpu=fpv4-sp-d16 -mfloat-abi=hard -mthumb -o "Drivers/STM32F4xx_HAL_Driver/Src/stm32f4xx_hal_flash.o"
arm-none-eabi-gcc "../Drivers/STM32F4xx_HAL_Driver/Src/stm32f4xx_hal_flash_ex.c" -mcpu=cortex-m4 -std=gnu11 -g3 -DDEBUG -DUSE_HAL_DRIVER -DSTM32F411xE -c -I../Core/Inc -I../Drivers/STM32F4xx_HAL_Driver/Inc -I../Drivers/STM32F4xx_HAL_Driver/Inc/Legacy -I../Drivers/CMSIS/Device/ST/STM32F4xx/Include -I../Drivers/CMSIS/Include -O0 -ffunction-sections -fdata-sections -Wall -fstack-usage -fcyclomatic-complexity -MMD -MP -MF"Drivers/STM32F4xx_HAL_Driver/Src/stm32f4xx_hal_flash_ex.d" -MT"Drivers/STM32F4xx_HAL_Driver/Src/stm32f4xx_hal_flash_ex.o" --specs=nano.specs -mfpu=fpv4-sp-d16 -mfloat-abi=hard -mthumb -o "Drivers/STM32F4xx_HAL_Driver/Src/stm32f4xx_hal_flash_ex.o"
arm-none-eabi-gcc "../Drivers/STM32F4xx_HAL_Driver/Src/stm32f4xx_hal_flash_ramfunc.c" -mcpu=cortex-m4 -std=gnu11 -g3 -DDEBUG -DUSE_HAL_DRIVER -DSTM32F411xE -c -I../Core/Inc -I../Drivers/STM32F4xx_HAL_Driver/Inc -I../Drivers/STM32F4xx_HAL_Driver/Inc/Legacy -I../Drivers/CMSIS/Device/ST/STM32F4xx/Include -I../Drivers/CMSIS/Include -O0 -ffunction-sections -fdata-sections -Wall -fstack-usage -fcyclomatic-complexity -MMD -MP -MF"Drivers/STM32F4xx_HAL_Driver/Src/stm32f4xx_hal_flash_ramfunc.d" -MT"Drivers/STM32F4xx_HAL_Driver/Src/stm32f4xx_hal_flash_ramfunc.o" --specs=nano.specs -mfpu=fpv4-sp-d16 -mfloat-abi=hard -mthumb -o "Drivers/STM32F4xx_HAL_Driver/Src/stm32f4xx_hal_flash_ramfunc.o"
arm-none-eabi-gcc "../Drivers/STM32F4xx_HAL_Driver/Src/stm32f4xx_hal_gpio.c" -mcpu=cortex-m4 -std=gnu11 -g3 -DDEBUG -DUSE_HAL_DRIVER -DSTM32F411xE -c -I../Core/Inc -I../Drivers/STM32F4xx_HAL_Driver/Inc -I../Drivers/STM32F4xx_HAL_Driver/Inc/Legacy -I../Drivers/CMSIS/Device/ST/STM32F4xx/Include -I../Drivers/CMSIS/Include -O0 -ffunction-sections -fdata-sections -Wall -fstack-usage -fcyclomatic-complexity -MMD -MP -MF"Drivers/STM32F4xx_HAL_Driver/Src/stm32f4xx_hal_gpio.d" -MT"Drivers/STM32F4xx_HAL_Driver/Src/stm32f4xx_hal_gpio.o" --specs=nano.specs -mfpu=fpv4-sp-d16 -mfloat-abi=hard -mthumb -o "Drivers/STM32F4xx_HAL_Driver/Src/stm32f4xx_hal_gpio.o"
arm-none-eabi-gcc "../Drivers/STM32F4xx_HAL_Driver/Src/stm32f4xx_hal_pwr.c" -mcpu=cortex-m4 -std=gnu11 -g3 -DDEBUG -DUSE_HAL_DRIVER -DSTM32F411xE -c -I../Core/Inc -I../Drivers/STM32F4xx_HAL_Driver/Inc -I../Drivers/STM32F4xx_HAL_Driver/Inc/Legacy -I../Drivers/CMSIS/Device/ST/STM32F4xx/Include -I../Drivers/CMSIS/Include -O0 -ffunction-sections -fdata-sections -Wall -fstack-usage -fcyclomatic-complexity -MMD -MP -MF"Drivers/STM32F4xx_HAL_Driver/Src/stm32f4xx_hal_pwr.d" -MT"Drivers/STM32F4xx_HAL_Driver/Src/stm32f4xx_hal_pwr.o" --specs=nano.specs -mfpu=fpv4-sp-d16 -mfloat-abi=hard -mthumb -o "Drivers/STM32F4xx_HAL_Driver/Src/stm32f4xx_hal_pwr.o"
arm-none-eabi-gcc "../Drivers/STM32F4xx_HAL_Driver/Src/stm32f4xx_hal_pwr_ex.c" -mcpu=cortex-m4 -std=gnu11 -g3 -DDEBUG -DUSE_HAL_DRIVER -DSTM32F411xE -c -I../Core/Inc -I../Drivers/STM32F4xx_HAL_Driver/Inc -I../Drivers/STM32F4xx_HAL_Driver/Inc/Legacy -I../Drivers/CMSIS/Device/ST/STM32F4xx/Include -I../Drivers/CMSIS/Include -O0 -ffunction-sections -fdata-sections -Wall -fstack-usage -fcyclomatic-complexity -MMD -MP -MF"Drivers/STM32F4xx_HAL_Driver/Src/stm32f4xx_hal_pwr_ex.d" -MT"Drivers/STM32F4xx_HAL_Driver/Src/stm32f4xx_hal_pwr_ex.o" --specs=nano.specs -mfpu=fpv4-sp-d16 -mfloat-abi=hard -mthumb -o "Drivers/STM32F4xx_HAL_Driver/Src/stm32f4xx_hal_pwr_ex.o"
arm-none-eabi-gcc "../Drivers/STM32F4xx_HAL_Driver/Src/stm32f4xx_hal_rcc.c" -mcpu=cortex-m4 -std=gnu11 -g3 -DDEBUG -DUSE_HAL_DRIVER -DSTM32F411xE -c -I../Core/Inc -I../Drivers/STM32F4xx_HAL_Driver/Inc -I../Drivers/STM32F4xx_HAL_Driver/Inc/Legacy -I../Drivers/CMSIS/Device/ST/STM32F4xx/Include -I../Drivers/CMSIS/Include -O0 -ffunction-sections -fdata-sections -Wall -fstack-usage -fcyclomatic-complexity -MMD -MP -MF"Drivers/STM32F4xx_HAL_Driver/Src/stm32f4xx_hal_rcc.d" -MT"Drivers/STM32F4xx_HAL_Driver/Src/stm32f4xx_hal_rcc.o" --specs=nano.specs -mfpu=fpv4-sp-d16 -mfloat-abi=hard -mthumb -o "Drivers/STM32F4xx_HAL_Driver/Src/stm32f4xx_hal_rcc.o"
arm-none-eabi-gcc "../Drivers/STM32F4xx_HAL_Driver/Src/stm32f4xx_hal_rcc_ex.c" -mcpu=cortex-m4 -std=gnu11 -g3 -DDEBUG -DUSE_HAL_DRIVER -DSTM32F411xE -c -I../Core/Inc -I../Drivers/STM32F4xx_HAL_Driver/Inc -I../Drivers/STM32F4xx_HAL_Driver/Inc/Legacy -I../Drivers/CMSIS/Device/ST/STM32F4xx/Include -I../Drivers/CMSIS/Include -O0 -ffunction-sections -fdata-sections -Wall -fstack-usage -fcyclomatic-complexity -MMD -MP -MF"Drivers/STM32F4xx_HAL_Driver/Src/stm32f4xx_hal_rcc_ex.d" -MT"Drivers/STM32F4xx_HAL_Driver/Src/stm32f4xx_hal_rcc_ex.o" --specs=nano.specs -mfpu=fpv4-sp-d16 -mfloat-abi=hard -mthumb -o "Drivers/STM32F4xx_HAL_Driver/Src/stm32f4xx_hal_rcc_ex.o"
arm-none-eabi-gcc "../Drivers/STM32F4xx_HAL_Driver/Src/stm32f4xx_hal_tim.c" -mcpu=cortex-m4 -std=gnu11 -g3 -DDEBUG -DUSE_HAL_DRIVER -DSTM32F411xE -c -I../Core/Inc -I../Drivers/STM32F4xx_HAL_Driver/Inc -I../Drivers/STM32F4xx_HAL_Driver/Inc/Legacy -I../Drivers/CMSIS/Device/ST/STM32F4xx/Include -I../Drivers/CMSIS/Include -O0 -ffunction-sections -fdata-sections -Wall -fstack-usage -fcyclomatic-complexity -MMD -MP -MF"Drivers/STM32F4xx_HAL_Driver/Src/stm32f4xx_hal_tim.d" -MT"Drivers/STM32F4xx_HAL_Driver/Src/stm32f4xx_hal_tim.o" --specs=nano.specs -mfpu=fpv4-sp-d16 -mfloat-abi=hard -mthumb -o "Drivers/STM32F4xx_HAL_Driver/Src/stm32f4xx_hal_tim.o"
arm-none-eabi-gcc "../Drivers/STM32F4xx_HAL_Driver/Src/stm32f4xx_hal_tim_ex.c" -mcpu=cortex-m4 -std=gnu11 -g3 -DDEBUG -DUSE_HAL_DRIVER -DSTM32F411xE -c -I../Core/Inc -I../Drivers/STM32F4xx_HAL_Driver/Inc -I../Drivers/STM32F4xx_HAL_Driver/Inc/Legacy -I../Drivers/CMSIS/Device/ST/STM32F4xx/Include -I../Drivers/CMSIS/Include -O0 -ffunction-sections -fdata-sections -Wall -fstack-usage -fcyclomatic-complexity -MMD -MP -MF"Drivers/STM32F4xx_HAL_Driver/Src/stm32f4xx_hal_tim_ex.d" -MT"Drivers/STM32F4xx_HAL_Driver/Src/stm32f4xx_hal_tim_ex.o" --specs=nano.specs -mfpu=fpv4-sp-d16 -mfloat-abi=hard -mthumb -o "Drivers/STM32F4xx_HAL_Driver/Src/stm32f4xx_hal_tim_ex.o"
arm-none-eabi-gcc "../Drivers/STM32F4xx_HAL_Driver/Src/stm32f4xx_hal_uart.c" -mcpu=cortex-m4 -std=gnu11 -g3 -DDEBUG -DUSE_HAL_DRIVER -DSTM32F411xE -c -I../Core/Inc -I../Drivers/STM32F4xx_HAL_Driver/Inc -I../Drivers/STM32F4xx_HAL_Driver/Inc/Legacy -I../Drivers/CMSIS/Device/ST/STM32F4xx/Include -I../Drivers/CMSIS/Include -O0 -ffunction-sections -fdata-sections -Wall -fstack-usage -fcyclomatic-complexity -MMD -MP -MF"Drivers/STM32F4xx_HAL_Driver/Src/stm32f4xx_hal_uart.d" -MT"Drivers/STM32F4xx_HAL_Driver/Src/stm32f4xx_hal_uart.o" --specs=nano.specs -mfpu=fpv4-sp-d16 -mfloat-abi=hard -mthumb -o "Drivers/STM32F4xx_HAL_Driver/Src/stm32f4xx_hal_uart.o"
arm-none-eabi-gcc "../Core/Src/main.c" -mcpu=cortex-m4 -std=gnu11 -g3 -DDEBUG -DUSE_HAL_DRIVER -DSTM32F411xE -c -I../Core/Inc -I../Drivers/STM32F4xx_HAL_Driver/Inc -I../Drivers/STM32F4xx_HAL_Driver/Inc/Legacy -I../Drivers/CMSIS/Device/ST/STM32F4xx/Include -I../Drivers/CMSIS/Include -O0 -ffunction-sections -fdata-sections -Wall -fstack-usage -fcyclomatic-complexity -MMD -MP -MF"Core/Src/main.d" -MT"Core/Src/main.o" --specs=nano.specs -mfpu=fpv4-sp-d16 -mfloat-abi=hard -mthumb -o "Core/Src/main.o"
arm-none-eabi-gcc "C:/Users/user/source/repos/STM32/myLib/myLib.c" -mcpu=cortex-m4 -std=gnu11 -g3 -DDEBUG -DUSE_HAL_DRIVER -DSTM32F411xE -c -I../Core/Inc -I../Drivers/STM32F4xx_HAL_Driver/Inc -I../Drivers/STM32F4xx_HAL_Driver/Inc/Legacy -I../Drivers/CMSIS/Device/ST/STM32F4xx/Include -I../Drivers/CMSIS/Include -O0 -ffunction-sections -fdata-sections -Wall -fstack-usage -fcyclomatic-complexity -MMD -MP -MF"Core/Src/myLib.d" -MT"Core/Src/myLib.o" --specs=nano.specs -mfpu=fpv4-sp-d16 -mfloat-abi=hard -mthumb -o "Core/Src/myLib.o"
arm-none-eabi-gcc "../Core/Src/stm32f4xx_hal_msp.c" -mcpu=cortex-m4 -std=gnu11 -g3 -DDEBUG -DUSE_HAL_DRIVER -DSTM32F411xE -c -I../Core/Inc -I../Drivers/STM32F4xx_HAL_Driver/Inc -I../Drivers/STM32F4xx_HAL_Driver/Inc/Legacy -I../Drivers/CMSIS/Device/ST/STM32F4xx/Include -I../Drivers/CMSIS/Include -O0 -ffunction-sections -fdata-sections -Wall -fstack-usage -fcyclomatic-complexity -MMD -MP -MF"Core/Src/stm32f4xx_hal_msp.d" -MT"Core/Src/stm32f4xx_hal_msp.o" --specs=nano.specs -mfpu=fpv4-sp-d16 -mfloat-abi=hard -mthumb -o "Core/Src/stm32f4xx_hal_msp.o"
arm-none-eabi-gcc "../Core/Src/stm32f4xx_it.c" -mcpu=cortex-m4 -std=gnu11 -g3 -DDEBUG -DUSE_HAL_DRIVER -DSTM32F411xE -c -I../Core/Inc -I../Drivers/STM32F4xx_HAL_Driver/Inc -I../Drivers/STM32F4xx_HAL_Driver/Inc/Legacy -I../Drivers/CMSIS/Device/ST/STM32F4xx/Include -I../Drivers/CMSIS/Include -O0 -ffunction-sections -fdata-sections -Wall -fstack-usage -fcyclomatic-complexity -MMD -MP -MF"Core/Src/stm32f4xx_it.d" -MT"Core/Src/stm32f4xx_it.o" --specs=nano.specs -mfpu=fpv4-sp-d16 -mfloat-abi=hard -mthumb -o "Core/Src/stm32f4xx_it.o"
arm-none-eabi-gcc "../Core/Src/system_stm32f4xx.c" -mcpu=cortex-m4 -std=gnu11 -g3 -DDEBUG -DUSE_HAL_DRIVER -DSTM32F411xE -c -I../Core/Inc -I../Drivers/STM32F4xx_HAL_Driver/Inc -I../Drivers/STM32F4xx_HAL_Driver/Inc/Legacy -I../Drivers/CMSIS/Device/ST/STM32F4xx/Include -I../Drivers/CMSIS/Include -O0 -ffunction-sections -fdata-sections -Wall -fstack-usage -fcyclomatic-complexity -MMD -MP -MF"Core/Src/system_stm32f4xx.d" -MT"Core/Src/system_stm32f4xx.o" --specs=nano.specs -mfpu=fpv4-sp-d16 -mfloat-abi=hard -mthumb -o "Core/Src/system_stm32f4xx.o"
C:/Users/user/source/repos/STM32/myLib/myLib.c: In function '__io_putchar':
C:/Users/user/source/repos/STM32/myLib/myLib.c:13:31: warning: passing argument 2 of 'HAL_UART_Transmit' from incompatible pointer type [-Wincompatible-pointer-types]
   13 |   HAL_UART_Transmit (&huart2, &ch, 1, 10);
      |                               ^~~
      |                               |
      |                               int *
In file included from ../Core/Inc/stm32f4xx_hal_conf.h:411,
                 from ../Drivers/STM32F4xx_HAL_Driver/Inc/stm32f4xx_hal.h:29,
                 from ../Core/Inc/main.h:30,
                 from C:/Users/user/source/repos/STM32/myLib/myLib.c:7:
../Drivers/STM32F4xx_HAL_Driver/Inc/stm32f4xx_hal_uart.h:745:79: note: expected 'const uint8_t *' {aka 'const unsigned char *'} but argument is of type 'int *'
  745 | HAL_StatusTypeDef HAL_UART_Transmit(UART_HandleTypeDef *huart, const uint8_t *pData, uint16_t Size, uint32_t Timeout);
      |                                                                ~~~~~~~~~~~~~~~^~~~~
../Core/Src/main.c: In function 'main':
../Core/Src/main.c:101:3: warning: implicit declaration of function 'ProgramStart' [-Wimplicit-function-declaration]
  101 |   ProgramStart("Ultra Sonic SR-04(SRF-05)");
      |   ^~~~~~~~~~~~
../Core/Src/main.c:125:7: warning: implicit declaration of function 'printf' [-Wimplicit-function-declaration]
  125 |       printf("Disatance : %f\r\n", distance);
      |       ^~~~~~
../Core/Src/main.c:21:1: note: include '<stdio.h>' or provide a declaration of 'printf'
   20 | #include "main.h"
  +++ |+#include <stdio.h>
   21 | 
C:/Users/user/source/repos/STM32/myLib/myLib.c: In function 'ProgramStart':
../Core/Src/main.c:125:7: warning: incompatible implicit declaration of built-in function 'printf' [-Wbuiltin-declaration-mismatch]
  125 |       printf("Disatance : %f\r\n", distance);
      |       ^~~~~~
C:/Users/user/source/repos/STM32/myLib/myLib.c:30:3: warning: implicit declaration of function 'cls' [-Wimplicit-function-declaration]
   30 |   cls();
      |   ^~~
../Core/Src/main.c:125:7: note: include '<stdio.h>' or provide a declaration of 'printf'
C:/Users/user/source/repos/STM32/myLib/myLib.c:31:3: warning: implicit declaration of function 'Cursor' [-Wimplicit-function-declaration]
   31 |   Cursor(0, 0);
      |   ^~~~~~
C:/Users/user/source/repos/STM32/myLib/myLib.c:32:3: warning: implicit declaration of function 'printf' [-Wimplicit-function-declaration]
   32 |   printf ("Program Name - %s\r\n", str);
      |   ^~~~~~
C:/Users/user/source/repos/STM32/myLib/myLib.c:8:1: note: include '<stdio.h>' or provide a declaration of 'printf'
    7 | #include "main.h"
  +++ |+#include <stdio.h>
    8 | extern UART_HandleTypeDef huart2;
C:/Users/user/source/repos/STM32/myLib/myLib.c:32:3: warning: incompatible implicit declaration of built-in function 'printf' [-Wbuiltin-declaration-mismatch]
   32 |   printf ("Program Name - %s\r\n", str);
      |   ^~~~~~
C:/Users/user/source/repos/STM32/myLib/myLib.c:32:3: note: include '<stdio.h>' or provide a declaration of 'printf'
C:/Users/user/source/repos/STM32/myLib/myLib.c: At top level:
C:/Users/user/source/repos/STM32/myLib/myLib.c:38:6: warning: conflicting types for 'cls'; have 'void()'
   38 | void cls()
      |      ^~~
C:/Users/user/source/repos/STM32/myLib/myLib.c:30:3: note: previous implicit declaration of 'cls' with type 'void()'
   30 |   cls();
      |   ^~~
C:/Users/user/source/repos/STM32/myLib/myLib.c: In function 'cls':
C:/Users/user/source/repos/STM32/myLib/myLib.c:40:3: warning: incompatible implicit declaration of built-in function 'printf' [-Wbuiltin-declaration-mismatch]
   40 |   printf("\033[2J");
      |   ^~~~~~
C:/Users/user/source/repos/STM32/myLib/myLib.c:40:3: note: include '<stdio.h>' or provide a declaration of 'printf'
C:/Users/user/source/repos/STM32/myLib/myLib.c: At top level:
C:/Users/user/source/repos/STM32/myLib/myLib.c:42:6: warning: conflicting types for 'Cursor'; have 'void(int,  int)'
   42 | void Cursor(int x, int y)
      |      ^~~~~~
C:/Users/user/source/repos/STM32/myLib/myLib.c:31:3: note: previous implicit declaration of 'Cursor' with type 'void(int,  int)'
   31 |   Cursor(0, 0);
      |   ^~~~~~
C:/Users/user/source/repos/STM32/myLib/myLib.c: In function 'Cursor':
C:/Users/user/source/repos/STM32/myLib/myLib.c:45:3: warning: implicit declaration of function 'sprintf' [-Wimplicit-function-declaration]
   45 |   sprintf(buf,"\033[%d;%dH", y, x);
      |   ^~~~~~~
C:/Users/user/source/repos/STM32/myLib/myLib.c:45:3: note: include '<stdio.h>' or provide a declaration of 'sprintf'
C:/Users/user/source/repos/STM32/myLib/myLib.c:45:3: warning: incompatible implicit declaration of built-in function 'sprintf' [-Wbuiltin-declaration-mismatch]
C:/Users/user/source/repos/STM32/myLib/myLib.c:45:3: note: include '<stdio.h>' or provide a declaration of 'sprintf'
C:/Users/user/source/repos/STM32/myLib/myLib.c:46:3: warning: implicit declaration of function 'puts' [-Wimplicit-function-declaration]
   46 |   puts(buf);
      |   ^~~~
C:/Users/user/source/repos/STM32/myLib/myLib.c:46:3: note: include '<stdio.h>' or provide a declaration of 'puts'
arm-none-eabi-gcc -o "Test006-uSonic.elf" @"objects.list"   -mcpu=cortex-m4 -T"C:\Users\user\source\repos\STM32\Test006-uSonic\STM32F411RETX_FLASH.ld" --specs=nosys.specs -Wl,-Map="Test006-uSonic.map" -Wl,--gc-sections -static --specs=nano.specs -mfpu=fpv4-sp-d16 -mfloat-abi=hard -mthumb -Wl,--start-group -lc -lm -Wl,--end-group
Finished building target: Test006-uSonic.elf
 
arm-none-eabi-size  Test006-uSonic.elf 
arm-none-eabi-objdump -h -S Test006-uSonic.elf  > "Test006-uSonic.list"
   text	   data	    bss	    dec	    hex	filename
  17264	    112	   2048	  19424	   4be0	Test006-uSonic.elf
Finished building: default.size.stdout
 
Finished building: Test006-uSonic.list
 
14:53:10 **** Incremental Build of configuration Debug for project Test006-uSonic ****
make -j24 all 
arm-none-eabi-gcc "../Core/Src/main.c" -mcpu=cortex-m4 -std=gnu11 -g3 -DDEBUG -DUSE_HAL_DRIVER -DSTM32F411xE -c -I../Core/Inc -I../Drivers/STM32F4xx_HAL_Driver/Inc -I../Drivers/STM32F4xx_HAL_Driver/Inc/Legacy -I../Drivers/CMSIS/Device/ST/STM32F4xx/Include -I../Drivers/CMSIS/Include -O0 -ffunction-sections -fdata-sections -Wall -fstack-usage -fcyclomatic-complexity -MMD -MP -MF"Core/Src/main.d" -MT"Core/Src/main.o" --specs=nano.specs -mfpu=fpv4-sp-d16 -mfloat-abi=hard -mthumb -o "Core/Src/main.o"
../Core/Src/main.c: In function 'main':
../Core/Src/main.c:101:3: warning: implicit declaration of function 'ProgramStart' [-Wimplicit-function-declaration]
  101 |   ProgramStart("Ultra Sonic SR-04(SRF-05)");
      |   ^~~~~~~~~~~~
../Core/Src/main.c:125:7: warning: implicit declaration of function 'printf' [-Wimplicit-function-declaration]
  125 |       printf("Disatance : %f\r\n", distance);
      |       ^~~~~~
../Core/Src/main.c:21:1: note: include '<stdio.h>' or provide a declaration of 'printf'
   20 | #include "main.h"
  +++ |+#include <stdio.h>
   21 | 
../Core/Src/main.c:125:7: warning: incompatible implicit declaration of built-in function 'printf' [-Wbuiltin-declaration-mismatch]
  125 |       printf("Disatance : %f\r\n", distance);
      |       ^~~~~~
../Core/Src/main.c:125:7: note: include '<stdio.h>' or provide a declaration of 'printf'
arm-none-eabi-gcc -o "Test006-uSonic.elf" @"objects.list"   -mcpu=cortex-m4 -T"C:\Users\user\source\repos\STM32\Test006-uSonic\STM32F411RETX_FLASH.ld" --specs=nosys.specs -Wl,-Map="Test006-uSonic.map" -Wl,--gc-sections -static --specs=nano.specs -mfpu=fpv4-sp-d16 -mfloat-abi=hard -mthumb -u _printf_float -u _scanf_float -Wl,--start-group -lc -lm -Wl,--end-group
Finished building target: Test006-uSonic.elf
 
arm-none-eabi-size  Test006-uSonic.elf 
arm-none-eabi-objdump -h -S Test006-uSonic.elf  > "Test006-uSonic.list"
   text	   data	    bss	    dec	    hex	filename
  33384	    476	   2052	  35912	   8c48	Test006-uSonic.elf
Finished building: default.size.stdout
 
Finished building: Test006-uSonic.list
 
14:53:24 **** Incremental Build of configuration Debug for project Test006-uSonic ****
make -j24 all 
arm-none-eabi-size  Test006-uSonic.elf 
   text	   data	    bss	    dec	    hex	filename
  33384	    476	   2052	  35912	   8c48	Test006-uSonic.elf
Finished building: default.size.stdout
 
14:59:47 **** Incremental Build of configuration Debug for project Test006-uSonic ****
make -j24 all 
arm-none-eabi-gcc "../Core/Src/main.c" -mcpu=cortex-m4 -std=gnu11 -g3 -DDEBUG -DUSE_HAL_DRIVER -DSTM32F411xE -c -I../Core/Inc -I../Drivers/STM32F4xx_HAL_Driver/Inc -I../Drivers/STM32F4xx_HAL_Driver/Inc/Legacy -I../Drivers/CMSIS/Device/ST/STM32F4xx/Include -I../Drivers/CMSIS/Include -O0 -ffunction-sections -fdata-sections -Wall -fstack-usage -fcyclomatic-complexity -MMD -MP -MF"Core/Src/main.d" -MT"Core/Src/main.o" --specs=nano.specs -mfpu=fpv4-sp-d16 -mfloat-abi=hard -mthumb -o "Core/Src/main.o"
../Core/Src/main.c: In function 'main':
../Core/Src/main.c:101:3: warning: implicit declaration of function 'ProgramStart' [-Wimplicit-function-declaration]
  101 |   ProgramStart("Ultra Sonic SR-04(SRF-05)");
      |   ^~~~~~~~~~~~
../Core/Src/main.c:126:7: warning: implicit declaration of function 'printf' [-Wimplicit-function-declaration]
  126 |       printf("Disatance : %f\r\n", distance);
      |       ^~~~~~
../Core/Src/main.c:21:1: note: include '<stdio.h>' or provide a declaration of 'printf'
   20 | #include "main.h"
  +++ |+#include <stdio.h>
   21 | 
../Core/Src/main.c:126:7: warning: incompatible implicit declaration of built-in function 'printf' [-Wbuiltin-declaration-mismatch]
  126 |       printf("Disatance : %f\r\n", distance);
      |       ^~~~~~
../Core/Src/main.c:126:7: note: include '<stdio.h>' or provide a declaration of 'printf'
arm-none-eabi-gcc -o "Test006-uSonic.elf" @"objects.list"   -mcpu=cortex-m4 -T"C:\Users\user\source\repos\STM32\Test006-uSonic\STM32F411RETX_FLASH.ld" --specs=nosys.specs -Wl,-Map="Test006-uSonic.map" -Wl,--gc-sections -static --specs=nano.specs -mfpu=fpv4-sp-d16 -mfloat-abi=hard -mthumb -u _printf_float -u _scanf_float -Wl,--start-group -lc -lm -Wl,--end-group
Finished building target: Test006-uSonic.elf
 
arm-none-eabi-size  Test006-uSonic.elf 
arm-none-eabi-objdump -h -S Test006-uSonic.elf  > "Test006-uSonic.list"
   text	   data	    bss	    dec	    hex	filename
  33576	    476	   2052	  36104	   8d08	Test006-uSonic.elf
Finished building: default.size.stdout
 
Finished building: Test006-uSonic.list
 
15:00:02 **** Incremental Build of configuration Debug for project Test006-uSonic ****
make -j24 all 
arm-none-eabi-size  Test006-uSonic.elf 
   text	   data	    bss	    dec	    hex	filename
  33576	    476	   2052	  36104	   8d08	Test006-uSonic.elf
Finished building: default.size.stdout
 
16:24:25 **** Incremental Build of configuration Debug for project Test006-uSonic ****
make -j24 all 
arm-none-eabi-gcc "../Core/Src/main.c" -mcpu=cortex-m4 -std=gnu11 -g3 -DDEBUG -DUSE_HAL_DRIVER -DSTM32F411xE -c -I../Core/Inc -I../Drivers/STM32F4xx_HAL_Driver/Inc -I../Drivers/STM32F4xx_HAL_Driver/Inc/Legacy -I../Drivers/CMSIS/Device/ST/STM32F4xx/Include -I../Drivers/CMSIS/Include -O0 -ffunction-sections -fdata-sections -Wall -fstack-usage -fcyclomatic-complexity -MMD -MP -MF"Core/Src/main.d" -MT"Core/Src/main.o" --specs=nano.specs -mfpu=fpv4-sp-d16 -mfloat-abi=hard -mthumb -o "Core/Src/main.o"
../Core/Src/main.c: In function 'Distance':
../Core/Src/main.c:90:3: warning: this 'while' clause does not guard... [-Wmisleading-indentation]
   90 |   while((HAL_GPIO_ReadPin(Echo_GPIO_Port, Echo_Pin) == 1));
      |   ^~~~~
../Core/Src/main.c:91:5: note: ...this statement, but the latter is misleadingly indented as if it were guarded by the 'while'
   91 |     {
      |     ^
../Core/Src/main.c:80:7: warning: unused variable 't0' [-Wunused-variable]
   80 |   int t0 = 0, t1, t2;
      |       ^~
../Core/Src/main.c: In function 'main':
../Core/Src/main.c:131:3: warning: implicit declaration of function 'ProgramStart' [-Wimplicit-function-declaration]
  131 |   ProgramStart("Ultra Sonic SR-04(SRF-05)");
      |   ^~~~~~~~~~~~
../Core/Src/main.c:141:7: warning: implicit declaration of function 'printf' [-Wimplicit-function-declaration]
  141 |       printf("Disatance : %f\r\n", distance);
      |       ^~~~~~
../Core/Src/main.c:21:1: note: include '<stdio.h>' or provide a declaration of 'printf'
   20 | #include "main.h"
  +++ |+#include <stdio.h>
   21 | 
../Core/Src/main.c:141:7: warning: incompatible implicit declaration of built-in function 'printf' [-Wbuiltin-declaration-mismatch]
  141 |       printf("Disatance : %f\r\n", distance);
      |       ^~~~~~
../Core/Src/main.c:141:7: note: include '<stdio.h>' or provide a declaration of 'printf'
arm-none-eabi-gcc -o "Test006-uSonic.elf" @"objects.list"   -mcpu=cortex-m4 -T"C:\Users\user\source\repos\STM32\Test006-uSonic\STM32F411RETX_FLASH.ld" --specs=nosys.specs -Wl,-Map="Test006-uSonic.map" -Wl,--gc-sections -static --specs=nano.specs -mfpu=fpv4-sp-d16 -mfloat-abi=hard -mthumb -u _printf_float -u _scanf_float -Wl,--start-group -lc -lm -Wl,--end-group
Finished building target: Test006-uSonic.elf
 
arm-none-eabi-size  Test006-uSonic.elf 
arm-none-eabi-objdump -h -S Test006-uSonic.elf  > "Test006-uSonic.list"
   text	   data	    bss	    dec	    hex	filename
  33696	    476	   2052	  36224	   8d80	Test006-uSonic.elf
Finished building: default.size.stdout
 
Finished building: Test006-uSonic.list
 
16:24:29 **** Incremental Build of configuration Debug for project Test006-uSonic ****
make -j24 all 
arm-none-eabi-size  Test006-uSonic.elf 
   text	   data	    bss	    dec	    hex	filename
  33696	    476	   2052	  36224	   8d80	Test006-uSonic.elf
Finished building: default.size.stdout
 
16:25:44 **** Incremental Build of configuration Debug for project Test006-uSonic ****
make -j24 all 
arm-none-eabi-gcc "../Core/Src/main.c" -mcpu=cortex-m4 -std=gnu11 -g3 -DDEBUG -DUSE_HAL_DRIVER -DSTM32F411xE -c -I../Core/Inc -I../Drivers/STM32F4xx_HAL_Driver/Inc -I../Drivers/STM32F4xx_HAL_Driver/Inc/Legacy -I../Drivers/CMSIS/Device/ST/STM32F4xx/Include -I../Drivers/CMSIS/Include -O0 -ffunction-sections -fdata-sections -Wall -fstack-usage -fcyclomatic-complexity -MMD -MP -MF"Core/Src/main.d" -MT"Core/Src/main.o" --specs=nano.specs -mfpu=fpv4-sp-d16 -mfloat-abi=hard -mthumb -o "Core/Src/main.o"
../Core/Src/main.c: In function 'Distance':
../Core/Src/main.c:90:3: warning: this 'while' clause does not guard... [-Wmisleading-indentation]
   90 |   while((HAL_GPIO_ReadPin(Echo_GPIO_Port, Echo_Pin) == 1));
      |   ^~~~~
../Core/Src/main.c:91:5: note: ...this statement, but the latter is misleadingly indented as if it were guarded by the 'while'
   91 |     {
      |     ^
../Core/Src/main.c:80:7: warning: unused variable 't0' [-Wunused-variable]
   80 |   int t0 = 0, t1, t2;
      |       ^~
../Core/Src/main.c: In function 'main':
../Core/Src/main.c:131:3: warning: implicit declaration of function 'ProgramStart' [-Wimplicit-function-declaration]
  131 |   ProgramStart("Ultra Sonic SR-04(SRF-05)");
      |   ^~~~~~~~~~~~
../Core/Src/main.c:141:7: warning: implicit declaration of function 'printf' [-Wimplicit-function-declaration]
  141 |       printf("Disatance : %f\r\n", distance);
      |       ^~~~~~
../Core/Src/main.c:21:1: note: include '<stdio.h>' or provide a declaration of 'printf'
   20 | #include "main.h"
  +++ |+#include <stdio.h>
   21 | 
../Core/Src/main.c:141:7: warning: incompatible implicit declaration of built-in function 'printf' [-Wbuiltin-declaration-mismatch]
  141 |       printf("Disatance : %f\r\n", distance);
      |       ^~~~~~
../Core/Src/main.c:141:7: note: include '<stdio.h>' or provide a declaration of 'printf'
arm-none-eabi-gcc -o "Test006-uSonic.elf" @"objects.list"   -mcpu=cortex-m4 -T"C:\Users\user\source\repos\STM32\Test006-uSonic\STM32F411RETX_FLASH.ld" --specs=nosys.specs -Wl,-Map="Test006-uSonic.map" -Wl,--gc-sections -static --specs=nano.specs -mfpu=fpv4-sp-d16 -mfloat-abi=hard -mthumb -u _printf_float -u _scanf_float -Wl,--start-group -lc -lm -Wl,--end-group
Finished building target: Test006-uSonic.elf
 
arm-none-eabi-size  Test006-uSonic.elf 
arm-none-eabi-objdump -h -S Test006-uSonic.elf  > "Test006-uSonic.list"
   text	   data	    bss	    dec	    hex	filename
  33696	    476	   2052	  36224	   8d80	Test006-uSonic.elf
Finished building: default.size.stdout
 
Finished building: Test006-uSonic.list
 
16:25:47 **** Incremental Build of configuration Debug for project Test006-uSonic ****
make -j24 all 
arm-none-eabi-size  Test006-uSonic.elf 
   text	   data	    bss	    dec	    hex	filename
  33696	    476	   2052	  36224	   8d80	Test006-uSonic.elf
Finished building: default.size.stdout
 
16:26:24 **** Incremental Build of configuration Debug for project Test006-uSonic ****
make -j24 all 
arm-none-eabi-gcc "../Core/Src/main.c" -mcpu=cortex-m4 -std=gnu11 -g3 -DDEBUG -DUSE_HAL_DRIVER -DSTM32F411xE -c -I../Core/Inc -I../Drivers/STM32F4xx_HAL_Driver/Inc -I../Drivers/STM32F4xx_HAL_Driver/Inc/Legacy -I../Drivers/CMSIS/Device/ST/STM32F4xx/Include -I../Drivers/CMSIS/Include -O0 -ffunction-sections -fdata-sections -Wall -fstack-usage -fcyclomatic-complexity -MMD -MP -MF"Core/Src/main.d" -MT"Core/Src/main.o" --specs=nano.specs -mfpu=fpv4-sp-d16 -mfloat-abi=hard -mthumb -o "Core/Src/main.o"
../Core/Src/main.c: In function 'Distance':
../Core/Src/main.c:90:3: warning: this 'while' clause does not guard... [-Wmisleading-indentation]
   90 |   while((HAL_GPIO_ReadPin(Echo_GPIO_Port, Echo_Pin) == 1));
      |   ^~~~~
../Core/Src/main.c:91:5: note: ...this statement, but the latter is misleadingly indented as if it were guarded by the 'while'
   91 |     {
      |     ^
../Core/Src/main.c:80:7: warning: unused variable 't0' [-Wunused-variable]
   80 |   int t0 = 0, t1, t2;
      |       ^~
../Core/Src/main.c: In function 'main':
../Core/Src/main.c:131:3: warning: implicit declaration of function 'ProgramStart' [-Wimplicit-function-declaration]
  131 |   ProgramStart("Ultra Sonic SR-04(SRF-05)");
      |   ^~~~~~~~~~~~
../Core/Src/main.c:141:7: warning: implicit declaration of function 'printf' [-Wimplicit-function-declaration]
  141 |       printf("Disatance : %f\r\n", distance);
      |       ^~~~~~
../Core/Src/main.c:21:1: note: include '<stdio.h>' or provide a declaration of 'printf'
   20 | #include "main.h"
  +++ |+#include <stdio.h>
   21 | 
../Core/Src/main.c:141:7: warning: incompatible implicit declaration of built-in function 'printf' [-Wbuiltin-declaration-mismatch]
  141 |       printf("Disatance : %f\r\n", distance);
      |       ^~~~~~
../Core/Src/main.c:141:7: note: include '<stdio.h>' or provide a declaration of 'printf'
arm-none-eabi-gcc -o "Test006-uSonic.elf" @"objects.list"   -mcpu=cortex-m4 -T"C:\Users\user\source\repos\STM32\Test006-uSonic\STM32F411RETX_FLASH.ld" --specs=nosys.specs -Wl,-Map="Test006-uSonic.map" -Wl,--gc-sections -static --specs=nano.specs -mfpu=fpv4-sp-d16 -mfloat-abi=hard -mthumb -u _printf_float -u _scanf_float -Wl,--start-group -lc -lm -Wl,--end-group
Finished building target: Test006-uSonic.elf
 
arm-none-eabi-size  Test006-uSonic.elf 
arm-none-eabi-objdump -h -S Test006-uSonic.elf  > "Test006-uSonic.list"
   text	   data	    bss	    dec	    hex	filename
  33696	    476	   2052	  36224	   8d80	Test006-uSonic.elf
Finished building: default.size.stdout
 
Finished building: Test006-uSonic.list
 
16:26:35 **** Incremental Build of configuration Debug for project Test006-uSonic ****
make -j24 all 
arm-none-eabi-size  Test006-uSonic.elf 
   text	   data	    bss	    dec	    hex	filename
  33696	    476	   2052	  36224	   8d80	Test006-uSonic.elf
Finished building: default.size.stdout
 
