16:47:08 **** Incremental Build of configuration Debug for project Test003-uart ****
make -j24 all 
arm-none-eabi-gcc "../Core/Src/myLib.c" -mcpu=cortex-m4 -std=gnu11 -g3 -DDEBUG -DUSE_HAL_DRIVER -DSTM32F411xE -c -I../Core/Inc -I../Drivers/STM32F4xx_HAL_Driver/Inc -I../Drivers/STM32F4xx_HAL_Driver/Inc/Legacy -I../Drivers/CMSIS/Device/ST/STM32F4xx/Include -I../Drivers/CMSIS/Include -O0 -ffunction-sections -fdata-sections -Wall -fstack-usage -fcyclomatic-complexity -MMD -MP -MF"Core/Src/myLib.d" -MT"Core/Src/myLib.o" --specs=nano.specs -mfpu=fpv4-sp-d16 -mfloat-abi=hard -mthumb -o "Core/Src/myLib.o"
../Core/Src/myLib.c: In function '__io_putchar':
../Core/Src/myLib.c:13:31: warning: passing argument 2 of 'HAL_UART_Transmit' from incompatible pointer type [-Wincompatible-pointer-types]
   13 |   HAL_UART_Transmit (&huart2, &ch, 1, 10);
      |                               ^~~
      |                               |
      |                               int *
In file included from ../Core/Inc/stm32f4xx_hal_conf.h:411,
                 from ../Drivers/STM32F4xx_HAL_Driver/Inc/stm32f4xx_hal.h:29,
                 from ../Core/Inc/main.h:30,
                 from ../Core/Src/myLib.c:7:
../Drivers/STM32F4xx_HAL_Driver/Inc/stm32f4xx_hal_uart.h:745:79: note: expected 'const uint8_t *' {aka 'const unsigned char *'} but argument is of type 'int *'
  745 | HAL_StatusTypeDef HAL_UART_Transmit(UART_HandleTypeDef *huart, const uint8_t *pData, uint16_t Size, uint32_t Timeout);
      |                                                                ~~~~~~~~~~~~~~~^~~~~
../Core/Src/myLib.c: In function 'ProgramStart':
../Core/Src/myLib.c:30:3: warning: implicit declaration of function 'cls' [-Wimplicit-function-declaration]
   30 |   cls();
      |   ^~~
../Core/Src/myLib.c:31:3: warning: implicit declaration of function 'Cursor' [-Wimplicit-function-declaration]
   31 |   Cursor(0, 0);
      |   ^~~~~~
../Core/Src/myLib.c:32:3: warning: implicit declaration of function 'printf' [-Wimplicit-function-declaration]
   32 |   printf ("Program Name - %s\r\n", str);
      |   ^~~~~~
../Core/Src/myLib.c:8:1: note: include '<stdio.h>' or provide a declaration of 'printf'
    7 | #include "main.h"
  +++ |+#include <stdio.h>
    8 | extern UART_HandleTypeDef huart2;
../Core/Src/myLib.c:32:3: warning: incompatible implicit declaration of built-in function 'printf' [-Wbuiltin-declaration-mismatch]
   32 |   printf ("Program Name - %s\r\n", str);
      |   ^~~~~~
../Core/Src/myLib.c:32:3: note: include '<stdio.h>' or provide a declaration of 'printf'
../Core/Src/myLib.c: At top level:
../Core/Src/myLib.c:38:6: warning: conflicting types for 'cls'; have 'void()'
   38 | void cls()
      |      ^~~
../Core/Src/myLib.c:30:3: note: previous implicit declaration of 'cls' with type 'void()'
   30 |   cls();
      |   ^~~
../Core/Src/myLib.c: In function 'cls':
../Core/Src/myLib.c:40:3: warning: incompatible implicit declaration of built-in function 'printf' [-Wbuiltin-declaration-mismatch]
   40 |   printf("\033[2J");
      |   ^~~~~~
../Core/Src/myLib.c:40:3: note: include '<stdio.h>' or provide a declaration of 'printf'
../Core/Src/myLib.c: At top level:
../Core/Src/myLib.c:42:6: warning: conflicting types for 'Cursor'; have 'void(int,  int)'
   42 | void Cursor(int x, int y)
      |      ^~~~~~
../Core/Src/myLib.c:31:3: note: previous implicit declaration of 'Cursor' with type 'void(int,  int)'
   31 |   Cursor(0, 0);
      |   ^~~~~~
../Core/Src/myLib.c: In function 'Cursor':
../Core/Src/myLib.c:45:3: warning: implicit declaration of function 'sprintf' [-Wimplicit-function-declaration]
   45 |   sprintf(buf,"\033[%d;%dH", y, x);
      |   ^~~~~~~
../Core/Src/myLib.c:45:3: note: include '<stdio.h>' or provide a declaration of 'sprintf'
../Core/Src/myLib.c:45:3: warning: incompatible implicit declaration of built-in function 'sprintf' [-Wbuiltin-declaration-mismatch]
../Core/Src/myLib.c:45:3: note: include '<stdio.h>' or provide a declaration of 'sprintf'
../Core/Src/myLib.c:46:3: warning: implicit declaration of function 'puts' [-Wimplicit-function-declaration]
   46 |   puts(buf);
      |   ^~~~
../Core/Src/myLib.c:46:3: note: include '<stdio.h>' or provide a declaration of 'puts'
arm-none-eabi-gcc -o "Test003-uart.elf" @"objects.list"   -mcpu=cortex-m4 -T"C:\Users\user\source\repos\STM32\Test003-uart\STM32F411RETX_FLASH.ld" --specs=nosys.specs -Wl,-Map="Test003-uart.map" -Wl,--gc-sections -static --specs=nano.specs -mfpu=fpv4-sp-d16 -mfloat-abi=hard -mthumb -u _printf_float -u _scanf_float -Wl,--start-group -lc -lm -Wl,--end-group
Finished building target: Test003-uart.elf
 
arm-none-eabi-size  Test003-uart.elf 
arm-none-eabi-objdump -h -S Test003-uart.elf  > "Test003-uart.list"
   text	   data	    bss	    dec	    hex	filename
  31792	    476	   1980	  34248	   85c8	Test003-uart.elf
Finished building: default.size.stdout
 
Finished building: Test003-uart.list
 

16:47:08 Build Finished. 0 errors, 11 warnings. (took 538ms)

